2025-10-08 21:35:43.553  1161-1788  Tracking                trackingservice                      W  MapDB: Attempt to load with empty list.
2025-10-08 21:35:43.553  1161-1788  Tracking                trackingservice                      W  MapDB: Attempt to load with empty list.
2025-10-08 21:35:43.634  1161-1788  Tracking                trackingservice                      W  MapDB: Attempt to load with empty list.
2025-10-08 21:35:43.634  1161-1788  Tracking                trackingservice                      W  MapDB: Attempt to load with empty list.
2025-10-08 21:35:43.634  1161-1788  Tracking                trackingservice                      W  MapDB: Attempt to load with empty list.
2025-10-08 21:35:43.634  1161-1788  Tracking                trackingservice                      W  MapDB: Attempt to load with empty list.
2025-10-08 21:35:43.698   897-11070 VD628x                  ven....hardware.sensors@1.0-flicker  I  Flicker results: freq 100.000000, max 99.849792, dcr 38.360477, pct 0.087144, idx 0.007140, conf 0.662960, snr -10.326613, svm 0.023932, sus 1
2025-10-08 21:35:43.712  1161-1788  Tracking                trackingservice                      W  MapDB: Attempt to load with empty list.
2025-10-08 21:35:43.712  1161-1788  Tracking                trackingservice                      W  MapDB: Attempt to load with empty list.
2025-10-08 21:35:43.712  1161-1788  Tracking                trackingservice                      W  MapDB: Attempt to load with empty list.
2025-10-08 21:35:43.712  1161-1788  Tracking                trackingservice                      W  MapDB: Attempt to load with empty list.
2025-10-08 21:35:43.793  1161-1788  Tracking                trackingservice                      W  MapDB: Attempt to load with empty list.
2025-10-08 21:35:43.793  1161-1788  Tracking                trackingservice                      W  MapDB: Attempt to load with empty list.
2025-10-08 21:35:43.793  1161-1788  Tracking                trackingservice                      W  MapDB: Attempt to load with empty list.
2025-10-08 21:35:43.793  1161-1788  Tracking                trackingservice                      W  MapDB: Attempt to load with empty list.
2025-10-08 21:35:43.828 14321-14321 [SUI] SocialViewModel   com.oculus.systemux                  E  Failed to fetch current party data
2025-10-08 21:35:43.813     0-0     <no-tag>                kernel                               D  [drm:msm_framebuffer_init [msm_drm]] create framebuffer: dev=0000000000000000, mode_cmd=0000000000000000 (1920x3664@AB24)
2025-10-08 21:35:43.813     0-0     [drm:msm_f...m]] create kernel                               D  FB ID: 56 (0000000000000000)
2025-10-08 21:35:43.813     0-0     [drm:drm_m...ddfb2] [FB kernel                               D  56]
2025-10-08 21:35:43.814     0-0     <no-tag>                kernel                               D  [drm:msm_framebuffer_init [msm_drm]] create framebuffer: dev=0000000000000000, mode_cmd=0000000000000000 (1920x3664@AB24)
2025-10-08 21:35:43.814     0-0     [drm:msm_f...m]] create kernel                               D  FB ID: 60 (0000000000000000)
2025-10-08 21:35:43.814     0-0     [drm:drm_m...ddfb2] [FB kernel                               D  60]
2025-10-08 21:35:43.814     0-0     <no-tag>                kernel                               D  [drm:msm_framebuffer_init [msm_drm]] create framebuffer: dev=0000000000000000, mode_cmd=0000000000000000 (1920x3664@AB24)
2025-10-08 21:35:43.814     0-0     [drm:msm_f...m]] create kernel                               D  FB ID: 183 (0000000000000000)
2025-10-08 21:35:43.814     0-0     [drm:drm_m...ddfb2] [FB kernel                               D  183]
2025-10-08 21:35:43.814     0-0     <no-tag>                kernel                               D  [drm:msm_framebuffer_init [msm_drm]] create framebuffer: dev=0000000000000000, mode_cmd=0000000000000000 (1920x3664@AB24)
2025-10-08 21:35:43.814     0-0     [drm:msm_f...m]] create kernel                               D  FB ID: 227 (0000000000000000)
2025-10-08 21:35:43.814     0-0     [drm:drm_m...ddfb2] [FB kernel                               D  227]
2025-10-08 21:35:43.814     0-0     <no-tag>                kernel                               D  [drm:msm_property_atomic_set [msm_drm]] RETIRE_FENCE_OFFSET - 1
2025-10-08 21:35:43.814     0-0     <no-tag>                kernel                               D  [drm:msm_property_atomic_set [msm_drm]] RETIRE_FENCE - 540435396464
2025-10-08 21:35:43.814     0-0     <no-tag>                kernel                               D  [drm:msm_property_atomic_set [msm_drm]] output_fence - 540435396472
2025-10-08 21:35:43.815     0-0     <no-tag>                kernel                               D  [drm:drm_mode_debug_printmodeline] Modeline "1920x3664x90vid": 90 950019 1920 2030 2054 2142 3664 4912 4914 4928 0x0 0x0
2025-10-08 21:35:43.815     0-0     <no-tag>                kernel                               D  [drm:sde_cp_crtc_check_properties [msm_drm]] no partial update required
2025-10-08 21:35:43.815     0-0     <no-tag>                kernel                               D  [drm:sde_cp_crtc_check_properties [msm_drm]] State dirty list is empty
2025-10-08 21:35:43.815     0-0     [drm:sde_p...m]] FB[56] kernel                               D  iova[0]: fe400000 (0)
2025-10-08 21:35:43.815     0-0     [drm:sde_p...m]] FB[56] kernel                               D  iova[0]: fe400000 (0)
2025-10-08 21:35:43.815     0-0     [drm:msm_a...rm]] start kernel                               D  00000001
2025-10-08 21:35:43.815     0-0     <no-tag>                kernel                               D  [drm:sde_cp_crtc_apply_properties [msm_drm]] no partial update required
2025-10-08 21:35:43.816     0-0     <no-tag>                kernel                               D  [drm:_sde_cp_crtc_commit_feature [msm_drm]] Add feature to active list 195
2025-10-08 21:35:43.816     0-0     <no-tag>                kernel                               D  [drm:_sde_cp_crtc_commit_feature [msm_drm]] Add feature to active list 196
2025-10-08 21:35:43.816     0-0     <no-tag>                kernel                               D  [drm:msm_property_pop_dirty [msm_drm]] property 11 dirty
2025-10-08 21:35:43.816     0-0     <no-tag>                kernel                               D  [drm:msm_property_pop_dirty [msm_drm]] property 10 dirty
2025-10-08 21:35:43.824     0-0     [drm:compl..._drm]] end kernel                               D  00000001
2025-10-08 21:35:43.824     0-0     <no-tag>                kernel                               D  [drm:msm_framebuffer_init [msm_drm]] create framebuffer: dev=0000000000000000, mode_cmd=0000000000000000 (1920x3664@AB24)
2025-10-08 21:35:43.824     0-0     [drm:msm_f...m]] create kernel                               D  FB ID: 228 (0000000000000000)
2025-10-08 21:35:43.824     0-0     [drm:drm_m...ddfb2] [FB kernel                               D  228]
2025-10-08 21:35:43.824     0-0     <no-tag>                kernel                               D  [drm:msm_framebuffer_init [msm_drm]] create framebuffer: dev=0000000000000000, mode_cmd=0000000000000000 (1920x3664@AB24)
2025-10-08 21:35:43.824     0-0     [drm:msm_f...m]] create kernel                               D  FB ID: 231 (0000000000000000)
2025-10-08 21:35:43.824     0-0     [drm:drm_m...ddfb2] [FB kernel                               D  231]
2025-10-08 21:35:43.824     0-0     <no-tag>                kernel                               D  [drm:msm_framebuffer_init [msm_drm]] create framebuffer: dev=0000000000000000, mode_cmd=0000000000000000 (1920x3664@AB24)
2025-10-08 21:35:43.824     0-0     [drm:msm_f...m]] create kernel                               D  FB ID: 232 (0000000000000000)
2025-10-08 21:35:43.824     0-0     [drm:drm_m...ddfb2] [FB kernel                               D  232]
2025-10-08 21:35:43.824     0-0     <no-tag>                kernel                               D  [drm:msm_framebuffer_init [msm_drm]] create framebuffer: dev=0000000000000000, mode_cmd=0000000000000000 (1920x3664@AB24)
2025-10-08 21:35:43.824     0-0     [drm:msm_f...m]] create kernel                               D  FB ID: 233 (0000000000000000)
2025-10-08 21:35:43.824     0-0     [drm:drm_m...ddfb2] [FB kernel                               D  233]
2025-10-08 21:35:43.825     0-0     <no-tag>                kernel                               D  [drm:msm_property_atomic_set [msm_drm]] RETIRE_FENCE_OFFSET - 1
2025-10-08 21:35:43.825     0-0     <no-tag>                kernel                               D  [drm:msm_property_atomic_set [msm_drm]] RETIRE_FENCE - 540435396464
2025-10-08 21:35:43.825     0-0     <no-tag>                kernel                               D  [drm:msm_property_atomic_set [msm_drm]] output_fence - 540435396472
2025-10-08 21:35:43.825     0-0     <no-tag>                kernel                               D  [drm:drm_mode_debug_printmodeline] Modeline "1920x3664x90vid": 90 950019 1920 2030 2054 2142 3664 4912 4914 4928 0x0 0x0
2025-10-08 21:35:43.825     0-0     <no-tag>                kernel                               D  [drm:sde_cp_crtc_check_properties [msm_drm]] no partial update required
2025-10-08 21:35:43.825     0-0     <no-tag>                kernel                               D  [drm:sde_cp_crtc_check_properties [msm_drm]] State dirty list is empty
2025-10-08 21:35:43.825     0-0     [drm:sde_p...]] FB[228] kernel                               D  iova[0]: fe400000 (0)
2025-10-08 21:35:43.825     0-0     [drm:sde_p...]] FB[228] kernel                               D  iova[0]: fe400000 (0)
2025-10-08 21:35:43.825     0-0     [drm:msm_a...rm]] start kernel                               D  00000001
2025-10-08 21:35:43.825     0-0     <no-tag>                kernel                               D  [drm:sde_cp_crtc_apply_properties [msm_drm]] no partial update required
2025-10-08 21:35:43.826     0-0     <no-tag>                kernel                               D  [drm:_sde_cp_crtc_commit_feature [msm_drm]] Add feature to active list 195
2025-10-08 21:35:43.826     0-0     <no-tag>                kernel                               D  [drm:_sde_cp_crtc_commit_feature [msm_drm]] Add feature to active list 196
2025-10-08 21:35:43.826     0-0     <no-tag>                kernel                               D  [drm:msm_property_pop_dirty [msm_drm]] property 11 dirty
2025-10-08 21:35:43.826     0-0     <no-tag>                kernel                               D  [drm:msm_property_pop_dirty [msm_drm]] property 10 dirty
2025-10-08 21:35:43.835     0-0     [drm:compl..._drm]] end kernel                               D  00000001
2025-10-08 21:35:43.864  1161-11109 Tracking                trackingservice                      I  RateDownsampler: Stats: Number of valid framesets = 14 in this active window
2025-10-08 21:35:43.865  1160-6203  TrackingFidelityService trackingfidelityservice              W  Fidelity data undefined in catalog for enabling feature mr_passthrough
2025-10-08 21:35:43.865  1160-6203  TrackingFidelityService trackingfidelityservice              W  Fidelity data undefined in catalog for enabling feature mr_passthrough
2025-10-08 21:35:43.865  1160-6203  TrackingFidelityService trackingfidelityservice              I  Request(s)={rgb_ocal:0,mr_passthrough:3,pt_display_sync:0,low_latency_pt:0,}, Mux mode idx=2, name=ocalOff, score=-1980
2025-10-08 21:35:43.865  1160-6203  TrackingFidelityService trackingfidelityservice              I  beginTransition[color]: default(1)->ocalOff(2)
2025-10-08 21:35:43.865  1160-6203  TrackingFidelityService trackingfidelityservice              I  _applyMuxModeLockedInternal: Applying camera mux mode ocalOff via requestFeaturesWithFidelitiesLocked
2025-10-08 21:35:43.865   898-1153  SensorService           ven....hardware.sensors@1.0-service  I  [color] Setting camera mux mode to 2
2025-10-08 21:35:43.865   898-1153  SensorService           ven....hardware.sensors@1.0-service  I  updating CameraStream mux states
2025-10-08 21:35:43.865  1138-1218  SensorDataTransforms    cam2_bridge                          I  [CameraStreamControl:cam2bridge] Staging mux mode updates for {color: ind-2, seqId-1446},
2025-10-08 21:35:43.865  1138-1218  SensorDataTransforms    cam2_bridge                          I  [CameraStreamControl:cam2bridge] Mux mode updates succesfully staged
2025-10-08 21:35:43.865   898-1153  SensorService           ven....hardware.sensors@1.0-service  I  ending update to CameraStream mux states
2025-10-08 21:35:43.865   898-1153  FrameSetDispatcher      ven....hardware.sensors@1.0-service  I  [{4,13},{5,13}] Client pid=1141 (MrSSCamS): [color] Updated CameraMuxMode: 2, Slots: SLOT_0 
2025-10-08 21:35:43.865   898-1153  FrameSetDispatcher      ven....hardware.sensors@1.0-service  I  [{4,13},{5,13}] Client pid=1161 (IOT): [color] Updated CameraMuxMode: 2, Slots: 
2025-10-08 21:35:43.865   898-1153  FrameSetDispatcher      ven....hardware.sensors@1.0-service  I  [{4,13},{5,13}] Latest MuxModeSettings: 2
2025-10-08 21:35:43.865   898-1153  FrameSetDispatcher      ven....hardware.sensors@1.0-service  I  [{4,13},{5,13}] purpose: passthrough, slots: SLOT_0 
2025-10-08 21:35:43.865   898-1153  FrameSetDispatcher      ven....hardware.sensors@1.0-service  I  [{4,13},{5,13}] purpose: ocal, slots: 
2025-10-08 21:35:43.865   898-1153  FrameSetDispatcher      ven....hardware.sensors@1.0-service  I  [{4,13},{5,13}] purpose: cam2bridge, slots: SLOT_0 
2025-10-08 21:35:43.865   898-1153  FrameSetDispatcher      ven....hardware.sensors@1.0-service  I  [{4,13},{5,13}] purpose: active_slots, slots: SLOT_0 
2025-10-08 21:35:43.865   898-1153  SensorService           ven....hardware.sensors@1.0-service  W  [color] Skipped updateSyncbossFrameTag - no updater or override provided
2025-10-08 21:35:43.865  1141-1429  SensorDataTransforms    mrsystemservice                      I  [CameraStreamControl:passthrough] Staging mux mode updates for {color: ind-2, seqId-1446},
2025-10-08 21:35:43.866  1141-1429  SensorDataTransforms    mrsystemservice                      I  [CameraStreamControl:passthrough] Signaling start of the mode transition
2025-10-08 21:35:43.866  1141-1429  SensorDataTransforms    mrsystemservice                      I  [CameraStreamControl:passthrough] Mux mode updates succesfully staged
2025-10-08 21:35:43.866  1161-14006 SensorDataTransforms    trackingservice                      I  [iot:ocal] Staging mux mode updates for {color: ind-2, seqId-1446},
2025-10-08 21:35:43.866  1161-14006 SensorDataTransforms    trackingservice                      I  [iot:ocal] Signaling start of the mode transition
2025-10-08 21:35:43.866  1161-14006 TrackingService         trackingservice                      I  [iot:ocal] Start configuration update starting
2025-10-08 21:35:43.866  1161-14006 TrackingService         trackingservice                      I  [iot:ocal] Start configuration update done
2025-10-08 21:35:43.866  1161-14006 SensorDataTransforms    trackingservice                      I  [iot:ocal] Mux mode updates succesfully staged
2025-10-08 21:35:43.866  1161-14006 TrackingService         trackingservice                      D  [iot:ocal]Queue mux mode update notification: ocalOff
2025-10-08 21:35:43.866  1161-1793  TrackingService         trackingservice                      D  [ocal]start onMuxStateUpdate. ModeId: default -> ocalOff
2025-10-08 21:35:43.866  1161-1793  TrackingService         trackingservice                      D  [iot][ocal]handleMuxModeNotification started for muxMode[color: ocalOff]
2025-10-08 21:35:43.866   898-1153  CameraStream            ven....hardware.sensors@1.0-service  D  [ocal] Client [IOT(1161)] attempting stop
2025-10-08 21:35:43.866   898-1153  FrameSetDispatcher      ven....hardware.sensors@1.0-service  I  [{4,13},{5,13}] Client pid=1161 (IOT): Client thread stopping
2025-10-08 21:35:43.873   898-1153  CameraClientManager     ven....hardware.sensors@1.0-service  I  [IOT(1161)][ocal] client stopped (estimated 0 started clients remaining)
2025-10-08 21:35:43.873   898-1153  CameraClientManager     ven....hardware.sensors@1.0-service  I  [[IOT(1161)][ocal]] definitely stopping stream
2025-10-08 21:35:43.873   898-1153  FrameSetCollator        ven....hardware.sensors@1.0-service  I  [{4,13},{5,13}] Skipping stop, start count: 1
2025-10-08 21:35:43.873   898-1153  CameraClientManager     ven....hardware.sensors@1.0-service  I  [[IOT(1161)][ocal]] stream stop completed
2025-10-08 21:35:43.873   898-1153  CameraStream            ven....hardware.sensors@1.0-service  D  [ocal] Client [IOT(1161)]: stop complete
2025-10-08 21:35:43.874  1161-1788  Tracking                trackingservice                      W  MapDB: Attempt to load with empty list.
2025-10-08 21:35:43.874  1161-1788  Tracking                trackingservice                      W  MapDB: Attempt to load with empty list.
2025-10-08 21:35:43.874  1161-1788  Tracking                trackingservice                      W  MapDB: Attempt to load with empty list.
2025-10-08 21:35:43.874  1161-1788  Tracking                trackingservice                      W  MapDB: Attempt to load with empty list.
2025-10-08 21:35:43.874  1161-1793  TrackingService         trackingservice                      D  [iot][ocal]handleMuxModeNotification finished for muxMode[color: ocalOff]
2025-10-08 21:35:43.874  1161-1793  TrackingService         trackingservice                      D  [ocal]end onMuxStateUpdate. ModeId: default -> ocalOff
2025-10-08 21:35:43.874  1161-1793  TrackingService         trackingservice                      I  [                        iot:ocal] Mux Mode Transition from sensor service: default -> ocalOff transition time: 8 ms
2025-10-08 21:35:43.880  1160-1222  TrackingFidelityService trackingfidelityservice              I  endTransition[color]: default(1)->ocalOff(2), seqId=1446, succeeded=true
2025-10-08 21:35:43.884   898-1341  FrameSetDispatcher      ven....hardware.sensors@1.0-service  I  [{4,13},{5,13}] 1 older Mux Mode settings are removed.
2025-10-08 21:35:43.884   898-11629 FrameSetDispatcher      ven....hardware.sensors@1.0-service  I  [{4,13},{5,13}] Client pid=1141 (MrSSCamS): Remove old Mux Mode 1: slot indices: SLOT_0 
2025-10-08 21:35:43.884  1141-11627 MRSS                    mrsystemservice                      I  MIXEDREALITY: MrFrameSetConsumerBase: finishConfigurationUpdate: frameType=3 sensor_config_gamma=0.4545454545454545 hardcoded_gamma(used_in_prod)=0.45454543828964233.
2025-10-08 21:35:43.941  1161-1785  BrokerMeth...UNTIMEIPC] trackingservice                      I  EnsureServiceStarted: SPS userMode is already IPC_USER_CURRENT
2025-10-08 21:35:43.942  1457-3504  RuntimeIpcHelperService system_server                        I  Going to start ComponentInfo{com.facebook.spatial_persistence_service/com.facebook.spatial_persistence_service.AnchorPersistenceService} as foreground, Calling uid: 1000 pid: 1161
2025-10-08 21:35:43.943  4337-4337  AnchorPers...nceService com...k.spatial_persistence_service  D  onStartCommand()
2025-10-08 21:35:43.943  1161-1788  Tracking                trackingservice                      W  MapDB: Attempt to load with empty list.
2025-10-08 21:35:43.943  1161-1788  Tracking                trackingservice                      W  MapDB: Attempt to load with empty list.
2025-10-08 21:35:43.943  1161-1788  Tracking                trackingservice                      W  MapDB: Attempt to load with empty list.
2025-10-08 21:35:43.943  1161-1788  Tracking                trackingservice                      W  MapDB: Attempt to load with empty list.
2025-10-08 21:35:43.943  4337-7954  [CT]                    com...k.spatial_persistence_service  I  SP:AP:AnchorPersistenceConfig: PreferencesManager: has_seen_spatial_data_sharing_notice_v2: true
2025-10-08 21:35:43.945  4337-7954  [CT]                    com...k.spatial_persistence_service  I  SP:AP:AnchorPersistenceConfig: PreferencesManager: spatial_data_sharing_enabled: true
2025-10-08 21:35:43.945  4337-7954  [CT]                    com...k.spatial_persistence_service  I  SP:AP:AnchorPersistenceConfig: getCloudPermissionEnabledVps: userPreference(anchor_persistence_cloud_anchor_service_enabled_vps)=true, cloudPermissionOverride: -1
2025-10-08 21:35:43.947  4337-8058  [CT]                    com...k.spatial_persistence_service  I  SlamAnchorPersistenceRuntimeIpcClient: SlamAnchorPersistenceRuntimeIpcClient: Get Features Query took 0.002139896 s. Query timestamp = 196372846918555
2025-10-08 21:35:43.947  4337-14340 [CT]                    com...k.spatial_persistence_service  W  SP:VpsModule:RequestHandler: Dropping new query due to rate limiting. event uuid: c291c849-5a19-c8c4-b9e0-f766d4b780e1
2025-10-08 21:35:43.947  4337-14340 [CT]                    com...k.spatial_persistence_service  I  SP:VpsModule:RequestHandler: VPS request finished event uuid: c291c849-5a19-c8c4-b9e0-f766d4b780e1
2025-10-08 21:35:43.947  4337-14340 [CT]                    com...k.spatial_persistence_service  E  SP:VpsModule:TelemertyReporter: VPS request failed with vps error code: 40000 event uuid: c291c849-5a19-c8c4-b9e0-f766d4b780e1
2025-10-08 21:35:44.010  3627-11138 VrApi                   com.oculus.vrshell                   I  FPS=90/90,Prd=33ms,Tear=0,Early=0,Stale=0,Stale2/5/10/max=0/0/0/0,VSnc=1,Lat=-1,Fov=0,CPU4/GPU=3/3,1651/492MHz,OC=3F,TA=0/0/0,SP=N/N/N,Mem=3196MHz,Free=2958MB,PLS=0,Temp=28.0C/0.0C,TW=1.84ms,App=6.36ms,GD=0.61ms,CPU&GPU=15.74ms,LCnt=8(DR90,LM6),GPU%=0.84,CPU%=0.37(W0.39),CFL=11.22/14.48,ICFLp95=13.21,LD=0,SF=1.00,LP=0,DVFS=0,ShrpLCnt=3,ShrpR=0.000,SSLCnt=2/4
2025-10-08 21:35:44.020  2824-11760 HorizonDsatHelper       com.oculus.horizon                   I  fetchTokenValueAsync - callingPackage: com.oculus.horizon, actionName: com.oculus.auth.ACTION_FETCH_HORIZON_DEVICE_SCOPED_CREDENTIALS
2025-10-08 21:35:44.021  2824-11760 HorizonDsatHelper       com.oculus.horizon                   I  fetchTokenAsync - forceRefresh: false, actionName: com.oculus.auth.ACTION_FETCH_HORIZON_DEVICE_SCOPED_CREDENTIALS
2025-10-08 21:35:44.021  2824-11760 HorizonDsatHelper       com.oculus.horizon                   I  Returning stored token
2025-10-08 21:35:44.021  2824-11760 AuthLogger              com.oculus.horizon                   I  Action succeeded: OBTAIN_TOKEN, callingPackage: com.oculus.horizon, accountType: com.oculus, tokenType: dsat, extras: {logging_source=HorizonDsatHelper, options={"forceRefresh":false,"method":"fetchTokenValueAsync","isCachedToken":true}, token_scope=ROOT, outcome=token, status=success}, duration: 0ms
2025-10-08 21:35:44.021  2824-11760 HorizonDsatHelper       com.oculus.horizon                   I  fetchTokenAsync:: OnResult - callingPackage: com.oculus.horizon, actionName: com.oculus.auth.ACTION_FETCH_HORIZON_DEVICE_SCOPED_CREDENTIALS, forceRefresh: false, isResultPresent: true
2025-10-08 21:35:44.022  1161-1788  Tracking                trackingservice                      W  MapDB: Attempt to load with empty list.
2025-10-08 21:35:44.022  1161-1788  Tracking                trackingservice                      W  MapDB: Attempt to load with empty list.
2025-10-08 21:35:44.022  1161-1788  Tracking                trackingservice                      W  MapDB: Attempt to load with empty list.
2025-10-08 21:35:44.022  1161-1788  Tracking                trackingservice                      W  MapDB: Attempt to load with empty list.
2025-10-08 21:35:44.101  1161-1788  Tracking                trackingservice                      W  MapDB: Attempt to load with empty list.
2025-10-08 21:35:44.101  1161-1788  Tracking                trackingservice                      W  MapDB: Attempt to load with empty list.
2025-10-08 21:35:44.101  1161-1788  Tracking                trackingservice                      W  MapDB: Attempt to load with empty list.
2025-10-08 21:35:44.101  1161-1788  Tracking                trackingservice                      W  MapDB: Attempt to load with empty list.
2025-10-08 21:35:44.181  1161-1788  Tracking                trackingservice                      W  MapDB: Attempt to load with empty list.
2025-10-08 21:35:44.181  1161-1788  Tracking                trackingservice                      W  MapDB: Attempt to load with empty list.
2025-10-08 21:35:44.181  1161-1788  Tracking                trackingservice                      W  MapDB: Attempt to load with empty list.
2025-10-08 21:35:44.181  1161-1788  Tracking                trackingservice                      W  MapDB: Attempt to load with empty list.
2025-10-08 21:35:44.261  1161-1788  Tracking                trackingservice                      W  MapDB: Attempt to load with empty list.
2025-10-08 21:35:44.261  1161-1788  Tracking                trackingservice                      W  MapDB: Attempt to load with empty list.
2025-10-08 21:35:44.261  1161-1788  Tracking                trackingservice                      W  MapDB: Attempt to load with empty list.
2025-10-08 21:35:44.261  1161-1788  Tracking                trackingservice                      W  MapDB: Attempt to load with empty list.
2025-10-08 21:35:44.266   898-11636 libcamerahal            ven....hardware.sensors@1.0-service  I  [INSIGHTS][2.03s] recv/ret/req heartbeat: cam4: 101/101/101, cam5: 101/101/101
2025-10-08 21:35:44.341  1161-1788  Tracking                trackingservice                      W  MapDB: Attempt to load with empty list.
2025-10-08 21:35:44.341  1161-1788  Tracking                trackingservice                      W  MapDB: Attempt to load with empty list.
2025-10-08 21:35:44.341  1161-1788  Tracking                trackingservice                      W  MapDB: Attempt to load with empty list.
2025-10-08 21:35:44.341  1161-1788  Tracking                trackingservice                      W  MapDB: Attempt to load with empty list.
2025-10-08 21:35:44.397  1141-1453  MRSS                    mrsystemservice                      I  BOLT:HexagonTelemetry: Global DSP utilization: 45.20% (2261 / 5003 ms), Scalar Util: 84.97%, HVX Util: 55.81%, HMX Util: 18.88%, DMA Active: 0.00%, Freq: 787.2 MHz
2025-10-08 21:35:44.397  1141-1453  MRSS                    mrsystemservice                      I  boltlib: Logging Rpc stats (detailed=false, onAbort=false)
2025-10-08 21:35:44.397  1141-1453  MRSS                    mrsystemservice                      I  boltlib: DSP Rpc stats over 5003 ms: {"HexagonCvpPreprocessorCompute":125,"zelda_qvga_boltnn_delegate":125}
2025-10-08 21:35:44.422  1161-1788  Tracking                trackingservice                      W  MapDB: Attempt to load with empty list.
2025-10-08 21:35:44.422  1161-1788  Tracking                trackingservice                      W  MapDB: Attempt to load with empty list.
2025-10-08 21:35:44.422  1161-1788  Tracking                trackingservice                      W  MapDB: Attempt to load with empty list.
2025-10-08 21:35:44.422  1161-1788  Tracking                trackingservice                      W  MapDB: Attempt to load with empty list.
2025-10-08 21:35:44.428   897-11070 VD628x                  ven....hardware.sensors@1.0-flicker  I  Flicker results: freq 100.000000, max 99.923256, dcr 38.360477, pct 0.090848, idx 0.007230, conf 0.674373, snr -10.092316, svm 0.025159, sus 1
2025-10-08 21:35:44.461  1161-1770  Tracking                trackingservice                      I  BOLT:HexagonTelemetry: Global DSP utilization: 45.35% (2268 / 5002 ms), Scalar Util: 85.10%, HVX Util: 55.81%, HMX Util: 18.85%, DMA Active: 0.00%, Freq: 787.2 MHz
2025-10-08 21:35:44.461  1161-1770  Tracking                trackingservice                      I  boltlib: Logging Rpc stats (detailed=false, onAbort=false)
2025-10-08 21:35:44.461  1161-1770  Tracking                trackingservice                      I  boltlib: DSP Rpc stats over 5002 ms: {"GraphModule":125,"HexagonCornerHarrisEdgeIndexedSlicesAsync":63,"HexagonPyramid3x3Async":62,"WrapModel":125,"dd_boltnn_delegate_batch_256":189,"dd_boltnn_delegate_batch_32":4}
2025-10-08 21:35:44.501  1161-1785  BrokerMeth...UNTIMEIPC] trackingservice                      I  EnsureServiceStarted: SPS userMode is already IPC_USER_CURRENT
2025-10-08 21:35:44.502  1457-3510  RuntimeIpcHelperService system_server                        I  Going to start ComponentInfo{com.facebook.spatial_persistence_service/com.facebook.spatial_persistence_service.AnchorPersistenceService} as foreground, Calling uid: 1000 pid: 1161
2025-10-08 21:35:44.503  4337-4337  AnchorPers...nceService com...k.spatial_persistence_service  D  onStartCommand()
2025-10-08 21:35:44.504  4337-7954  [CT]                    com...k.spatial_persistence_service  I  SP:AP:AnchorPersistenceConfig: PreferencesManager: has_seen_spatial_data_sharing_notice_v2: true
2025-10-08 21:35:44.504  1161-1788  Tracking                trackingservice                      W  MapDB: Attempt to load with empty list.
2025-10-08 21:35:44.504  1161-1788  Tracking                trackingservice                      W  MapDB: Attempt to load with empty list.
2025-10-08 21:35:44.504  1161-1788  Tracking                trackingservice                      W  MapDB: Attempt to load with empty list.
2025-10-08 21:35:44.504  1161-1788  Tracking                trackingservice                      W  MapDB: Attempt to load with empty list.
2025-10-08 21:35:44.504  4337-7954  [CT]                    com...k.spatial_persistence_service  I  SP:AP:AnchorPersistenceConfig: PreferencesManager: spatial_data_sharing_enabled: true
2025-10-08 21:35:44.504  4337-7954  [CT]                    com...k.spatial_persistence_service  I  SP:AP:AnchorPersistenceConfig: getCloudPermissionEnabledVps: userPreference(anchor_persistence_cloud_anchor_service_enabled_vps)=true, cloudPermissionOverride: -1
2025-10-08 21:35:44.507  4337-8058  [CT]                    com...k.spatial_persistence_service  I  SlamAnchorPersistenceRuntimeIpcClient: SlamAnchorPersistenceRuntimeIpcClient: Get Features Query took 0.002620157 s. Query timestamp = 196373395998401
2025-10-08 21:35:44.507  4337-14340 [CT]                    com...k.spatial_persistence_service  W  SP:VpsModule:RequestHandler: Dropping new query due to rate limiting. event uuid: b7a924b5-0084-e00c-b4e4-abb9f1984bd4
2025-10-08 21:35:44.507  4337-14340 [CT]                    com...k.spatial_persistence_service  I  SP:VpsModule:RequestHandler: VPS request finished event uuid: b7a924b5-0084-e00c-b4e4-abb9f1984bd4
2025-10-08 21:35:44.507  4337-14340 [CT]                    com...k.spatial_persistence_service  E  SP:VpsModule:TelemertyReporter: VPS request failed with vps error code: 40000 event uuid: b7a924b5-0084-e00c-b4e4-abb9f1984bd4
2025-10-08 21:35:44.581  1161-1788  Tracking                trackingservice                      W  MapDB: Attempt to load with empty list.
2025-10-08 21:35:44.581  1161-1788  Tracking                trackingservice                      W  MapDB: Attempt to load with empty list.
2025-10-08 21:35:44.581  1161-1788  Tracking                trackingservice                      W  MapDB: Attempt to load with empty list.
2025-10-08 21:35:44.581  1161-1788  Tracking                trackingservice                      W  MapDB: Attempt to load with empty list.
2025-10-08 21:35:44.614  3627-3877  TREX                    com.oculus.vrshell                   I  Interface 'VirtualKeyboardClientInterface', version 1 was not found. Check debug build for more information.
2025-10-08 21:35:44.661  1161-1788  Tracking                trackingservice                      W  MapDB: Attempt to load with empty list.
2025-10-08 21:35:44.661  1161-1788  Tracking                trackingservice                      W  MapDB: Attempt to load with empty list.
2025-10-08 21:35:44.661  1161-1788  Tracking                trackingservice                      W  MapDB: Attempt to load with empty list.
2025-10-08 21:35:44.661  1161-1788  Tracking                trackingservice                      W  MapDB: Attempt to load with empty list.
2025-10-08 21:35:44.742  1161-1788  Tracking                trackingservice                      W  MapDB: Attempt to load with empty list.
2025-10-08 21:35:44.742  1161-1788  Tracking                trackingservice                      W  MapDB: Attempt to load with empty list.
2025-10-08 21:35:44.742  1161-1788  Tracking                trackingservice                      W  MapDB: Attempt to load with empty list.
2025-10-08 21:35:44.742  1161-1788  Tracking                trackingservice                      W  MapDB: Attempt to load with empty list.
2025-10-08 21:35:44.796  1120-1719  OnDemandManager         telemetry                            D  On demand telemetry statsd fetched 0 statsd reports
2025-10-08 21:35:44.796  1120-1719  OnDemandManager         telemetry                            D  On demand telemetry statsd fetched 0 samples
2025-10-08 21:35:44.822  1161-1788  Tracking                trackingservice                      W  MapDB: Attempt to load with empty list.
2025-10-08 21:35:44.822  1161-1788  Tracking                trackingservice                      W  MapDB: Attempt to load with empty list.
2025-10-08 21:35:44.822  1161-1788  Tracking                trackingservice                      W  MapDB: Attempt to load with empty list.
2025-10-08 21:35:44.822  1161-1788  Tracking                trackingservice                      W  MapDB: Attempt to load with empty list.
2025-10-08 21:35:44.824     0-0     <no-tag>                kernel                               D  [drm:msm_framebuffer_init [msm_drm]] create framebuffer: dev=0000000000000000, mode_cmd=0000000000000000 (1920x3664@AB24)
2025-10-08 21:35:44.824     0-0     [drm:msm_f...m]] create kernel                               D  FB ID: 56 (0000000000000000)
2025-10-08 21:35:44.824     0-0     [drm:drm_m...ddfb2] [FB kernel                               D  56]
2025-10-08 21:35:44.824     0-0     <no-tag>                kernel                               D  [drm:msm_framebuffer_init [msm_drm]] create framebuffer: dev=0000000000000000, mode_cmd=0000000000000000 (1920x3664@AB24)
2025-10-08 21:35:44.824     0-0     [drm:msm_f...m]] create kernel                               D  FB ID: 60 (0000000000000000)
2025-10-08 21:35:44.824     0-0     [drm:drm_m...ddfb2] [FB kernel                               D  60]
2025-10-08 21:35:44.825     0-0     <no-tag>                kernel                               D  [drm:msm_framebuffer_init [msm_drm]] create framebuffer: dev=0000000000000000, mode_cmd=0000000000000000 (1920x3664@AB24)
2025-10-08 21:35:44.825     0-0     [drm:msm_f...m]] create kernel                               D  FB ID: 183 (0000000000000000)
2025-10-08 21:35:44.825     0-0     [drm:drm_m...ddfb2] [FB kernel                               D  183]
2025-10-08 21:35:44.825     0-0     <no-tag>                kernel                               D  [drm:msm_framebuffer_init [msm_drm]] create framebuffer: dev=0000000000000000, mode_cmd=0000000000000000 (1920x3664@AB24)
2025-10-08 21:35:44.825     0-0     [drm:msm_f...m]] create kernel                               D  FB ID: 227 (0000000000000000)
2025-10-08 21:35:44.825     0-0     [drm:drm_m...ddfb2] [FB kernel                               D  227]
2025-10-08 21:35:44.825     0-0     <no-tag>                kernel                               D  [drm:msm_property_atomic_set [msm_drm]] RETIRE_FENCE_OFFSET - 1
2025-10-08 21:35:44.825     0-0     <no-tag>                kernel                               D  [drm:msm_property_atomic_set [msm_drm]] RETIRE_FENCE - 540435396464
2025-10-08 21:35:44.825     0-0     <no-tag>                kernel                               D  [drm:msm_property_atomic_set [msm_drm]] output_fence - 540435396472
2025-10-08 21:35:44.825     0-0     <no-tag>                kernel                               D  [drm:drm_mode_debug_printmodeline] Modeline "1920x3664x90vid": 90 950019 1920 2030 2054 2142 3664 4912 4914 4928 0x0 0x0
2025-10-08 21:35:44.825     0-0     <no-tag>                kernel                               D  [drm:sde_cp_crtc_check_properties [msm_drm]] no partial update required
2025-10-08 21:35:44.826     0-0     <no-tag>                kernel                               D  [drm:sde_cp_crtc_check_properties [msm_drm]] State dirty list is empty
2025-10-08 21:35:44.826     0-0     [drm:sde_p...m]] FB[56] kernel                               D  iova[0]: fe400000 (0)
2025-10-08 21:35:44.826     0-0     [drm:sde_p...m]] FB[56] kernel                               D  iova[0]: fe400000 (0)
2025-10-08 21:35:44.826     0-0     [drm:msm_a...rm]] start kernel                               D  00000001
2025-10-08 21:35:44.826     0-0     <no-tag>                kernel                               D  [drm:sde_cp_crtc_apply_properties [msm_drm]] no partial update required
2025-10-08 21:35:44.826     0-0     <no-tag>                kernel                               D  [drm:_sde_cp_crtc_commit_feature [msm_drm]] Add feature to active list 195
2025-10-08 21:35:44.826     0-0     <no-tag>                kernel                               D  [drm:_sde_cp_crtc_commit_feature [msm_drm]] Add feature to active list 196
2025-10-08 21:35:44.826     0-0     <no-tag>                kernel                               D  [drm:msm_property_pop_dirty [msm_drm]] property 11 dirty
2025-10-08 21:35:44.827     0-0     <no-tag>                kernel                               D  [drm:msm_property_pop_dirty [msm_drm]] property 10 dirty
2025-10-08 21:35:44.835     0-0     [drm:compl..._drm]] end kernel                               D  00000001
2025-10-08 21:35:44.835     0-0     <no-tag>                kernel                               D  [drm:msm_framebuffer_init [msm_drm]] create framebuffer: dev=0000000000000000, mode_cmd=0000000000000000 (1920x3664@AB24)
2025-10-08 21:35:44.835     0-0     [drm:msm_f...m]] create kernel                               D  FB ID: 228 (0000000000000000)
2025-10-08 21:35:44.835     0-0     [drm:drm_m...ddfb2] [FB kernel                               D  228]
2025-10-08 21:35:44.835     0-0     <no-tag>                kernel                               D  [drm:msm_framebuffer_init [msm_drm]] create framebuffer: dev=0000000000000000, mode_cmd=0000000000000000 (1920x3664@AB24)
2025-10-08 21:35:44.835     0-0     [drm:msm_f...m]] create kernel                               D  FB ID: 231 (0000000000000000)
2025-10-08 21:35:44.835     0-0     [drm:drm_m...ddfb2] [FB kernel                               D  231]
2025-10-08 21:35:44.835     0-0     <no-tag>                kernel                               D  [drm:msm_framebuffer_init [msm_drm]] create framebuffer: dev=0000000000000000, mode_cmd=0000000000000000 (1920x3664@AB24)
2025-10-08 21:35:44.836     0-0     [drm:msm_f...m]] create kernel                               D  FB ID: 232 (0000000000000000)
2025-10-08 21:35:44.836     0-0     [drm:drm_m...ddfb2] [FB kernel                               D  232]
2025-10-08 21:35:44.836     0-0     <no-tag>                kernel                               D  [drm:msm_framebuffer_init [msm_drm]] create framebuffer: dev=0000000000000000, mode_cmd=0000000000000000 (1920x3664@AB24)
2025-10-08 21:35:44.836     0-0     [drm:msm_f...m]] create kernel                               D  FB ID: 233 (0000000000000000)
2025-10-08 21:35:44.836     0-0     [drm:drm_m...ddfb2] [FB kernel                               D  233]
2025-10-08 21:35:44.836     0-0     <no-tag>                kernel                               D  [drm:msm_property_atomic_set [msm_drm]] RETIRE_FENCE_OFFSET - 1
2025-10-08 21:35:44.836     0-0     <no-tag>                kernel                               D  [drm:msm_property_atomic_set [msm_drm]] RETIRE_FENCE - 540435396464
2025-10-08 21:35:44.836     0-0     <no-tag>                kernel                               D  [drm:msm_property_atomic_set [msm_drm]] output_fence - 540435396472
2025-10-08 21:35:44.836     0-0     <no-tag>                kernel                               D  [drm:drm_mode_debug_printmodeline] Modeline "1920x3664x90vid": 90 950019 1920 2030 2054 2142 3664 4912 4914 4928 0x0 0x0
2025-10-08 21:35:44.836     0-0     <no-tag>                kernel                               D  [drm:sde_cp_crtc_check_properties [msm_drm]] no partial update required
2025-10-08 21:35:44.836     0-0     <no-tag>                kernel                               D  [drm:sde_cp_crtc_check_properties [msm_drm]] State dirty list is empty
2025-10-08 21:35:44.836     0-0     [drm:sde_p...]] FB[228] kernel                               D  iova[0]: fe400000 (0)
2025-10-08 21:35:44.836     0-0     [drm:sde_p...]] FB[228] kernel                               D  iova[0]: fe400000 (0)
2025-10-08 21:35:44.837     0-0     [drm:msm_a...rm]] start kernel                               D  00000001
2025-10-08 21:35:44.837     0-0     <no-tag>                kernel                               D  [drm:sde_cp_crtc_apply_properties [msm_drm]] no partial update required
2025-10-08 21:35:44.837     0-0     <no-tag>                kernel                               D  [drm:_sde_cp_crtc_commit_feature [msm_drm]] Add feature to active list 195
2025-10-08 21:35:44.837     0-0     <no-tag>                kernel                               D  [drm:_sde_cp_crtc_commit_feature [msm_drm]] Add feature to active list 196
2025-10-08 21:35:44.837     0-0     <no-tag>                kernel                               D  [drm:msm_property_pop_dirty [msm_drm]] property 11 dirty
2025-10-08 21:35:44.837     0-0     <no-tag>                kernel                               D  [drm:msm_property_pop_dirty [msm_drm]] property 10 dirty
2025-10-08 21:35:44.846     0-0     [drm:compl..._drm]] end kernel                               D  00000001
2025-10-08 21:35:44.901  1161-1788  Tracking                trackingservice                      W  MapDB: Attempt to load with empty list.
2025-10-08 21:35:44.901  1161-1788  Tracking                trackingservice                      W  MapDB: Attempt to load with empty list.
2025-10-08 21:35:44.901  1161-1788  Tracking                trackingservice                      W  MapDB: Attempt to load with empty list.
2025-10-08 21:35:44.901  1161-1788  Tracking                trackingservice                      W  MapDB: Attempt to load with empty list.
2025-10-08 21:35:44.918 11433-11764 VRManager               com.example.vrmanager                E  Socket connection error: io.socket.engineio.client.EngineIOException: server error
2025-10-08 21:35:44.979  1859-11061 ProxyToPas...rProcessor com.oculus.vrruntimeservice          I  ProcessPTProxyLayers: In/Out=1/1 PTApiLCnt=1 skipped=0
2025-10-08 21:35:44.981  1161-1788  Tracking                trackingservice                      W  MapDB: Attempt to load with empty list.
2025-10-08 21:35:44.981  1161-1788  Tracking                trackingservice                      W  MapDB: Attempt to load with empty list.
2025-10-08 21:35:44.981  1161-1788  Tracking                trackingservice                      W  MapDB: Attempt to load with empty list.
2025-10-08 21:35:44.981  1161-1788  Tracking                trackingservice                      W  MapDB: Attempt to load with empty list.
2025-10-08 21:35:45.010  3627-11138 VrApi                   com.oculus.vrshell                   I  FPS=91/90,Prd=33ms,Tear=0,Early=0,Stale=0,Stale2/5/10/max=0/0/0/0,VSnc=1,Lat=-1,Fov=0,CPU4/GPU=3/3,1651/492MHz,OC=3F,TA=0/0/0,SP=N/N/N,Mem=3196MHz,Free=2958MB,PLS=0,Temp=28.0C/0.0C,TW=1.83ms,App=6.36ms,GD=0.61ms,CPU&GPU=16.07ms,LCnt=8(DR91,LM6),GPU%=0.84,CPU%=0.37(W0.39),CFL=11.19/14.39,ICFLp95=13.15,LD=0,SF=1.00,LP=0,DVFS=0,ShrpLCnt=3,ShrpR=0.000,SSLCnt=2/4
2025-10-08 21:35:45.050  1120-1722  telemetry-statsd        telemetry                            V  Fetching statsd reports
2025-10-08 21:35:45.060  1161-1785  BrokerMeth...UNTIMEIPC] trackingservice                      I  EnsureServiceStarted: SPS userMode is already IPC_USER_CURRENT
2025-10-08 21:35:45.061  1457-3510  RuntimeIpcHelperService system_server                        I  Going to start ComponentInfo{com.facebook.spatial_persistence_service/com.facebook.spatial_persistence_service.AnchorPersistenceService} as foreground, Calling uid: 1000 pid: 1161
2025-10-08 21:35:45.063  4337-4337  AnchorPers...nceService com...k.spatial_persistence_service  D  onStartCommand()
2025-10-08 21:35:45.064  4337-7954  [CT]                    com...k.spatial_persistence_service  I  SP:AP:AnchorPersistenceConfig: PreferencesManager: has_seen_spatial_data_sharing_notice_v2: true
2025-10-08 21:35:45.064  1161-1788  Tracking                trackingservice                      W  MapDB: Attempt to load with empty list.
2025-10-08 21:35:45.064  1161-1788  Tracking                trackingservice                      W  MapDB: Attempt to load with empty list.
2025-10-08 21:35:45.064  1161-1788  Tracking                trackingservice                      W  MapDB: Attempt to load with empty list.
2025-10-08 21:35:45.064  1161-1788  Tracking                trackingservice                      W  MapDB: Attempt to load with empty list.
2025-10-08 21:35:45.064  4337-7954  [CT]                    com...k.spatial_persistence_service  I  SP:AP:AnchorPersistenceConfig: PreferencesManager: spatial_data_sharing_enabled: true
2025-10-08 21:35:45.064  4337-7954  [CT]                    com...k.spatial_persistence_service  I  SP:AP:AnchorPersistenceConfig: getCloudPermissionEnabledVps: userPreference(anchor_persistence_cloud_anchor_service_enabled_vps)=true, cloudPermissionOverride: -1
2025-10-08 21:35:45.066  4337-8058  [CT]                    com...k.spatial_persistence_service  I  SlamAnchorPersistenceRuntimeIpcClient: SlamAnchorPersistenceRuntimeIpcClient: Get Features Query took 0.001914636 s. Query timestamp = 196373955668873
2025-10-08 21:35:45.067  4337-14340 [CT]                    com...k.spatial_persistence_service  W  SP:VpsModule:RequestHandler: Dropping new query due to rate limiting. event uuid: 2af634ab-a925-c56b-dae9-a9839e99bd7f
2025-10-08 21:35:45.067  4337-14340 [CT]                    com...k.spatial_persistence_service  I  SP:VpsModule:RequestHandler: VPS request finished event uuid: 2af634ab-a925-c56b-dae9-a9839e99bd7f
2025-10-08 21:35:45.067  4337-14340 [CT]                    com...k.spatial_persistence_service  E  SP:VpsModule:TelemertyReporter: VPS request failed with vps error code: 40000 event uuid: 2af634ab-a925-c56b-dae9-a9839e99bd7f
2025-10-08 21:35:45.104  1141-11627 MRSS                    mrsystemservice                      I  MIXEDREALITY: ServiceLogic: onFramesetBegin: Frame types for computation: GENERIC_SLOT_0 GENERIC_SLOT_2 GENERIC_SLOT_3 COLOR, rendering: COLOR.
2025-10-08 21:35:45.110  1141-11644 MRSS                    mrsystemservice                      I  EvaController: Sessions: CvpPreprocessor(DSP)(Running) with 4 handles: WARP(125),WARP(125),PYRAMID(125),PYRAMID(125),; 
2025-10-08 21:35:45.122  1457-1457  FlashNotifController    system_server                        D  requestStartFlashNotification
2025-10-08 21:35:45.123  1457-1457  FlashNotifController    system_server                        I  startFlashNotification: type=1, tag=android
2025-10-08 21:35:45.123  1457-1457  FlashNotifController    system_server                        D  Flash notification is disabled
2025-10-08 21:35:45.124  2253-2253  OculusNoti...nerService com....micservice_notificationproxy  D  Notification posted: 0|com.example.vrmanager|999|null|10173
2025-10-08 21:35:45.125  3627-3627  [SEO] VrNo...nerService com.oculus.vrshell                   V  isNotificationAToast() - isToastPriority = false, sbn.key = 0|com.example.vrmanager|999|null|10173
2025-10-08 21:35:45.125  3627-3627  [SEO] VrNo...nerService com.oculus.vrshell                   V  isNotificationAToast() - isValidToast = true, sbn.key = 0|com.example.vrmanager|999|null|10173
2025-10-08 21:35:45.125  3627-3627  [SEO] VrNo...nerService com.oculus.vrshell                   V  isNotificationAToast() - isWifiCaptivePortal = false, sbn.key = 0|com.example.vrmanager|999|null|10173
2025-10-08 21:35:45.125  3627-3627  [SEO] VrNo...nerService com.oculus.vrshell                   V  isNotificationAToast() - isRecommendation = false, sbn.key = 0|com.example.vrmanager|999|null|10173
2025-10-08 21:35:45.125  3627-3627  [SEO] VrNo...nerService com.oculus.vrshell                   V  Flag is disabled to use default ranking score for client-generated notification, skipping adding default ranking score
2025-10-08 21:35:45.125  3627-3627  [SEO] VrNo...nerService com.oculus.vrshell                   V  isNotificationAToast() - isToastPriority = false, sbn.key = 0|com.example.vrmanager|999|null|10173
2025-10-08 21:35:45.125  3627-3627  [SEO] VrNo...nerService com.oculus.vrshell                   V  isNotificationAToast() - isValidToast = true, sbn.key = 0|com.example.vrmanager|999|null|10173
2025-10-08 21:35:45.125  3627-3627  [SEO] VrNo...nerService com.oculus.vrshell                   V  isNotificationAToast() - isWifiCaptivePortal = false, sbn.key = 0|com.example.vrmanager|999|null|10173
2025-10-08 21:35:45.125  3627-3627  [SEO] VrNo...nerService com.oculus.vrshell                   V  isNotificationAToast() - isRecommendation = false, sbn.key = 0|com.example.vrmanager|999|null|10173
2025-10-08 21:35:45.125  3627-3627  NotifAttributeChecker   com.oculus.vrshell                   D  Custom data does not contain seen state
2025-10-08 21:35:45.125  3627-3627  [SEO] VrNo...ateTracker com.oculus.vrshell                   D  setSeenState - seen state for key [0|com.example.vrmanager|999|null|10173] had a cached value of [UNSEEN_AND_UNREAD]. The attempted update for after is [UNSEEN_AND_UNREAD]. Updated? false
