2025-10-08 21:35:35.126  3627-3877  [CT]                    com.oculus.vrshell                   I  SP:AF:AnchorFramework: Inserting discovery operation request handle 289 -> extension suite ApiExtensionSuite::META(1) + exp version ExperimentalVersion::PROD(1) into map
2025-10-08 21:35:35.126  3627-3877  QueryMgr                com.oculus.vrshell                   I  [QueryMgr::StartAnchorSearch] Successfully started anchor search 1065151889985 of type 1
2025-10-08 21:35:35.126  3627-4997  [CT]                    com.oculus.vrshell                   I  RuntimeIpcHelper: RuntimeIpcClient::CALL_RPC isAsync: true, func: discoverSpaces
2025-10-08 21:35:35.126  4337-5048  [CT]                    com...k.spatial_persistence_service  I  SP:AP:AnchorPersistenceRuntimeIpcServer: checkRPC start: sessionUuid:5afce1b0-13ce-e23d-0e77-e9c1af5fd7ef, clientId:760138514, givenPackageName:com.oculus.vrshell
2025-10-08 21:35:35.126  4337-5048  [CT]                    com...k.spatial_persistence_service  I  SP:AP:AnchorPersistenceRuntimeIpcServer: checkPackageAccess - detectedPackageName:com.oculus.vrshell, detectedProcessName:com.oculus.vrshell, givenPackageName:com.oculus.vrshell
2025-10-08 21:35:35.126  4337-5048  [CT]                    com...k.spatial_persistence_service  I  SP:AP:AnchorPersistenceRuntimeIpcServer: checkRPC package name matches: sessionUuid:5afce1b0-13ce-e23d-0e77-e9c1af5fd7ef, clientId:760138514, givenPackageName:com.oculus.vrshell, detectedPackageName:com.oculus.vrshell, detectedProcessName:com.oculus.vrshell
2025-10-08 21:35:35.126  4337-5048  [CT]                    com...k.spatial_persistence_service  I  SP:AP:AnchorPersistence: queryEntities: filterInfo: flags: 96, numUuids: 0, radius: -1, enabledComponents: 0, maxNumSpacesToQuery: 0, groupUuids: , tags: , dataSource: 1, hasTrackableStateFilter: 1, appId: com.oculus.vrshell, request: 289, appOpenXrVersion: 281474976710703
2025-10-08 21:35:35.126  4337-5048  [CT]                    com...k.spatial_persistence_service  I  SP:AP:AnchorPersistence: Status of feature 25 is 1
2025-10-08 21:35:35.126  4337-5048  [CT]                    com...k.spatial_persistence_service  I  SP:AP:AnchorPersistenceConfig: getSceneRuntimePermissionEnabled: USE_SCENE permission is enabled on this device
2025-10-08 21:35:35.126  4337-5048  [CT]                    com...k.spatial_persistence_service  I  SP:AP:AnchorPersistenceScenePermissions: hasClientGrantedScenePermission: USE_SCENE permission is enabled on this device, check client 760138514, grant is true
2025-10-08 21:35:35.126  4337-5048  [CT]                    com...k.spatial_persistence_service  I  SP:AP:AnchorPersistence: discoverSpacesLocal: translateFilters complete. filterVector size: 2
2025-10-08 21:35:35.126  4337-5048  [CT]                    com...k.spatial_persistence_service  I  SP:AP:AnchorPersistence:     Filter #0: type: AnchorDiscoveryFilterType::APP(3)
2025-10-08 21:35:35.126  4337-5048  [CT]                    com...k.spatial_persistence_service  I  SP:AP:AnchorPersistence:     Filter #1: type: AnchorDiscoveryFilterType::TRACKABLE_STATE(8)
2025-10-08 21:35:35.126  4337-5048  [CT]                    com...k.spatial_persistence_service  I  SP:AP:AnchorPersistence: discoverSpacesLocal: Scheduling local query for Anchors, with 2 filters, request: 289
2025-10-08 21:35:35.126  4337-5048  [CT]                    com...k.spatial_persistence_service  I  SP:AP:AnchorPersistence: discoverSpacesLocal Attempting local query, request: 289
2025-10-08 21:35:35.126  4337-5048  [CT]                    com...k.spatial_persistence_service  I  SP:AP:AnchorLocalStorageQuery: operator() : No uuidFilter is provided
2025-10-08 21:35:35.126  4337-5048  [CT]                    com...k.spatial_persistence_service  I  SP:AP:AnchorLocalStorageQuery: applyFilters: appId com.oculus.vrshell
2025-10-08 21:35:35.126  4337-5048  [CT]                    com...k.spatial_persistence_service  I  SP:AP:AnchorLocalStorage: appId com.oculus.vrshell loadOnlySceneModelAnchors false includeGuardianSpatialAnchor false
2025-10-08 21:35:35.126  4337-5048  [CT]                    com...k.spatial_persistence_service  I  SP:AP:AnchorLocalStorage: appId com.oculus.guardian loadOnlySceneModelAnchors true includeGuardianSpatialAnchor false
2025-10-08 21:35:35.127  4337-5048  [CT]                    com...k.spatial_persistence_service  W  SP:AP:AnchorLocalStorage: listAllAnchors listed 0 anchors
2025-10-08 21:35:35.127  4337-5048  [CT]                    com...k.spatial_persistence_service  I  SP:AP:AnchorPersistenceConfig: getSceneRuntimePermissionEnabled: USE_SCENE permission is enabled on this device
2025-10-08 21:35:35.127  4337-5048  [CT]                    com...k.spatial_persistence_service  I  SP:SceneAnchorFilterUtil: filterSceneDataByPermission: com.oculus.vrshell permission check passed, keep scene data. anchors size: 0
2025-10-08 21:35:35.127  4337-5048  [CT]                    com...k.spatial_persistence_service  I  SP:AP:AnchorLocalStorageQuery: applyFilters: no anchors to load
2025-10-08 21:35:35.127  4337-5048  [CT]                    com...k.spatial_persistence_service  I  SP:AP:AnchorLocalStorageQuery: operator(): Discovered 0 anchors locally
2025-10-08 21:35:35.127  4337-5048  [CT]                    com...k.spatial_persistence_service  I  SP:AP:AnchorPersistence: discoverSpacesLocal queryResult success, request: 289
2025-10-08 21:35:35.127  4337-5048  [CT]                    com...k.spatial_persistence_service  I  SP:AP:AnchorPersistence: DiscoverSpaces local query success took: 0.001265781
2025-10-08 21:35:35.127  4337-5048  [CT]                    com...k.spatial_persistence_service  I  SP:AP:AnchorPersistence: discoverSpacesLocal: Checking for killswitch based filtering
2025-10-08 21:35:35.127  4337-5048  [CT]                    com...k.spatial_persistence_service  I  SP:SceneAnchorFilterUtil: filterOutEntitiesAndComponents : Guardian:false, App OpenXR Version patch:47 (vs. min patch without filtering 45), appIdInOverrideString:false, ocKillswitch:false, fsKillswitch:false
2025-10-08 21:35:35.127  4337-5048  [CT]                    com...k.spatial_persistence_service  I  SP:AP:AnchorPersistence: DiscoverSpaces local query success finish took: 0.001295938
2025-10-08 21:35:35.128  4337-5048  [CT]                    com...k.spatial_persistence_service  I  SP:AP:AnchorPersistence: Sending DiscoverSpaces finish event returnCode: 0, request: 289
2025-10-08 21:35:35.128  4337-5048  [CT]                    com...k.spatial_persistence_service  I  SP:AP:AnchorPersistenceRuntimeIpcServer: PostClientEvent for DiscoverSpaces finish event: requestHandle 289, resultCode: 0
2025-10-08 21:35:35.128  3627-5034  [CT]                    com.oculus.vrshell                   I  SP:AF:AnchorFramework: Received DiscoverSpaces finish event returnCode: 0, request: 289, extension suite: ApiExtensionSuite::META(1), exp version: ExperimentalVersion::PROD(1)
2025-10-08 21:35:35.128  3627-5034  [CT]                    com.oculus.vrshell                   I  SP:AF:AnchorFramework: registerDiscoverSpacesEventHandler discoverSpacesComplete result code: 0
2025-10-08 21:35:35.130  3627-3877  [CT]                    com.oculus.vrshell                   I  SP:TREX:SpatialPersistencePlugin: Event type: 23
2025-10-08 21:35:35.130  3627-3877  TREX                    com.oculus.vrshell                   I  Spatial Persistence event: spEvent_DiscoverSpacesFinish
2025-10-08 21:35:35.130  3627-3877  XrRuntimeSystem_Client  com.oculus.vrshell                   I  spEvent_DiscoverSpacesFound: handled in META_spatial_entity_discovery
2025-10-08 21:35:35.142  1161-1788  Tracking                trackingservice                      W  MapDB: Attempt to load with empty list.
2025-10-08 21:35:35.142  1161-1788  Tracking                trackingservice                      W  MapDB: Attempt to load with empty list.
2025-10-08 21:35:35.142  1161-1788  Tracking                trackingservice                      W  MapDB: Attempt to load with empty list.
2025-10-08 21:35:35.142  1161-1788  Tracking                trackingservice                      W  MapDB: Attempt to load with empty list.
2025-10-08 21:35:35.223  1161-1788  Tracking                trackingservice                      W  MapDB: Attempt to load with empty list.
2025-10-08 21:35:35.223  1161-1788  Tracking                trackingservice                      W  MapDB: Attempt to load with empty list.
2025-10-08 21:35:35.223  1161-1788  Tracking                trackingservice                      W  MapDB: Attempt to load with empty list.
2025-10-08 21:35:35.223  1161-1788  Tracking                trackingservice                      W  MapDB: Attempt to load with empty list.
2025-10-08 21:35:35.247   898-7912  SensorService           ven....hardware.sensors@1.0-service  W  Unknown packet type (32) received
2025-10-08 21:35:35.267  1859-11061 [CT]                    com.oculus.vrruntimeservice          I  PTApiClients: 1/1:com.oculus.vrshell,PT=1,EnvDepth=0,VrMode=1,LCnt=1/1(rec=1,proj=0,bg=0),NS=0,Sty=0
2025-10-08 21:35:35.269  1859-2189  JniUtils-inl            com.oculus.vrruntimeservice          I  Creating temporary JNIEnv. This is a heavy operation and should be infrequent. To optimize, use JNI AttachCurrentThread on calling thread
2025-10-08 21:35:35.302  1161-1788  Tracking                trackingservice                      W  MapDB: Attempt to load with empty list.
2025-10-08 21:35:35.302  1161-1788  Tracking                trackingservice                      W  MapDB: Attempt to load with empty list.
2025-10-08 21:35:35.302  1161-1788  Tracking                trackingservice                      W  MapDB: Attempt to load with empty list.
2025-10-08 21:35:35.302  1161-1788  Tracking                trackingservice                      W  MapDB: Attempt to load with empty list.
2025-10-08 21:35:35.348   898-1154  DUMPSYS_LOG             ven....hardware.sensors@1.0-service  I  {"additional_data":{"camera_fps":[{"fps":24.998643416116789,"frames":250,"id":0},{"fps":24.998643416116789,"frames":250,"id":1},{"fps":24.998643416116789,"frames":250,"id":2},{"fps":24.998643416116789,"frames":250,"id":3}]},"event":"CameraFPS","service":"SensorService","tid":"532904139632","ts":1759952135348084,"ts_proc":196364322668}
2025-10-08 21:35:35.381  1161-1788  Tracking                trackingservice                      W  MapDB: Attempt to load with empty list.
2025-10-08 21:35:35.381  1161-1788  Tracking                trackingservice                      W  MapDB: Attempt to load with empty list.
2025-10-08 21:35:35.381  1161-1788  Tracking                trackingservice                      W  MapDB: Attempt to load with empty list.
2025-10-08 21:35:35.381  1161-1788  Tracking                trackingservice                      W  MapDB: Attempt to load with empty list.
2025-10-08 21:35:35.412  1859-11061 [CT]                    com.oculus.vrruntimeservice          I  MIXEDREALITY: PassthroughApiManager: GetUpdatedLayerState: (every 2 seconds) PT is: ON numLayers: 1
2025-10-08 21:35:35.461  1161-1788  Tracking                trackingservice                      W  MapDB: Attempt to load with empty list.
2025-10-08 21:35:35.461  1161-1788  Tracking                trackingservice                      W  MapDB: Attempt to load with empty list.
2025-10-08 21:35:35.461  1161-1788  Tracking                trackingservice                      W  MapDB: Attempt to load with empty list.
2025-10-08 21:35:35.461  1161-1788  Tracking                trackingservice                      W  MapDB: Attempt to load with empty list.
2025-10-08 21:35:35.542  1161-1785  BrokerMeth...UNTIMEIPC] trackingservice                      I  EnsureServiceStarted: SPS userMode is already IPC_USER_CURRENT
2025-10-08 21:35:35.542  1457-3504  RuntimeIpcHelperService system_server                        I  Going to start ComponentInfo{com.facebook.spatial_persistence_service/com.facebook.spatial_persistence_service.AnchorPersistenceService} as foreground, Calling uid: 1000 pid: 1161
2025-10-08 21:35:35.543  4337-4337  AnchorPers...nceService com...k.spatial_persistence_service  D  onStartCommand()
2025-10-08 21:35:35.544  1161-1788  Tracking                trackingservice                      W  MapDB: Attempt to load with empty list.
2025-10-08 21:35:35.545  1161-1788  Tracking                trackingservice                      W  MapDB: Attempt to load with empty list.
2025-10-08 21:35:35.545  1161-1788  Tracking                trackingservice                      W  MapDB: Attempt to load with empty list.
2025-10-08 21:35:35.545  1161-1788  Tracking                trackingservice                      W  MapDB: Attempt to load with empty list.
2025-10-08 21:35:35.545  4337-7954  [CT]                    com...k.spatial_persistence_service  I  SP:AP:AnchorPersistenceConfig: PreferencesManager: has_seen_spatial_data_sharing_notice_v2: true
2025-10-08 21:35:35.545  4337-7954  [CT]                    com...k.spatial_persistence_service  I  SP:AP:AnchorPersistenceConfig: PreferencesManager: spatial_data_sharing_enabled: true
2025-10-08 21:35:35.545  4337-7954  [CT]                    com...k.spatial_persistence_service  I  SP:AP:AnchorPersistenceConfig: getCloudPermissionEnabledVps: userPreference(anchor_persistence_cloud_anchor_service_enabled_vps)=true, cloudPermissionOverride: -1
2025-10-08 21:35:35.547  4337-8058  [CT]                    com...k.spatial_persistence_service  I  SlamAnchorPersistenceRuntimeIpcClient: SlamAnchorPersistenceRuntimeIpcClient: Get Features Query took 0.001663646 s. Query timestamp = 196364435193914
2025-10-08 21:35:35.547  4337-14340 [CT]                    com...k.spatial_persistence_service  W  SP:VpsModule:RequestHandler: Dropping new query due to rate limiting. event uuid: 67bb9b7e-21b5-f0da-6d71-bdbf3d2b1702
2025-10-08 21:35:35.547  4337-14340 [CT]                    com...k.spatial_persistence_service  I  SP:VpsModule:RequestHandler: VPS request finished event uuid: 67bb9b7e-21b5-f0da-6d71-bdbf3d2b1702
2025-10-08 21:35:35.547  4337-14340 [CT]                    com...k.spatial_persistence_service  E  SP:VpsModule:TelemertyReporter: VPS request failed with vps error code: 40000 event uuid: 67bb9b7e-21b5-f0da-6d71-bdbf3d2b1702
2025-10-08 21:35:35.581   897-11070 VD628x                  ven....hardware.sensors@1.0-flicker  I  Flicker results: freq 349.841064, max 349.887268, dcr 44.607872, pct 0.028457, idx 0.003870, conf 0.262966, snr -15.712757, svm 0.008238, sus 0
2025-10-08 21:35:35.622  1161-1788  Tracking                trackingservice                      W  MapDB: Attempt to load with empty list.
2025-10-08 21:35:35.622  1161-1788  Tracking                trackingservice                      W  MapDB: Attempt to load with empty list.
2025-10-08 21:35:35.622  1161-1788  Tracking                trackingservice                      W  MapDB: Attempt to load with empty list.
2025-10-08 21:35:35.622  1161-1788  Tracking                trackingservice                      W  MapDB: Attempt to load with empty list.
2025-10-08 21:35:35.701  1161-1788  Tracking                trackingservice                      W  MapDB: Attempt to load with empty list.
2025-10-08 21:35:35.701  1161-1788  Tracking                trackingservice                      W  MapDB: Attempt to load with empty list.
2025-10-08 21:35:35.701  1161-1788  Tracking                trackingservice                      W  MapDB: Attempt to load with empty list.
2025-10-08 21:35:35.701  1161-1788  Tracking                trackingservice                      W  MapDB: Attempt to load with empty list.
2025-10-08 21:35:35.781  1161-1788  Tracking                trackingservice                      W  MapDB: Attempt to load with empty list.
2025-10-08 21:35:35.781  1161-1788  Tracking                trackingservice                      W  MapDB: Attempt to load with empty list.
2025-10-08 21:35:35.781  1161-1788  Tracking                trackingservice                      W  MapDB: Attempt to load with empty list.
2025-10-08 21:35:35.781  1161-1788  Tracking                trackingservice                      W  MapDB: Attempt to load with empty list.
2025-10-08 21:35:35.861  1161-1788  Tracking                trackingservice                      W  MapDB: Attempt to load with empty list.
2025-10-08 21:35:35.861  1161-1788  Tracking                trackingservice                      W  MapDB: Attempt to load with empty list.
2025-10-08 21:35:35.861  1161-1788  Tracking                trackingservice                      W  MapDB: Attempt to load with empty list.
2025-10-08 21:35:35.861  1161-1788  Tracking                trackingservice                      W  MapDB: Attempt to load with empty list.
2025-10-08 21:35:35.942  1161-1788  Tracking                trackingservice                      W  MapDB: Attempt to load with empty list.
2025-10-08 21:35:35.942  1161-1788  Tracking                trackingservice                      W  MapDB: Attempt to load with empty list.
2025-10-08 21:35:35.942  1161-1788  Tracking                trackingservice                      W  MapDB: Attempt to load with empty list.
2025-10-08 21:35:35.942  1161-1788  Tracking                trackingservice                      W  MapDB: Attempt to load with empty list.
2025-10-08 21:35:36.010  3627-11138 VrApi                   com.oculus.vrshell                   I  FPS=91/90,Prd=32ms,Tear=0,Early=0,Stale=0,Stale2/5/10/max=0/0/0/0,VSnc=1,Lat=-1,Fov=0,CPU4/GPU=3/3,1651/492MHz,OC=3F,TA=0/0/0,SP=N/N/N,Mem=2736MHz,Free=2974MB,PLS=0,Temp=28.0C/0.0C,TW=1.83ms,App=6.38ms,GD=0.61ms,CPU&GPU=16.80ms,LCnt=8(DR91,LM6),GPU%=0.84,CPU%=0.36(W0.41),CFL=11.02/14.39,ICFLp95=13.28,LD=0,SF=1.00,LP=0,DVFS=0,ShrpLCnt=3,ShrpR=0.000,SSLCnt=2/4
2025-10-08 21:35:36.022  1161-1788  Tracking                trackingservice                      W  MapDB: Attempt to load with empty list.
2025-10-08 21:35:36.022  1161-1788  Tracking                trackingservice                      W  MapDB: Attempt to load with empty list.
2025-10-08 21:35:36.022  1161-1788  Tracking                trackingservice                      W  MapDB: Attempt to load with empty list.
2025-10-08 21:35:36.022  1161-1788  Tracking                trackingservice                      W  MapDB: Attempt to load with empty list.
2025-10-08 21:35:36.100  1161-1785  BrokerMeth...UNTIMEIPC] trackingservice                      I  EnsureServiceStarted: SPS userMode is already IPC_USER_CURRENT
2025-10-08 21:35:36.101  1457-3504  RuntimeIpcHelperService system_server                        I  Going to start ComponentInfo{com.facebook.spatial_persistence_service/com.facebook.spatial_persistence_service.AnchorPersistenceService} as foreground, Calling uid: 1000 pid: 1161
2025-10-08 21:35:36.102  4337-4337  AnchorPers...nceService com...k.spatial_persistence_service  D  onStartCommand()
2025-10-08 21:35:36.102 14321-14321 Background...adExecutor com.oculus.systemux                  E  Refusing to execute task because BackgroundThreadExecutor instance is destroyed: com.oculus.common.presence.PresenceLocationManagerImpl$fetchPresence$1@cafcacf
2025-10-08 21:35:36.103  1161-1788  Tracking                trackingservice                      W  MapDB: Attempt to load with empty list.
2025-10-08 21:35:36.103  1161-1788  Tracking                trackingservice                      W  MapDB: Attempt to load with empty list.
2025-10-08 21:35:36.103  4337-7954  [CT]                    com...k.spatial_persistence_service  I  SP:AP:AnchorPersistenceConfig: PreferencesManager: has_seen_spatial_data_sharing_notice_v2: true
2025-10-08 21:35:36.103  1161-1788  Tracking                trackingservice                      W  MapDB: Attempt to load with empty list.
2025-10-08 21:35:36.103  1161-1788  Tracking                trackingservice                      W  MapDB: Attempt to load with empty list.
2025-10-08 21:35:36.103  4337-7954  [CT]                    com...k.spatial_persistence_service  I  SP:AP:AnchorPersistenceConfig: PreferencesManager: spatial_data_sharing_enabled: true
2025-10-08 21:35:36.103  4337-7954  [CT]                    com...k.spatial_persistence_service  I  SP:AP:AnchorPersistenceConfig: getCloudPermissionEnabledVps: userPreference(anchor_persistence_cloud_anchor_service_enabled_vps)=true, cloudPermissionOverride: -1
2025-10-08 21:35:36.104  1141-11627 MRSS                    mrsystemservice                      I  MIXEDREALITY: MrSystemService: FramesetTelemetry: valid: -/-, stereo/depth/color: avail:  300/   0/ 600, accepted %: 100.0/0.0/100.0, dropped %: 0.0/0.0/0.0, valid %: 100.0/0.0/100.0, textured %: 0.0/0.0/100.0.
2025-10-08 21:35:36.104  1141-11627 MRSS                    mrsystemservice                      I  MIXEDREALITY: MrSystemService: FramesetTelemetry: timeouts stereo/color: compute side: 0/0, render side: 0/0, egl: 0.
2025-10-08 21:35:36.105  4337-8058  [CT]                    com...k.spatial_persistence_service  I  SlamAnchorPersistenceRuntimeIpcClient: SlamAnchorPersistenceRuntimeIpcClient: Get Features Query took 0.001724427 s. Query timestamp = 196364996138293
2025-10-08 21:35:36.105  4337-14340 [CT]                    com...k.spatial_persistence_service  W  SP:VpsModule:RequestHandler: Dropping new query due to rate limiting. event uuid: 9666a6f6-0448-cc27-2c48-198e9086bebf
2025-10-08 21:35:36.105  4337-14340 [CT]                    com...k.spatial_persistence_service  I  SP:VpsModule:RequestHandler: VPS request finished event uuid: 9666a6f6-0448-cc27-2c48-198e9086bebf
2025-10-08 21:35:36.105  4337-14340 [CT]                    com...k.spatial_persistence_service  E  SP:VpsModule:TelemertyReporter: VPS request failed with vps error code: 40000 event uuid: 9666a6f6-0448-cc27-2c48-198e9086bebf
2025-10-08 21:35:36.181  1161-1788  Tracking                trackingservice                      W  MapDB: Attempt to load with empty list.
2025-10-08 21:35:36.181  1161-1788  Tracking                trackingservice                      W  MapDB: Attempt to load with empty list.
2025-10-08 21:35:36.181  1161-1788  Tracking                trackingservice                      W  MapDB: Attempt to load with empty list.
2025-10-08 21:35:36.181  1161-1788  Tracking                trackingservice                      W  MapDB: Attempt to load with empty list.
2025-10-08 21:35:36.197   898-1153  libsensorscommon        ven....hardware.sensors@1.0-service  D  ControllerProvider: StreamingClient requested by 2252
2025-10-08 21:35:36.197   898-1153  SensorService           ven....hardware.sensors@1.0-service  D  ControllerProvider: acquiring StreamingClient impl; approx # alive: 3
2025-10-08 21:35:36.198   898-1376  libsensorscommon        ven....hardware.sensors@1.0-service  D  ControllerProvider: StreamingClient requested by 2252
2025-10-08 21:35:36.198   898-1376  SensorService           ven....hardware.sensors@1.0-service  D  ControllerProvider: acquiring StreamingClient impl; approx # alive: 4
2025-10-08 21:35:36.197  2252-7918  ControllerManagement    com.oculus.os.cm                     D  processStateChange([PairedControllerInfo RUBYPRQ 4b2be803d281e2c0 connected detached mcnt=0])
2025-10-08 21:35:36.199   898-1153  SensorService           ven....hardware.sensors@1.0-service  D  Found paired controllers: 2
2025-10-08 21:35:36.199   898-1153  SensorService           ven....hardware.sensors@1.0-service  D  Syncboss input 4b2be803d281e2c0 hardware type 10, subtype 2, revision 0x9a
2025-10-08 21:35:36.199   898-1153  SensorService           ven....hardware.sensors@1.0-service  I  preparePairedControllerInfo is adding device with valid 1
2025-10-08 21:35:36.199   898-1153  SensorService           ven....hardware.sensors@1.0-service  D  Syncboss input 9063f27485b822cc hardware type 10, subtype 1, revision 0x9a
2025-10-08 21:35:36.199   898-1153  SensorService           ven....hardware.sensors@1.0-service  I  preparePairedControllerInfo is adding device with valid 1
2025-10-08 21:35:36.202   898-1153  SensorService           ven....hardware.sensors@1.0-service  D  Found paired controllers: 2
2025-10-08 21:35:36.202   898-1153  SensorService           ven....hardware.sensors@1.0-service  D  Syncboss input 4b2be803d281e2c0 hardware type 10, subtype 2, revision 0x9a
2025-10-08 21:35:36.202   898-1153  SensorService           ven....hardware.sensors@1.0-service  I  preparePairedControllerInfo is adding device with valid 1
2025-10-08 21:35:36.202   898-1153  SensorService           ven....hardware.sensors@1.0-service  D  Syncboss input 9063f27485b822cc hardware type 10, subtype 1, revision 0x9a
2025-10-08 21:35:36.202   898-1153  SensorService           ven....hardware.sensors@1.0-service  I  preparePairedControllerInfo is adding device with valid 1
2025-10-08 21:35:36.202   898-1153  libsensorscommon        ven....hardware.sensors@1.0-service  D  ControllerProvider: acquiring StreamingClient hidl for client 2252
2025-10-08 21:35:36.204   898-1376  SensorService           ven....hardware.sensors@1.0-service  D  Found paired controllers: 2
2025-10-08 21:35:36.204   898-1376  SensorService           ven....hardware.sensors@1.0-service  D  Syncboss input 4b2be803d281e2c0 hardware type 10, subtype 2, revision 0x9a
2025-10-08 21:35:36.204   898-1376  SensorService           ven....hardware.sensors@1.0-service  I  preparePairedControllerInfo is adding device with valid 1
2025-10-08 21:35:36.204   898-1376  SensorService           ven....hardware.sensors@1.0-service  D  Syncboss input 9063f27485b822cc hardware type 10, subtype 1, revision 0x9a
2025-10-08 21:35:36.204   898-1376  SensorService           ven....hardware.sensors@1.0-service  I  preparePairedControllerInfo is adding device with valid 1
2025-10-08 21:35:36.206   898-1376  SensorService           ven....hardware.sensors@1.0-service  D  Found paired controllers: 2
2025-10-08 21:35:36.206   898-1376  SensorService           ven....hardware.sensors@1.0-service  D  Syncboss input 4b2be803d281e2c0 hardware type 10, subtype 2, revision 0x9a
2025-10-08 21:35:36.206   898-1376  SensorService           ven....hardware.sensors@1.0-service  I  preparePairedControllerInfo is adding device with valid 1
2025-10-08 21:35:36.206   898-1376  SensorService           ven....hardware.sensors@1.0-service  D  Syncboss input 9063f27485b822cc hardware type 10, subtype 1, revision 0x9a
2025-10-08 21:35:36.206   898-1376  SensorService           ven....hardware.sensors@1.0-service  I  preparePairedControllerInfo is adding device with valid 1
2025-10-08 21:35:36.206   898-1376  libsensorscommon        ven....hardware.sensors@1.0-service  D  ControllerProvider: acquiring StreamingClient hidl for client 2252
2025-10-08 21:35:36.206   898-1376  SensorService           ven....hardware.sensors@1.0-service  D  ControllerProvider: releasing StreamingClient impl; approx # alive: 3
2025-10-08 21:35:36.206   898-1376  libsensorscommon        ven....hardware.sensors@1.0-service  D  ControllerProvider: releasing StreamingClient hidl for client 2252
2025-10-08 21:35:36.207  2252-11657 ControllerManagement    com.oculus.os.cm                     D  Controller  4b2be803d281e2c0 sent to sleep as hand tracking is enabled and controllers are not in use
2025-10-08 21:35:36.208   898-1153  SensorService           ven....hardware.sensors@1.0-service  D  ControllerProvider: releasing StreamingClient impl; approx # alive: 2
2025-10-08 21:35:36.208   898-1153  libsensorscommon        ven....hardware.sensors@1.0-service  D  ControllerProvider: releasing StreamingClient hidl for client 2252
2025-10-08 21:35:36.208  2252-7918  ControllerManagement    com.oculus.os.cm                     D  processStateChange([PairedControllerInfo RUBYPRQ 9063f27485b822cc connected detached asleep mcnt=0])
2025-10-08 21:35:36.208  2252-7918  ControllerManagement    com.oculus.os.cm                     D  processStateChange([PairedControllerInfo RUBYPRQ 4b2be803d281e2c0 connected detached mcnt=0])
2025-10-08 21:35:36.209  2252-7918  ControllerManagement    com.oculus.os.cm                     D  processStateChange([PairedControllerInfo RUBYPRQ 9063f27485b822cc connected detached asleep mcnt=0])
2025-10-08 21:35:36.226   898-11636 libcamerahal            ven....hardware.sensors@1.0-service  I  [INSIGHTS][2.01s] recv/ret/req heartbeat: cam4: 100/100/100, cam5: 100/100/100
2025-10-08 21:35:36.261  1161-1788  Tracking                trackingservice                      W  MapDB: Attempt to load with empty list.
2025-10-08 21:35:36.261  1161-1788  Tracking                trackingservice                      W  MapDB: Attempt to load with empty list.
2025-10-08 21:35:36.261  1161-1788  Tracking                trackingservice                      W  MapDB: Attempt to load with empty list.
2025-10-08 21:35:36.261  1161-1788  Tracking                trackingservice                      W  MapDB: Attempt to load with empty list.
2025-10-08 21:35:36.308   898-7912  SyncBossHAL             ven....hardware.sensors@1.0-service  I  [info   ] syncboss_hal_input_controller.c(164): Controller 4b2be803d281e2c0 state change: asleep 0 -> 1
2025-10-08 21:35:36.310   898-7911  SensorService           ven....hardware.sensors@1.0-service  D  Syncboss input 4b2be803d281e2c0 hardware type 10, subtype 2, revision 0x9a
2025-10-08 21:35:36.310   898-7911  SensorService           ven....hardware.sensors@1.0-service  I  preparePairedControllerInfo is adding device with valid 1
2025-10-08 21:35:36.310   898-7911  SensorService           ven....hardware.sensors@1.0-service  D  Syncboss input 9063f27485b822cc hardware type 10, subtype 1, revision 0x9a
2025-10-08 21:35:36.310   898-7911  SensorService           ven....hardware.sensors@1.0-service  I  preparePairedControllerInfo is adding device with valid 1
2025-10-08 21:35:36.310   898-7911  SensorService           ven....hardware.sensors@1.0-service  D  stateChangeNotifierFunc(): Reporting controller info. Change token: 219, paired=2 connected=2
2025-10-08 21:35:36.310  2252-7918  ControllerManagement    com.oculus.os.cm                     D  processStateChange([PairedControllerInfo RUBYPRQ 4b2be803d281e2c0 connected detached asleep mcnt=0])
2025-10-08 21:35:36.310  2252-7918  ControllerManagement    com.oculus.os.cm                     D  RemoteService::recordControllerStatusUpdate: device 4b2be803d281e2c0: status: CONNECTED_INACTIVE tracking: ORIENTATION, errors: --
2025-10-08 21:35:36.311  2253-2672  ControllerNotifications com....micservice_notificationproxy  I  Skipping input notifications for device 0 (state=ConnectedBatteryNormal) (mShuttingDown?: false, mNotificationsEnabled?: true, mHandTrackingEnabled?: true, mMultimodalityEnabled?: false)
2025-10-08 21:35:36.311  1161-7972  Tracking                trackingservice                      I  INPUT_TRACKING_ENGINE: InputTrackingEngine::updateControllerStatus(): (OS) Requesting tracking engine to deactivate device 0x4b2be803d281e2c0.
2025-10-08 21:35:36.311  1161-7972  Tracking                trackingservice                      I  INPUT_TRACKING_ENGINE: InputTrackingEngine::updateControllerStatus(): Lock acquired on controller status cache.
2025-10-08 21:35:36.311  1161-7972  Tracking                trackingservice                      I  INPUT_TRACKING_ENGINE: InputTrackingEngine::updateControllerStatusInternal(): OS requesting to deactivate device 0x4b2be803d281e2c0.
2025-10-08 21:35:36.311  1161-7972  Tracking                trackingservice                      I  INPUT_TRACKING_ENGINE: InputTrackingEngine::updateControllerStatusInternal(): (OS) Device 0x4b2be803d281e2c0 is registered. Update controller status.
2025-10-08 21:35:36.311  1161-7972  Tracking                trackingservice                      I  INPUT_TRACKING: PipelineInterface setTrackedObjectStatus(0x4b2be803d281e2c0, false)
2025-10-08 21:35:36.311  1161-7972  Tracking                trackingservice                      I  INPUT_TRACKING: Set device 0x4b2be803d281e2c0 to deactive.
2025-10-08 21:35:36.311  1161-7972  Tracking                trackingservice                      I  INPUT_TRACKING: Pipeline resetTrackedObject(0x4b2be803d281e2c0)
2025-10-08 21:35:36.311  1161-7972  Tracking                trackingservice                      I  CONSTELLATION: P+C Right: ControllerStateBuffer: RESET
2025-10-08 21:35:36.311  1161-7972  Tracking                trackingservice                      I  INPUT_TRACKING: Pipeline TrackedObject 0x4b2be803d281e2c0 reset.
2025-10-08 21:35:36.311  1161-7972  Tracking                trackingservice                      I  INPUT_TRACKING_ENGINE: InputTrackingEngine::updateControllerStatusInternal(): (OS) Device 0x4b2be803d281e2c0 successfully updated in health monitor.
2025-10-08 21:35:36.311  1161-7972  Tracking                trackingservice                      I  INPUT_TRACKING_ENGINE: InputTrackingEngine::updateControllerStatusInternal(): (OS) Successfully deactivated device 0x4b2be803d281e2c0.
2025-10-08 21:35:36.311   898-7911  SensorService           ven....hardware.sensors@1.0-service  D  Found paired controllers: 2
2025-10-08 21:35:36.311   898-7911  SensorService           ven....hardware.sensors@1.0-service  D  Syncboss input 4b2be803d281e2c0 hardware type 10, subtype 2, revision 0x9a
2025-10-08 21:35:36.311   898-7911  SensorService           ven....hardware.sensors@1.0-service  I  preparePairedControllerInfo is adding device with valid 1
2025-10-08 21:35:36.311   898-7911  SensorService           ven....hardware.sensors@1.0-service  D  Syncboss input 9063f27485b822cc hardware type 10, subtype 1, revision 0x9a
2025-10-08 21:35:36.311   898-7911  SensorService           ven....hardware.sensors@1.0-service  I  preparePairedControllerInfo is adding device with valid 1
2025-10-08 21:35:36.311  2252-7918  ControllerManagement    com.oculus.os.cm                     D  processStateChange([PairedControllerInfo RUBYPRQ 9063f27485b822cc connected detached asleep mcnt=0])
2025-10-08 21:35:36.315   898-7911  SensorService           ven....hardware.sensors@1.0-service  D  Found paired controllers: 2
2025-10-08 21:35:36.315   898-7911  SensorService           ven....hardware.sensors@1.0-service  D  Syncboss input 4b2be803d281e2c0 hardware type 10, subtype 2, revision 0x9a
2025-10-08 21:35:36.315   898-7911  SensorService           ven....hardware.sensors@1.0-service  I  preparePairedControllerInfo is adding device with valid 1
2025-10-08 21:35:36.315   898-7911  SensorService           ven....hardware.sensors@1.0-service  D  Syncboss input 9063f27485b822cc hardware type 10, subtype 1, revision 0x9a
2025-10-08 21:35:36.315   898-7911  SensorService           ven....hardware.sensors@1.0-service  I  preparePairedControllerInfo is adding device with valid 1
2025-10-08 21:35:36.318   897-11070 VD628x                  ven....hardware.sensors@1.0-flicker  I  Flicker results: freq 349.887268, max 349.896820, dcr 44.607872, pct 0.026257, idx 0.003870, conf 0.199964, snr -16.407124, svm 0.008256, sus 0
2025-10-08 21:35:36.337  1161-11662 Tracking                trackingservice                      I  TRACKING: MrHandClient: [Throttled count=249] Hand PT mitigation - ptActive: true, dataUpToDate: true, connected: true, fidelityClientInitialized: true
2025-10-08 21:35:36.341  1161-1788  Tracking                trackingservice                      W  MapDB: Attempt to load with empty list.
2025-10-08 21:35:36.341  1161-1788  Tracking                trackingservice                      W  MapDB: Attempt to load with empty list.
2025-10-08 21:35:36.341  1161-1788  Tracking                trackingservice                      W  MapDB: Attempt to load with empty list.
2025-10-08 21:35:36.341  1161-1788  Tracking                trackingservice                      W  MapDB: Attempt to load with empty list.
2025-10-08 21:35:36.384   898-7912  SyncBossInput           ven....hardware.sensors@1.0-service  I  [info   ] [rubyprq (right) 4b2be803d281e2c0]: 5760301 [info   ] {INPM}: Input MCU put to sleep
2025-10-08 21:35:36.419  1161-11662 Tracking                trackingservice                      I  NIMBLE:UnifiedHandBodyTracking:ExposureControl: [Frame   754 camera 0] [HT] has_hand =  NO, irradiance_proxy =  50642.7, intensity =   89.0, exposure =  1.757ms, gain =    1
2025-10-08 21:35:36.419  1161-11662 Tracking                trackingservice                      I  NIMBLE:UnifiedHandBodyEngine: Pipeline Latency P50: 4.01ms; Capture Latency P50: 13.31ms [arrival:12.95ms|engine:0.35ms|process:0.02ms]
2025-10-08 21:35:36.419  1161-11662 Tracking                trackingservice                      I  NIMBLE:UnifiedHandBodyEngine: Pipeline Latency P95: 4.90ms; Capture Latency P95: 13.69ms [arrival:13.08ms|engine:0.72ms|process:0.12ms]
2025-10-08 21:35:36.419  1161-11662 Tracking                trackingservice                      I  NIMBLE:UnifiedHandBodyEngine: Hand Tracking Processed FPS = 25.00 Hz / Camera FPS = 25.00 Hz
2025-10-08 21:35:36.421  1161-1788  Tracking                trackingservice                      W  MapDB: Attempt to load with empty list.
2025-10-08 21:35:36.422  1161-1788  Tracking                trackingservice                      W  MapDB: Attempt to load with empty list.
2025-10-08 21:35:36.422  1161-1788  Tracking                trackingservice                      W  MapDB: Attempt to load with empty list.
2025-10-08 21:35:36.422  1161-1788  Tracking                trackingservice                      W  MapDB: Attempt to load with empty list.
2025-10-08 21:35:36.438   898-7912  SyncBossInput           ven....hardware.sensors@1.0-service  I  [info   ] [rubyprq (right) 4b2be803d281e2c0]: 5760302 [info   ] {THDG}: active_connected -> inactive_connected
2025-10-08 21:35:36.427     0-0     healthd                 kernel                               W  battery l=86 v=3968 t=36.0 h=2 st=3 c=-2042775 fc=4512000 cc=6 chg=u
2025-10-08 21:35:36.499  1161-11662 Tracking                trackingservice                      I  NIMBLE:UnifiedHandBodyTracking:ExposureControl: [Throttled count=125] FMM: enabled: true; active: false
2025-10-08 21:35:36.501  1161-1788  Tracking                trackingservice                      W  MapDB: Attempt to load with empty list.
2025-10-08 21:35:36.502  1161-1788  Tracking                trackingservice                      W  MapDB: Attempt to load with empty list.
2025-10-08 21:35:36.502  1161-1788  Tracking                trackingservice                      W  MapDB: Attempt to load with empty list.
2025-10-08 21:35:36.502  1161-1788  Tracking                trackingservice                      W  MapDB: Attempt to load with empty list.
2025-10-08 21:35:36.581  1161-1788  Tracking                trackingservice                      W  MapDB: Attempt to load with empty list.
2025-10-08 21:35:36.581  1161-1788  Tracking                trackingservice                      W  MapDB: Attempt to load with empty list.
2025-10-08 21:35:36.581  1161-1788  Tracking                trackingservice                      W  MapDB: Attempt to load with empty list.
2025-10-08 21:35:36.581  1161-1788  Tracking                trackingservice                      W  MapDB: Attempt to load with empty list.
2025-10-08 21:35:36.661  1161-1785  BrokerMeth...UNTIMEIPC] trackingservice                      I  EnsureServiceStarted: SPS userMode is already IPC_USER_CURRENT
2025-10-08 21:35:36.662  1457-3504  RuntimeIpcHelperService system_server                        I  Going to start ComponentInfo{com.facebook.spatial_persistence_service/com.facebook.spatial_persistence_service.AnchorPersistenceService} as foreground, Calling uid: 1000 pid: 1161
2025-10-08 21:35:36.663  4337-4337  AnchorPers...nceService com...k.spatial_persistence_service  D  onStartCommand()
2025-10-08 21:35:36.664  4337-7954  [CT]                    com...k.spatial_persistence_service  I  SP:AP:AnchorPersistenceConfig: PreferencesManager: has_seen_spatial_data_sharing_notice_v2: true
2025-10-08 21:35:36.664  1161-1788  Tracking                trackingservice                      W  MapDB: Attempt to load with empty list.
2025-10-08 21:35:36.664  1161-1788  Tracking                trackingservice                      W  MapDB: Attempt to load with empty list.
2025-10-08 21:35:36.664  1161-1788  Tracking                trackingservice                      W  MapDB: Attempt to load with empty list.
2025-10-08 21:35:36.664  1161-1788  Tracking                trackingservice                      W  MapDB: Attempt to load with empty list.
2025-10-08 21:35:36.664  4337-7954  [CT]                    com...k.spatial_persistence_service  I  SP:AP:AnchorPersistenceConfig: PreferencesManager: spatial_data_sharing_enabled: true
2025-10-08 21:35:36.664  4337-7954  [CT]                    com...k.spatial_persistence_service  I  SP:AP:AnchorPersistenceConfig: getCloudPermissionEnabledVps: userPreference(anchor_persistence_cloud_anchor_service_enabled_vps)=true, cloudPermissionOverride: -1
2025-10-08 21:35:36.666  4337-8058  [CT]                    com...k.spatial_persistence_service  I  SlamAnchorPersistenceRuntimeIpcClient: SlamAnchorPersistenceRuntimeIpcClient: Get Features Query took 0.002076459 s. Query timestamp = 196365554844599
2025-10-08 21:35:36.666  4337-14340 [CT]                    com...k.spatial_persistence_service  W  SP:VpsModule:RequestHandler: Dropping new query due to rate limiting. event uuid: 0c01bce2-d988-ef2a-da80-33df57bbf2e6
2025-10-08 21:35:36.667  4337-14340 [CT]                    com...k.spatial_persistence_service  I  SP:VpsModule:RequestHandler: VPS request finished event uuid: 0c01bce2-d988-ef2a-da80-33df57bbf2e6
2025-10-08 21:35:36.667  4337-14340 [CT]                    com...k.spatial_persistence_service  E  SP:VpsModule:TelemertyReporter: VPS request failed with vps error code: 40000 event uuid: 0c01bce2-d988-ef2a-da80-33df57bbf2e6
2025-10-08 21:35:36.699  1141-1414  MRSS                    mrsystemservice                      I  MlStereoDisparityComputer: run inference...
2025-10-08 21:35:36.699  1141-1414  MRSS                    mrsystemservice                      I  MIXEDREALITY: RnnMotionCompensation: Warping saved frame
2025-10-08 21:35:36.707  1141-1414  MRSS                    mrsystemservice                      I  MlStereoDisparityComputer: 134859 dense disparities are generated.
2025-10-08 21:35:36.707  1141-1414  MRSS                    mrsystemservice                      I  MIXEDREALITY: RnnMotionCompensation: Saving frame
2025-10-08 21:35:36.742  1161-11109 Tracking                trackingservice                      I  Vega: [INSIGHTS] Mode=DescriptorVega,6DoF,Agg=1s,Inl=36,37,38,Mem=101.5,FrameDur=6.1,7.5,PoseLat=1.5,1.9,CamImuLat=11.5,12.2,Jit=0.0,0.0,Drops(Cam=0,IMU=0),MeanIr=17452.4,Exp(1.8ms,g=1,I=61)(1.8ms,g=1,I=61)(10.4ms,g=14,I=60)(9.4ms,g=14,I=60)(0.0ms,g=0)(0.0ms,g=0),NonInertEnv=n
2025-10-08 21:35:36.742  1161-1788  Tracking                trackingservice                      W  MapDB: Attempt to load with empty list.
2025-10-08 21:35:36.742  1161-1788  Tracking                trackingservice                      W  MapDB: Attempt to load with empty list.
2025-10-08 21:35:36.742  1161-1788  Tracking                trackingservice                      W  MapDB: Attempt to load with empty list.
2025-10-08 21:35:36.742  1161-1788  Tracking                trackingservice                      W  MapDB: Attempt to load with empty list.
2025-10-08 21:35:36.803     0-0     <no-tag>                kernel                               D  [drm:msm_framebuffer_init [msm_drm]] create framebuffer: dev=0000000000000000, mode_cmd=0000000000000000 (1920x3664@AB24)
2025-10-08 21:35:36.803     0-0     [drm:msm_f...m]] create kernel                               D  FB ID: 56 (0000000000000000)
2025-10-08 21:35:36.803     0-0     [drm:drm_m...ddfb2] [FB kernel                               D  56]
2025-10-08 21:35:36.803     0-0     <no-tag>                kernel                               D  [drm:msm_framebuffer_init [msm_drm]] create framebuffer: dev=0000000000000000, mode_cmd=0000000000000000 (1920x3664@AB24)
2025-10-08 21:35:36.803     0-0     [drm:msm_f...m]] create kernel                               D  FB ID: 60 (0000000000000000)
2025-10-08 21:35:36.803     0-0     [drm:drm_m...ddfb2] [FB kernel                               D  60]
2025-10-08 21:35:36.803     0-0     <no-tag>                kernel                               D  [drm:msm_framebuffer_init [msm_drm]] create framebuffer: dev=0000000000000000, mode_cmd=0000000000000000 (1920x3664@AB24)
2025-10-08 21:35:36.803     0-0     [drm:msm_f...m]] create kernel                               D  FB ID: 183 (0000000000000000)
2025-10-08 21:35:36.803     0-0     [drm:drm_m...ddfb2] [FB kernel                               D  183]
2025-10-08 21:35:36.803     0-0     <no-tag>                kernel                               D  [drm:msm_framebuffer_init [msm_drm]] create framebuffer: dev=0000000000000000, mode_cmd=0000000000000000 (1920x3664@AB24)
2025-10-08 21:35:36.804     0-0     [drm:msm_f...m]] create kernel                               D  FB ID: 227 (0000000000000000)
2025-10-08 21:35:36.804     0-0     [drm:drm_m...ddfb2] [FB kernel                               D  227]
2025-10-08 21:35:36.804     0-0     <no-tag>                kernel                               D  [drm:msm_property_atomic_set [msm_drm]] RETIRE_FENCE_OFFSET - 1
2025-10-08 21:35:36.804     0-0     <no-tag>                kernel                               D  [drm:msm_property_atomic_set [msm_drm]] RETIRE_FENCE - 540435396464
2025-10-08 21:35:36.804     0-0     <no-tag>                kernel                               D  [drm:msm_property_atomic_set [msm_drm]] output_fence - 540435396472
2025-10-08 21:35:36.804     0-0     <no-tag>                kernel                               D  [drm:drm_mode_debug_printmodeline] Modeline "1920x3664x90vid": 90 950019 1920 2030 2054 2142 3664 4912 4914 4928 0x0 0x0
2025-10-08 21:35:36.804     0-0     <no-tag>                kernel                               D  [drm:sde_cp_crtc_check_properties [msm_drm]] no partial update required
2025-10-08 21:35:36.804     0-0     <no-tag>                kernel                               D  [drm:sde_cp_crtc_check_properties [msm_drm]] State dirty list is empty
2025-10-08 21:35:36.804     0-0     [drm:sde_p...m]] FB[56] kernel                               D  iova[0]: fe400000 (0)
2025-10-08 21:35:36.804     0-0     [drm:sde_p...m]] FB[56] kernel                               D  iova[0]: fe400000 (0)
2025-10-08 21:35:36.805     0-0     [drm:msm_a...rm]] start kernel                               D  00000001
2025-10-08 21:35:36.805     0-0     <no-tag>                kernel                               D  [drm:sde_cp_crtc_apply_properties [msm_drm]] no partial update required
2025-10-08 21:35:36.805     0-0     <no-tag>                kernel                               D  [drm:_sde_cp_crtc_commit_feature [msm_drm]] Add feature to active list 195
2025-10-08 21:35:36.805     0-0     <no-tag>                kernel                               D  [drm:_sde_cp_crtc_commit_feature [msm_drm]] Add feature to active list 196
2025-10-08 21:35:36.805     0-0     <no-tag>                kernel                               D  [drm:msm_property_pop_dirty [msm_drm]] property 11 dirty
2025-10-08 21:35:36.805     0-0     <no-tag>                kernel                               D  [drm:msm_property_pop_dirty [msm_drm]] property 10 dirty
2025-10-08 21:35:36.823  1161-1788  Tracking                trackingservice                      W  MapDB: Attempt to load with empty list.
2025-10-08 21:35:36.823  1161-1788  Tracking                trackingservice                      W  MapDB: Attempt to load with empty list.
2025-10-08 21:35:36.823  1161-1788  Tracking                trackingservice                      W  MapDB: Attempt to load with empty list.
2025-10-08 21:35:36.823  1161-1788  Tracking                trackingservice                      W  MapDB: Attempt to load with empty list.
2025-10-08 21:35:36.813     0-0     [drm:compl..._drm]] end kernel                               D  00000001
2025-10-08 21:35:36.813     0-0     <no-tag>                kernel                               D  [drm:msm_framebuffer_init [msm_drm]] create framebuffer: dev=0000000000000000, mode_cmd=0000000000000000 (1920x3664@AB24)
2025-10-08 21:35:36.813     0-0     [drm:msm_f...m]] create kernel                               D  FB ID: 228 (0000000000000000)
2025-10-08 21:35:36.813     0-0     [drm:drm_m...ddfb2] [FB kernel                               D  228]
2025-10-08 21:35:36.813     0-0     <no-tag>                kernel                               D  [drm:msm_framebuffer_init [msm_drm]] create framebuffer: dev=0000000000000000, mode_cmd=0000000000000000 (1920x3664@AB24)
2025-10-08 21:35:36.813     0-0     [drm:msm_f...m]] create kernel                               D  FB ID: 231 (0000000000000000)
2025-10-08 21:35:36.813     0-0     [drm:drm_m...ddfb2] [FB kernel                               D  231]
2025-10-08 21:35:36.813     0-0     <no-tag>                kernel                               D  [drm:msm_framebuffer_init [msm_drm]] create framebuffer: dev=0000000000000000, mode_cmd=0000000000000000 (1920x3664@AB24)
2025-10-08 21:35:36.813     0-0     [drm:msm_f...m]] create kernel                               D  FB ID: 232 (0000000000000000)
2025-10-08 21:35:36.813     0-0     [drm:drm_m...ddfb2] [FB kernel                               D  232]
2025-10-08 21:35:36.813     0-0     <no-tag>                kernel                               D  [drm:msm_framebuffer_init [msm_drm]] create framebuffer: dev=0000000000000000, mode_cmd=0000000000000000 (1920x3664@AB24)
2025-10-08 21:35:36.813     0-0     [drm:msm_f...m]] create kernel                               D  FB ID: 233 (0000000000000000)
2025-10-08 21:35:36.813     0-0     [drm:drm_m...ddfb2] [FB kernel                               D  233]
