2025-10-08 21:35:47.825     0-0     [drm:drm_m...ddfb2] [FB kernel                               D  227]
2025-10-08 21:35:47.825     0-0     <no-tag>                kernel                               D  [drm:msm_property_atomic_set [msm_drm]] RETIRE_FENCE_OFFSET - 1
2025-10-08 21:35:47.825     0-0     <no-tag>                kernel                               D  [drm:msm_property_atomic_set [msm_drm]] RETIRE_FENCE - 540435396464
2025-10-08 21:35:47.825     0-0     <no-tag>                kernel                               D  [drm:msm_property_atomic_set [msm_drm]] output_fence - 540435396472
2025-10-08 21:35:47.825     0-0     <no-tag>                kernel                               D  [drm:drm_mode_debug_printmodeline] Modeline "1920x3664x90vid": 90 950019 1920 2030 2054 2142 3664 4912 4914 4928 0x0 0x0
2025-10-08 21:35:47.825     0-0     <no-tag>                kernel                               D  [drm:sde_cp_crtc_check_properties [msm_drm]] no partial update required
2025-10-08 21:35:47.825     0-0     <no-tag>                kernel                               D  [drm:sde_cp_crtc_check_properties [msm_drm]] State dirty list is empty
2025-10-08 21:35:47.825     0-0     [drm:sde_p...m]] FB[56] kernel                               D  iova[0]: fe400000 (0)
2025-10-08 21:35:47.826     0-0     [drm:sde_p...m]] FB[56] kernel                               D  iova[0]: fe400000 (0)
2025-10-08 21:35:47.826     0-0     [drm:msm_a...rm]] start kernel                               D  00000001
2025-10-08 21:35:47.826     0-0     <no-tag>                kernel                               D  [drm:sde_cp_crtc_apply_properties [msm_drm]] no partial update required
2025-10-08 21:35:47.826     0-0     <no-tag>                kernel                               D  [drm:_sde_cp_crtc_commit_feature [msm_drm]] Add feature to active list 195
2025-10-08 21:35:47.826     0-0     <no-tag>                kernel                               D  [drm:_sde_cp_crtc_commit_feature [msm_drm]] Add feature to active list 196
2025-10-08 21:35:47.826     0-0     <no-tag>                kernel                               D  [drm:msm_property_pop_dirty [msm_drm]] property 11 dirty
2025-10-08 21:35:47.826     0-0     <no-tag>                kernel                               D  [drm:msm_property_pop_dirty [msm_drm]] property 10 dirty
2025-10-08 21:35:47.835     0-0     [drm:compl..._drm]] end kernel                               D  00000001
2025-10-08 21:35:47.835     0-0     <no-tag>                kernel                               D  [drm:msm_framebuffer_init [msm_drm]] create framebuffer: dev=0000000000000000, mode_cmd=0000000000000000 (1920x3664@AB24)
2025-10-08 21:35:47.835     0-0     [drm:msm_f...m]] create kernel                               D  FB ID: 228 (0000000000000000)
2025-10-08 21:35:47.835     0-0     [drm:drm_m...ddfb2] [FB kernel                               D  228]
2025-10-08 21:35:47.835     0-0     <no-tag>                kernel                               D  [drm:msm_framebuffer_init [msm_drm]] create framebuffer: dev=0000000000000000, mode_cmd=0000000000000000 (1920x3664@AB24)
2025-10-08 21:35:47.835     0-0     [drm:msm_f...m]] create kernel                               D  FB ID: 231 (0000000000000000)
2025-10-08 21:35:47.835     0-0     [drm:drm_m...ddfb2] [FB kernel                               D  231]
2025-10-08 21:35:47.835     0-0     <no-tag>                kernel                               D  [drm:msm_framebuffer_init [msm_drm]] create framebuffer: dev=0000000000000000, mode_cmd=0000000000000000 (1920x3664@AB24)
2025-10-08 21:35:47.835     0-0     [drm:msm_f...m]] create kernel                               D  FB ID: 232 (0000000000000000)
2025-10-08 21:35:47.836     0-0     [drm:drm_m...ddfb2] [FB kernel                               D  232]
2025-10-08 21:35:47.836     0-0     <no-tag>                kernel                               D  [drm:msm_framebuffer_init [msm_drm]] create framebuffer: dev=0000000000000000, mode_cmd=0000000000000000 (1920x3664@AB24)
2025-10-08 21:35:47.836     0-0     [drm:msm_f...m]] create kernel                               D  FB ID: 233 (0000000000000000)
2025-10-08 21:35:47.836     0-0     [drm:drm_m...ddfb2] [FB kernel                               D  233]
2025-10-08 21:35:47.836     0-0     <no-tag>                kernel                               D  [drm:msm_property_atomic_set [msm_drm]] RETIRE_FENCE_OFFSET - 1
2025-10-08 21:35:47.836     0-0     <no-tag>                kernel                               D  [drm:msm_property_atomic_set [msm_drm]] RETIRE_FENCE - 540435396464
2025-10-08 21:35:47.836     0-0     <no-tag>                kernel                               D  [drm:msm_property_atomic_set [msm_drm]] output_fence - 540435396472
2025-10-08 21:35:47.836     0-0     <no-tag>                kernel                               D  [drm:drm_mode_debug_printmodeline] Modeline "1920x3664x90vid": 90 950019 1920 2030 2054 2142 3664 4912 4914 4928 0x0 0x0
2025-10-08 21:35:47.836     0-0     <no-tag>                kernel                               D  [drm:sde_cp_crtc_check_properties [msm_drm]] no partial update required
2025-10-08 21:35:47.836     0-0     <no-tag>                kernel                               D  [drm:sde_cp_crtc_check_properties [msm_drm]] State dirty list is empty
2025-10-08 21:35:47.836     0-0     [drm:sde_p...]] FB[228] kernel                               D  iova[0]: fe400000 (0)
2025-10-08 21:35:47.836     0-0     [drm:sde_p...]] FB[228] kernel                               D  iova[0]: fe400000 (0)
2025-10-08 21:35:47.837     0-0     [drm:msm_a...rm]] start kernel                               D  00000001
2025-10-08 21:35:47.837     0-0     <no-tag>                kernel                               D  [drm:sde_cp_crtc_apply_properties [msm_drm]] no partial update required
2025-10-08 21:35:47.837     0-0     <no-tag>                kernel                               D  [drm:_sde_cp_crtc_commit_feature [msm_drm]] Add feature to active list 195
2025-10-08 21:35:47.837     0-0     <no-tag>                kernel                               D  [drm:_sde_cp_crtc_commit_feature [msm_drm]] Add feature to active list 196
2025-10-08 21:35:47.837     0-0     <no-tag>                kernel                               D  [drm:msm_property_pop_dirty [msm_drm]] property 11 dirty
2025-10-08 21:35:47.837     0-0     <no-tag>                kernel                               D  [drm:msm_property_pop_dirty [msm_drm]] property 10 dirty
2025-10-08 21:35:47.859   893-915   SyncBossFW              ven...us.hardware.catty@1.0-service  I  7801462 [info   ] {PERF}: [rate_lim=300000] cpu load cur=0.5036 min=0.1255 max=0.5991 avg=0.3458
2025-10-08 21:35:47.861  1161-1785  BrokerMeth...UNTIMEIPC] trackingservice                      I  EnsureServiceStarted: SPS userMode is already IPC_USER_CURRENT
2025-10-08 21:35:47.862  1457-3456  RuntimeIpcHelperService system_server                        I  Going to start ComponentInfo{com.facebook.spatial_persistence_service/com.facebook.spatial_persistence_service.AnchorPersistenceService} as foreground, Calling uid: 1000 pid: 1161
2025-10-08 21:35:47.846     0-0     [drm:compl..._drm]] end kernel                               D  00000001
2025-10-08 21:35:47.863  4337-4337  AnchorPers...nceService com...k.spatial_persistence_service  D  onStartCommand()
2025-10-08 21:35:47.864  4337-7954  [CT]                    com...k.spatial_persistence_service  I  SP:AP:AnchorPersistenceConfig: PreferencesManager: has_seen_spatial_data_sharing_notice_v2: true
2025-10-08 21:35:47.864  1161-1788  Tracking                trackingservice                      W  MapDB: Attempt to load with empty list.
2025-10-08 21:35:47.864  1161-1788  Tracking                trackingservice                      W  MapDB: Attempt to load with empty list.
2025-10-08 21:35:47.864  1161-1788  Tracking                trackingservice                      W  MapDB: Attempt to load with empty list.
2025-10-08 21:35:47.864  1161-1788  Tracking                trackingservice                      W  MapDB: Attempt to load with empty list.
2025-10-08 21:35:47.864  4337-7954  [CT]                    com...k.spatial_persistence_service  I  SP:AP:AnchorPersistenceConfig: PreferencesManager: spatial_data_sharing_enabled: true
2025-10-08 21:35:47.865  4337-7954  [CT]                    com...k.spatial_persistence_service  I  SP:AP:AnchorPersistenceConfig: getCloudPermissionEnabledVps: userPreference(anchor_persistence_cloud_anchor_service_enabled_vps)=true, cloudPermissionOverride: -1
2025-10-08 21:35:47.866  4337-8058  [CT]                    com...k.spatial_persistence_service  I  SlamAnchorPersistenceRuntimeIpcClient: SlamAnchorPersistenceRuntimeIpcClient: Get Features Query took 0.001661042 s. Query timestamp = 196376754910558
2025-10-08 21:35:47.867  4337-14340 [CT]                    com...k.spatial_persistence_service  W  SP:VpsModule:RequestHandler: Dropping new query due to rate limiting. event uuid: 69beaf04-4939-feca-8e99-d83a1b22d2b6
2025-10-08 21:35:47.867  4337-14340 [CT]                    com...k.spatial_persistence_service  I  SP:VpsModule:RequestHandler: VPS request finished event uuid: 69beaf04-4939-feca-8e99-d83a1b22d2b6
2025-10-08 21:35:47.867  4337-14340 [CT]                    com...k.spatial_persistence_service  E  SP:VpsModule:TelemertyReporter: VPS request failed with vps error code: 40000 event uuid: 69beaf04-4939-feca-8e99-d83a1b22d2b6
2025-10-08 21:35:47.942  1161-1788  Tracking                trackingservice                      W  MapDB: Attempt to load with empty list.
2025-10-08 21:35:47.942  1161-1788  Tracking                trackingservice                      W  MapDB: Attempt to load with empty list.
2025-10-08 21:35:47.942  1161-1788  Tracking                trackingservice                      W  MapDB: Attempt to load with empty list.
2025-10-08 21:35:47.942  1161-1788  Tracking                trackingservice                      W  MapDB: Attempt to load with empty list.
2025-10-08 21:35:48.010  3627-11138 VrApi                   com.oculus.vrshell                   I  FPS=91/90,Prd=32ms,Tear=0,Early=0,Stale=0,Stale2/5/10/max=0/0/0/0,VSnc=1,Lat=-1,Fov=0,CPU4/GPU=3/3,1651/492MHz,OC=3F,TA=0/0/0,SP=N/N/N,Mem=3196MHz,Free=2958MB,PLS=0,Temp=28.0C/0.0C,TW=1.84ms,App=6.37ms,GD=0.61ms,CPU&GPU=16.75ms,LCnt=8(DR91,LM6),GPU%=0.84,CPU%=0.36(W0.42),CFL=10.85/14.31,ICFLp95=13.40,LD=0,SF=1.00,LP=0,DVFS=0,ShrpLCnt=3,ShrpR=0.000,SSLCnt=2/4
2025-10-08 21:35:48.022  1161-1788  Tracking                trackingservice                      W  MapDB: Attempt to load with empty list.
2025-10-08 21:35:48.022  1161-1788  Tracking                trackingservice                      W  MapDB: Attempt to load with empty list.
2025-10-08 21:35:48.022  1161-1788  Tracking                trackingservice                      W  MapDB: Attempt to load with empty list.
2025-10-08 21:35:48.022  1161-1788  Tracking                trackingservice                      W  MapDB: Attempt to load with empty list.
2025-10-08 21:35:48.101  1161-1788  Tracking                trackingservice                      W  MapDB: Attempt to load with empty list.
2025-10-08 21:35:48.101  1161-1788  Tracking                trackingservice                      W  MapDB: Attempt to load with empty list.
2025-10-08 21:35:48.101  1161-1788  Tracking                trackingservice                      W  MapDB: Attempt to load with empty list.
2025-10-08 21:35:48.101  1161-1788  Tracking                trackingservice                      W  MapDB: Attempt to load with empty list.
2025-10-08 21:35:48.104  1141-11627 MRSS                    mrsystemservice                      I  MIXEDREALITY: MrSystemService: FramesetTelemetry: valid: -/-, stereo/depth/color: avail:  300/   0/ 600, accepted %: 100.0/0.0/100.0, dropped %: 0.0/0.0/0.0, valid %: 100.0/0.0/100.0, textured %: 0.0/0.0/100.0.
2025-10-08 21:35:48.104  1141-11627 MRSS                    mrsystemservice                      I  MIXEDREALITY: MrSystemService: FramesetTelemetry: timeouts stereo/color: compute side: 0/0, render side: 0/0, egl: 0.
2025-10-08 21:35:48.110   897-11070 VD628x                  ven....hardware.sensors@1.0-flicker  I  Flicker results: freq 100.000000, max 99.853333, dcr 37.869904, pct 0.082916, idx 0.006894, conf 0.602990, snr -10.733829, svm 0.024093, sus 1
2025-10-08 21:35:48.181  1161-1788  Tracking                trackingservice                      W  MapDB: Attempt to load with empty list.
2025-10-08 21:35:48.181  1161-1788  Tracking                trackingservice                      W  MapDB: Attempt to load with empty list.
2025-10-08 21:35:48.181  1161-1788  Tracking                trackingservice                      W  MapDB: Attempt to load with empty list.
2025-10-08 21:35:48.181  1161-1788  Tracking                trackingservice                      W  MapDB: Attempt to load with empty list.
2025-10-08 21:35:48.261  1161-1788  Tracking                trackingservice                      W  MapDB: Attempt to load with empty list.
2025-10-08 21:35:48.261  1161-1788  Tracking                trackingservice                      W  MapDB: Attempt to load with empty list.
2025-10-08 21:35:48.261  1161-1788  Tracking                trackingservice                      W  MapDB: Attempt to load with empty list.
2025-10-08 21:35:48.261  1161-1788  Tracking                trackingservice                      W  MapDB: Attempt to load with empty list.
2025-10-08 21:35:48.306   898-11636 libcamerahal            ven....hardware.sensors@1.0-service  I  [INSIGHTS][2.02s] recv/ret/req heartbeat: cam4: 101/101/101, cam5: 101/101/101
2025-10-08 21:35:48.342  1161-1788  Tracking                trackingservice                      W  MapDB: Attempt to load with empty list.
2025-10-08 21:35:48.342  1161-1788  Tracking                trackingservice                      W  MapDB: Attempt to load with empty list.
2025-10-08 21:35:48.342  1161-1788  Tracking                trackingservice                      W  MapDB: Attempt to load with empty list.
2025-10-08 21:35:48.342  1161-1788  Tracking                trackingservice                      W  MapDB: Attempt to load with empty list.
2025-10-08 21:35:48.402  2824-11784 HorizonDsatHelper       com.oculus.horizon                   I  fetchTokenValueAsync - callingPackage: com.oculus.socialplatform, actionName: com.oculus.auth.ACTION_FETCH_HORIZON_DEVICE_SCOPED_CREDENTIALS
2025-10-08 21:35:48.402  2824-11784 HorizonDsatHelper       com.oculus.horizon                   I  fetchTokenAsync - forceRefresh: false, actionName: com.oculus.auth.ACTION_FETCH_HORIZON_DEVICE_SCOPED_CREDENTIALS
2025-10-08 21:35:48.402  2824-11784 HorizonDsatHelper       com.oculus.horizon                   I  Returning stored token
2025-10-08 21:35:48.402  2824-11784 AuthLogger              com.oculus.horizon                   I  Action succeeded: OBTAIN_TOKEN, callingPackage: com.oculus.socialplatform, accountType: com.oculus, tokenType: dsat, extras: {logging_source=HorizonDsatHelper, options={"forceRefresh":false,"method":"fetchTokenValueAsync","isCachedToken":true}, token_scope=ROOT, outcome=token, status=success}, duration: 0ms
2025-10-08 21:35:48.403  2824-11784 HorizonDsatHelper       com.oculus.horizon                   I  fetchTokenAsync:: OnResult - callingPackage: com.oculus.socialplatform, actionName: com.oculus.auth.ACTION_FETCH_HORIZON_DEVICE_SCOPED_CREDENTIALS, forceRefresh: false, isResultPresent: true
2025-10-08 21:35:48.421  1161-1785  BrokerMeth...UNTIMEIPC] trackingservice                      I  EnsureServiceStarted: SPS userMode is already IPC_USER_CURRENT
2025-10-08 21:35:48.422  1457-3456  RuntimeIpcHelperService system_server                        I  Going to start ComponentInfo{com.facebook.spatial_persistence_service/com.facebook.spatial_persistence_service.AnchorPersistenceService} as foreground, Calling uid: 1000 pid: 1161
2025-10-08 21:35:48.423  4337-4337  AnchorPers...nceService com...k.spatial_persistence_service  D  onStartCommand()
2025-10-08 21:35:48.423  1161-1788  Tracking                trackingservice                      W  MapDB: Attempt to load with empty list.
2025-10-08 21:35:48.423  1161-1788  Tracking                trackingservice                      W  MapDB: Attempt to load with empty list.
2025-10-08 21:35:48.423  1161-1788  Tracking                trackingservice                      W  MapDB: Attempt to load with empty list.
2025-10-08 21:35:48.423  1161-1788  Tracking                trackingservice                      W  MapDB: Attempt to load with empty list.
2025-10-08 21:35:48.423  4337-7954  [CT]                    com...k.spatial_persistence_service  I  SP:AP:AnchorPersistenceConfig: PreferencesManager: has_seen_spatial_data_sharing_notice_v2: true
2025-10-08 21:35:48.424  4337-7954  [CT]                    com...k.spatial_persistence_service  I  SP:AP:AnchorPersistenceConfig: PreferencesManager: spatial_data_sharing_enabled: true
2025-10-08 21:35:48.424  4337-7954  [CT]                    com...k.spatial_persistence_service  I  SP:AP:AnchorPersistenceConfig: getCloudPermissionEnabledVps: userPreference(anchor_persistence_cloud_anchor_service_enabled_vps)=true, cloudPermissionOverride: -1
2025-10-08 21:35:48.426  4337-8058  [CT]                    com...k.spatial_persistence_service  I  SlamAnchorPersistenceRuntimeIpcClient: SlamAnchorPersistenceRuntimeIpcClient: Get Features Query took 0.002010209 s. Query timestamp = 196377316407750
2025-10-08 21:35:48.426  4337-14340 [CT]                    com...k.spatial_persistence_service  W  SP:VpsModule:RequestHandler: Dropping new query due to rate limiting. event uuid: d561bfc3-225c-e781-80f2-cc9542fb3208
2025-10-08 21:35:48.426  4337-14340 [CT]                    com...k.spatial_persistence_service  I  SP:VpsModule:RequestHandler: VPS request finished event uuid: d561bfc3-225c-e781-80f2-cc9542fb3208
2025-10-08 21:35:48.426  4337-14340 [CT]                    com...k.spatial_persistence_service  E  SP:VpsModule:TelemertyReporter: VPS request failed with vps error code: 40000 event uuid: d561bfc3-225c-e781-80f2-cc9542fb3208
2025-10-08 21:35:48.501  1161-1788  Tracking                trackingservice                      W  MapDB: Attempt to load with empty list.
2025-10-08 21:35:48.501  1161-1788  Tracking                trackingservice                      W  MapDB: Attempt to load with empty list.
2025-10-08 21:35:48.501  1161-1788  Tracking                trackingservice                      W  MapDB: Attempt to load with empty list.
2025-10-08 21:35:48.501  1161-1788  Tracking                trackingservice                      W  MapDB: Attempt to load with empty list.
2025-10-08 21:35:48.581  1161-1788  Tracking                trackingservice                      W  MapDB: Attempt to load with empty list.
2025-10-08 21:35:48.581  1161-1788  Tracking                trackingservice                      W  MapDB: Attempt to load with empty list.
2025-10-08 21:35:48.581  1161-1788  Tracking                trackingservice                      W  MapDB: Attempt to load with empty list.
2025-10-08 21:35:48.581  1161-1788  Tracking                trackingservice                      W  MapDB: Attempt to load with empty list.
2025-10-08 21:35:48.642 14321-14321 [SUI] SocialViewModel   com.oculus.systemux                  E  Failed to fetch current party data
2025-10-08 21:35:48.661  1161-1788  Tracking                trackingservice                      W  MapDB: Attempt to load with empty list.
2025-10-08 21:35:48.661  1161-1788  Tracking                trackingservice                      W  MapDB: Attempt to load with empty list.
2025-10-08 21:35:48.661  1161-1788  Tracking                trackingservice                      W  MapDB: Attempt to load with empty list.
2025-10-08 21:35:48.661  1161-1788  Tracking                trackingservice                      W  MapDB: Attempt to load with empty list.
2025-10-08 21:35:48.704  1120-11785 healthcounters          telemetry                            I  healthcounters::hcstore: Starting upload.
2025-10-08 21:35:48.742  1161-1788  Tracking                trackingservice                      W  MapDB: Attempt to load with empty list.
2025-10-08 21:35:48.742  1161-1788  Tracking                trackingservice                      W  MapDB: Attempt to load with empty list.
2025-10-08 21:35:48.742  1161-1788  Tracking                trackingservice                      W  MapDB: Attempt to load with empty list.
2025-10-08 21:35:48.742  1161-1788  Tracking                trackingservice                      W  MapDB: Attempt to load with empty list.
2025-10-08 21:35:48.822  1161-1788  Tracking                trackingservice                      W  MapDB: Attempt to load with empty list.
2025-10-08 21:35:48.822  1161-1788  Tracking                trackingservice                      W  MapDB: Attempt to load with empty list.
2025-10-08 21:35:48.822  1161-1788  Tracking                trackingservice                      W  MapDB: Attempt to load with empty list.
2025-10-08 21:35:48.822  1161-1788  Tracking                trackingservice                      W  MapDB: Attempt to load with empty list.
2025-10-08 21:35:48.824     0-0     <no-tag>                kernel                               D  [drm:msm_framebuffer_init [msm_drm]] create framebuffer: dev=0000000000000000, mode_cmd=0000000000000000 (1920x3664@AB24)
2025-10-08 21:35:48.824     0-0     [drm:msm_f...m]] create kernel                               D  FB ID: 56 (0000000000000000)
2025-10-08 21:35:48.824     0-0     [drm:drm_m...ddfb2] [FB kernel                               D  56]
2025-10-08 21:35:48.825     0-0     <no-tag>                kernel                               D  [drm:msm_framebuffer_init [msm_drm]] create framebuffer: dev=0000000000000000, mode_cmd=0000000000000000 (1920x3664@AB24)
2025-10-08 21:35:48.825     0-0     [drm:msm_f...m]] create kernel                               D  FB ID: 60 (0000000000000000)
2025-10-08 21:35:48.825     0-0     [drm:drm_m...ddfb2] [FB kernel                               D  60]
2025-10-08 21:35:48.825     0-0     <no-tag>                kernel                               D  [drm:msm_framebuffer_init [msm_drm]] create framebuffer: dev=0000000000000000, mode_cmd=0000000000000000 (1920x3664@AB24)
2025-10-08 21:35:48.825     0-0     [drm:msm_f...m]] create kernel                               D  FB ID: 183 (0000000000000000)
2025-10-08 21:35:48.825     0-0     [drm:drm_m...ddfb2] [FB kernel                               D  183]
2025-10-08 21:35:48.825     0-0     <no-tag>                kernel                               D  [drm:msm_framebuffer_init [msm_drm]] create framebuffer: dev=0000000000000000, mode_cmd=0000000000000000 (1920x3664@AB24)
2025-10-08 21:35:48.825     0-0     [drm:msm_f...m]] create kernel                               D  FB ID: 227 (0000000000000000)
2025-10-08 21:35:48.825     0-0     [drm:drm_m...ddfb2] [FB kernel                               D  227]
2025-10-08 21:35:48.825     0-0     <no-tag>                kernel                               D  [drm:msm_property_atomic_set [msm_drm]] RETIRE_FENCE_OFFSET - 1
2025-10-08 21:35:48.825     0-0     <no-tag>                kernel                               D  [drm:msm_property_atomic_set [msm_drm]] RETIRE_FENCE - 540435396464
2025-10-08 21:35:48.825     0-0     <no-tag>                kernel                               D  [drm:msm_property_atomic_set [msm_drm]] output_fence - 540435396472
2025-10-08 21:35:48.825     0-0     <no-tag>                kernel                               D  [drm:drm_mode_debug_printmodeline] Modeline "1920x3664x90vid": 90 950019 1920 2030 2054 2142 3664 4912 4914 4928 0x0 0x0
2025-10-08 21:35:48.826     0-0     <no-tag>                kernel                               D  [drm:sde_cp_crtc_check_properties [msm_drm]] no partial update required
2025-10-08 21:35:48.826     0-0     <no-tag>                kernel                               D  [drm:sde_cp_crtc_check_properties [msm_drm]] State dirty list is empty
2025-10-08 21:35:48.826     0-0     [drm:sde_p...m]] FB[56] kernel                               D  iova[0]: fe400000 (0)
2025-10-08 21:35:48.826     0-0     [drm:sde_p...m]] FB[56] kernel                               D  iova[0]: fe400000 (0)
2025-10-08 21:35:48.826     0-0     [drm:msm_a...rm]] start kernel                               D  00000001
2025-10-08 21:35:48.826     0-0     <no-tag>                kernel                               D  [drm:sde_cp_crtc_apply_properties [msm_drm]] no partial update required
2025-10-08 21:35:48.826     0-0     <no-tag>                kernel                               D  [drm:_sde_cp_crtc_commit_feature [msm_drm]] Add feature to active list 195
2025-10-08 21:35:48.826     0-0     <no-tag>                kernel                               D  [drm:_sde_cp_crtc_commit_feature [msm_drm]] Add feature to active list 196
2025-10-08 21:35:48.827     0-0     <no-tag>                kernel                               D  [drm:msm_property_pop_dirty [msm_drm]] property 11 dirty
2025-10-08 21:35:48.827     0-0     <no-tag>                kernel                               D  [drm:msm_property_pop_dirty [msm_drm]] property 10 dirty
2025-10-08 21:35:48.835     0-0     [drm:compl..._drm]] end kernel                               D  00000001
2025-10-08 21:35:48.835     0-0     <no-tag>                kernel                               D  [drm:msm_framebuffer_init [msm_drm]] create framebuffer: dev=0000000000000000, mode_cmd=0000000000000000 (1920x3664@AB24)
2025-10-08 21:35:48.835     0-0     [drm:msm_f...m]] create kernel                               D  FB ID: 228 (0000000000000000)
2025-10-08 21:35:48.835     0-0     [drm:drm_m...ddfb2] [FB kernel                               D  228]
2025-10-08 21:35:48.835     0-0     <no-tag>                kernel                               D  [drm:msm_framebuffer_init [msm_drm]] create framebuffer: dev=0000000000000000, mode_cmd=0000000000000000 (1920x3664@AB24)
2025-10-08 21:35:48.835     0-0     [drm:msm_f...m]] create kernel                               D  FB ID: 231 (0000000000000000)
2025-10-08 21:35:48.835     0-0     [drm:drm_m...ddfb2] [FB kernel                               D  231]
2025-10-08 21:35:48.835     0-0     <no-tag>                kernel                               D  [drm:msm_framebuffer_init [msm_drm]] create framebuffer: dev=0000000000000000, mode_cmd=0000000000000000 (1920x3664@AB24)
2025-10-08 21:35:48.835     0-0     [drm:msm_f...m]] create kernel                               D  FB ID: 232 (0000000000000000)
2025-10-08 21:35:48.835     0-0     [drm:drm_m...ddfb2] [FB kernel                               D  232]
2025-10-08 21:35:48.836     0-0     <no-tag>                kernel                               D  [drm:msm_framebuffer_init [msm_drm]] create framebuffer: dev=0000000000000000, mode_cmd=0000000000000000 (1920x3664@AB24)
2025-10-08 21:35:48.836     0-0     [drm:msm_f...m]] create kernel                               D  FB ID: 233 (0000000000000000)
2025-10-08 21:35:48.836     0-0     [drm:drm_m...ddfb2] [FB kernel                               D  233]
2025-10-08 21:35:48.836     0-0     <no-tag>                kernel                               D  [drm:msm_property_atomic_set [msm_drm]] RETIRE_FENCE_OFFSET - 1
2025-10-08 21:35:48.836     0-0     <no-tag>                kernel                               D  [drm:msm_property_atomic_set [msm_drm]] RETIRE_FENCE - 540435396464
2025-10-08 21:35:48.836     0-0     <no-tag>                kernel                               D  [drm:msm_property_atomic_set [msm_drm]] output_fence - 540435396472
2025-10-08 21:35:48.836     0-0     <no-tag>                kernel                               D  [drm:drm_mode_debug_printmodeline] Modeline "1920x3664x90vid": 90 950019 1920 2030 2054 2142 3664 4912 4914 4928 0x0 0x0
2025-10-08 21:35:48.836     0-0     <no-tag>                kernel                               D  [drm:sde_cp_crtc_check_properties [msm_drm]] no partial update required
2025-10-08 21:35:48.836     0-0     <no-tag>                kernel                               D  [drm:sde_cp_crtc_check_properties [msm_drm]] State dirty list is empty
2025-10-08 21:35:48.836     0-0     [drm:sde_p...]] FB[228] kernel                               D  iova[0]: fe400000 (0)
2025-10-08 21:35:48.836     0-0     [drm:sde_p...]] FB[228] kernel                               D  iova[0]: fe400000 (0)
2025-10-08 21:35:48.836     0-0     [drm:msm_a...rm]] start kernel                               D  00000001
2025-10-08 21:35:48.837     0-0     <no-tag>                kernel                               D  [drm:sde_cp_crtc_apply_properties [msm_drm]] no partial update required
2025-10-08 21:35:48.837     0-0     <no-tag>                kernel                               D  [drm:_sde_cp_crtc_commit_feature [msm_drm]] Add feature to active list 195
2025-10-08 21:35:48.837     0-0     <no-tag>                kernel                               D  [drm:_sde_cp_crtc_commit_feature [msm_drm]] Add feature to active list 196
2025-10-08 21:35:48.837     0-0     <no-tag>                kernel                               D  [drm:msm_property_pop_dirty [msm_drm]] property 11 dirty
2025-10-08 21:35:48.837     0-0     <no-tag>                kernel                               D  [drm:msm_property_pop_dirty [msm_drm]] property 10 dirty
2025-10-08 21:35:48.855   897-11070 VD628x                  ven....hardware.sensors@1.0-flicker  I  Flicker results: freq 100.000000, max 99.806602, dcr 37.869904, pct 0.082916, idx 0.006894, conf 0.590855, snr -10.733829, svm 0.023274, sus 1
2025-10-08 21:35:48.846     0-0     [drm:compl..._drm]] end kernel                               D  00000001
2025-10-08 21:35:48.900  1161-11109 Tracking                trackingservice                      I  Vega: [INSIGHTS] Mode=DescriptorVega,6DoF,Agg=13s,Inl=25,32,39,Mem=101.4,FrameDur=6.2,10.1,PoseLat=1.4,2.3,CamImuLat=12.2,21.0,Jit=0.0,0.0,Drops(Cam=0,IMU=0),MeanIr=17482.7,Exp(1.8ms,g=1,I=61)(1.8ms,g=1,I=61)(10.4ms,g=14,I=60)(9.8ms,g=14,I=60)(0.0ms,g=0)(0.0ms,g=0),NonInertEnv=n
2025-10-08 21:35:48.901  1161-1788  Tracking                trackingservice                      W  MapDB: Attempt to load with empty list.
2025-10-08 21:35:48.901  1161-1788  Tracking                trackingservice                      W  MapDB: Attempt to load with empty list.
2025-10-08 21:35:48.901  1161-1788  Tracking                trackingservice                      W  MapDB: Attempt to load with empty list.
2025-10-08 21:35:48.901  1161-1788  Tracking                trackingservice                      W  MapDB: Attempt to load with empty list.
2025-10-08 21:35:48.981  1161-1785  BrokerMeth...UNTIMEIPC] trackingservice                      I  EnsureServiceStarted: SPS userMode is already IPC_USER_CURRENT
2025-10-08 21:35:48.982  1457-3456  RuntimeIpcHelperService system_server                        I  Going to start ComponentInfo{com.facebook.spatial_persistence_service/com.facebook.spatial_persistence_service.AnchorPersistenceService} as foreground, Calling uid: 1000 pid: 1161
2025-10-08 21:35:48.982  4337-4337  AnchorPers...nceService com...k.spatial_persistence_service  D  onStartCommand()
2025-10-08 21:35:48.983  4337-7954  [CT]                    com...k.spatial_persistence_service  I  SP:AP:AnchorPersistenceConfig: PreferencesManager: has_seen_spatial_data_sharing_notice_v2: true
2025-10-08 21:35:48.983  1161-1788  Tracking                trackingservice                      W  MapDB: Attempt to load with empty list.
2025-10-08 21:35:48.983  1161-1788  Tracking                trackingservice                      W  MapDB: Attempt to load with empty list.
2025-10-08 21:35:48.983  1161-1788  Tracking                trackingservice                      W  MapDB: Attempt to load with empty list.
2025-10-08 21:35:48.983  1161-1788  Tracking                trackingservice                      W  MapDB: Attempt to load with empty list.
2025-10-08 21:35:48.985  4337-7954  [CT]                    com...k.spatial_persistence_service  I  SP:AP:AnchorPersistenceConfig: PreferencesManager: spatial_data_sharing_enabled: true
2025-10-08 21:35:48.985  4337-7954  [CT]                    com...k.spatial_persistence_service  I  SP:AP:AnchorPersistenceConfig: getCloudPermissionEnabledVps: userPreference(anchor_persistence_cloud_anchor_service_enabled_vps)=true, cloudPermissionOverride: -1
2025-10-08 21:35:48.987  4337-8058  [CT]                    com...k.spatial_persistence_service  I  SlamAnchorPersistenceRuntimeIpcClient: SlamAnchorPersistenceRuntimeIpcClient: Get Features Query took 0.002050156 s. Query timestamp = 196377875336243
2025-10-08 21:35:48.987  4337-14340 [CT]                    com...k.spatial_persistence_service  W  SP:VpsModule:RequestHandler: Dropping new query due to rate limiting. event uuid: 41c70bdc-35bc-0bab-d43c-e6c8d458eabf
2025-10-08 21:35:48.987  4337-14340 [CT]                    com...k.spatial_persistence_service  I  SP:VpsModule:RequestHandler: VPS request finished event uuid: 41c70bdc-35bc-0bab-d43c-e6c8d458eabf
2025-10-08 21:35:48.987  4337-14340 [CT]                    com...k.spatial_persistence_service  E  SP:VpsModule:TelemertyReporter: VPS request failed with vps error code: 40000 event uuid: 41c70bdc-35bc-0bab-d43c-e6c8d458eabf
2025-10-08 21:35:49.011  3627-11138 VrApi                   com.oculus.vrshell                   I  FPS=91/90,Prd=32ms,Tear=0,Early=0,Stale=0,Stale2/5/10/max=0/0/0/0,VSnc=1,Lat=-1,Fov=0,CPU4/GPU=3/3,1651/492MHz,OC=3F,TA=0/0/0,SP=N/N/N,Mem=3196MHz,Free=2958MB,PLS=0,Temp=28.0C/0.0C,TW=1.83ms,App=6.41ms,GD=0.61ms,CPU&GPU=16.23ms,LCnt=8(DR90,LM6),GPU%=0.84,CPU%=0.37(W0.43),CFL=11.29/14.45,ICFLp95=13.23,LD=0,SF=1.00,LP=0,DVFS=0,ShrpLCnt=3,ShrpR=0.000,SSLCnt=2/4
2025-10-08 21:35:49.061  1161-1788  Tracking                trackingservice                      W  MapDB: Attempt to load with empty list.
2025-10-08 21:35:49.061  1161-1788  Tracking                trackingservice                      W  MapDB: Attempt to load with empty list.
2025-10-08 21:35:49.061  1161-1788  Tracking                trackingservice                      W  MapDB: Attempt to load with empty list.
2025-10-08 21:35:49.061  1161-1788  Tracking                trackingservice                      W  MapDB: Attempt to load with empty list.
2025-10-08 21:35:49.142  1161-1788  Tracking                trackingservice                      W  MapDB: Attempt to load with empty list.
2025-10-08 21:35:49.142  1161-1788  Tracking                trackingservice                      W  MapDB: Attempt to load with empty list.
2025-10-08 21:35:49.142  1161-1788  Tracking                trackingservice                      W  MapDB: Attempt to load with empty list.
2025-10-08 21:35:49.142  1161-1788  Tracking                trackingservice                      W  MapDB: Attempt to load with empty list.
2025-10-08 21:35:49.222  1161-1788  Tracking                trackingservice                      W  MapDB: Attempt to load with empty list.
2025-10-08 21:35:49.222  1161-1788  Tracking                trackingservice                      W  MapDB: Attempt to load with empty list.
2025-10-08 21:35:49.222  1161-1788  Tracking                trackingservice                      W  MapDB: Attempt to load with empty list.
2025-10-08 21:35:49.222  1161-1788  Tracking                trackingservice                      W  MapDB: Attempt to load with empty list.
2025-10-08 21:35:49.255  1120-11785 healthcounters          telemetry                            I  healthcounters::hcstore: Health counters successfully uploaded.
2025-10-08 21:35:49.301  1161-1788  Tracking                trackingservice                      W  MapDB: Attempt to load with empty list.
2025-10-08 21:35:49.302  1161-1788  Tracking                trackingservice                      W  MapDB: Attempt to load with empty list.
2025-10-08 21:35:49.302  1161-1788  Tracking                trackingservice                      W  MapDB: Attempt to load with empty list.
2025-10-08 21:35:49.302  1161-1788  Tracking                trackingservice                      W  MapDB: Attempt to load with empty list.
2025-10-08 21:35:49.381  1161-1788  Tracking                trackingservice                      W  MapDB: Attempt to load with empty list.
2025-10-08 21:35:49.381  1161-1788  Tracking                trackingservice                      W  MapDB: Attempt to load with empty list.
2025-10-08 21:35:49.381  1161-1788  Tracking                trackingservice                      W  MapDB: Attempt to load with empty list.
2025-10-08 21:35:49.381  1161-1788  Tracking                trackingservice                      W  MapDB: Attempt to load with empty list.
2025-10-08 21:35:49.399  1141-1453  MRSS                    mrsystemservice                      I  BOLT:HexagonTelemetry: Global DSP utilization: 44.25% (2213 / 5002 ms), Scalar Util: 86.07%, HVX Util: 55.58%, HMX Util: 19.26%, DMA Active: 0.00%, Freq: 787.2 MHz
2025-10-08 21:35:49.399  1141-1453  MRSS                    mrsystemservice                      I  boltlib: Logging Rpc stats (detailed=false, onAbort=false)
2025-10-08 21:35:49.399  1141-1453  MRSS                    mrsystemservice                      I  boltlib: DSP Rpc stats over 5002 ms: {"HexagonCvpPreprocessorCompute":125,"zelda_qvga_boltnn_delegate":125}
2025-10-08 21:35:49.434  1859-11061 [CT]                    com.oculus.vrruntimeservice          I  MIXEDREALITY: PassthroughApiManager: GetUpdatedLayerState: (every 2 seconds) PT is: ON numLayers: 1
2025-10-08 21:35:49.437 14321-14321 Background...adExecutor com.oculus.systemux                  E  Refusing to execute task because BackgroundThreadExecutor instance is destroyed: com.oculus.common.presence.PresenceLocationManagerImpl$fetchPresence$1@5d33bc1
2025-10-08 21:35:49.462  1161-1788  Tracking                trackingservice                      W  MapDB: Attempt to load with empty list.
2025-10-08 21:35:49.462  1161-1788  Tracking                trackingservice                      W  MapDB: Attempt to load with empty list.
2025-10-08 21:35:49.462  1161-1788  Tracking                trackingservice                      W  MapDB: Attempt to load with empty list.
2025-10-08 21:35:49.462  1161-1788  Tracking                trackingservice                      W  MapDB: Attempt to load with empty list.
2025-10-08 21:35:49.465  1161-1770  Tracking                trackingservice                      I  BOLT:HexagonTelemetry: Global DSP utilization: 44.10% (2206 / 5003 ms), Scalar Util: 85.99%, HVX Util: 55.55%, HMX Util: 19.26%, DMA Active: 0.00%, Freq: 787.2 MHz
2025-10-08 21:35:49.465  1161-1770  Tracking                trackingservice                      I  boltlib: Logging Rpc stats (detailed=false, onAbort=false)
2025-10-08 21:35:49.465  1161-1770  Tracking                trackingservice                      I  boltlib: DSP Rpc stats over 5004 ms: {"GraphModule":125,"HexagonCornerHarrisEdgeIndexedSlicesAsync":63,"HexagonPyramid3x3Async":63,"WrapModel":125,"dd_boltnn_delegate_batch_256":186}
2025-10-08 21:35:49.541  1161-1785  BrokerMeth...UNTIMEIPC] trackingservice                      I  EnsureServiceStarted: SPS userMode is already IPC_USER_CURRENT
2025-10-08 21:35:49.542  1457-3456  RuntimeIpcHelperService system_server                        I  Going to start ComponentInfo{com.facebook.spatial_persistence_service/com.facebook.spatial_persistence_service.AnchorPersistenceService} as foreground, Calling uid: 1000 pid: 1161
2025-10-08 21:35:49.543  4337-4337  AnchorPers...nceService com...k.spatial_persistence_service  D  onStartCommand()
2025-10-08 21:35:49.543  1161-1788  Tracking                trackingservice                      W  MapDB: Attempt to load with empty list.
2025-10-08 21:35:49.543  1161-1788  Tracking                trackingservice                      W  MapDB: Attempt to load with empty list.
2025-10-08 21:35:49.543  1161-1788  Tracking                trackingservice                      W  MapDB: Attempt to load with empty list.
2025-10-08 21:35:49.543  1161-1788  Tracking                trackingservice                      W  MapDB: Attempt to load with empty list.
2025-10-08 21:35:49.543  4337-7954  [CT]                    com...k.spatial_persistence_service  I  SP:AP:AnchorPersistenceConfig: PreferencesManager: has_seen_spatial_data_sharing_notice_v2: true
2025-10-08 21:35:49.544  4337-7954  [CT]                    com...k.spatial_persistence_service  I  SP:AP:AnchorPersistenceConfig: PreferencesManager: spatial_data_sharing_enabled: true
2025-10-08 21:35:49.544  4337-7954  [CT]                    com...k.spatial_persistence_service  I  SP:AP:AnchorPersistenceConfig: getCloudPermissionEnabledVps: userPreference(anchor_persistence_cloud_anchor_service_enabled_vps)=true, cloudPermissionOverride: -1
2025-10-08 21:35:49.546  4337-8058  [CT]                    com...k.spatial_persistence_service  I  SlamAnchorPersistenceRuntimeIpcClient: SlamAnchorPersistenceRuntimeIpcClient: Get Features Query took 0.002114479 s. Query timestamp = 196378435434945
2025-10-08 21:35:49.546  4337-14340 [CT]                    com...k.spatial_persistence_service  W  SP:VpsModule:RequestHandler: Dropping new query due to rate limiting. event uuid: 78623b73-1449-1b38-84b5-86c6bfe56b64
2025-10-08 21:35:49.546  4337-14340 [CT]                    com...k.spatial_persistence_service  I  SP:VpsModule:RequestHandler: VPS request finished event uuid: 78623b73-1449-1b38-84b5-86c6bfe56b64
2025-10-08 21:35:49.547  4337-14340 [CT]                    com...k.spatial_persistence_service  E  SP:VpsModule:TelemertyReporter: VPS request failed with vps error code: 40000 event uuid: 78623b73-1449-1b38-84b5-86c6bfe56b64
2025-10-08 21:35:49.589   897-11070 VD628x                  ven....hardware.sensors@1.0-flicker  I  Flicker results: freq 100.000000, max 149.592926, dcr 40.924377, pct 0.082838, idx 0.006894, conf 0.586224, snr -10.733829, svm 0.021147, sus 1
2025-10-08 21:35:49.622  1161-1788  Tracking                trackingservice                      W  MapDB: Attempt to load with empty list.
2025-10-08 21:35:49.622  1161-1788  Tracking                trackingservice                      W  MapDB: Attempt to load with empty list.
2025-10-08 21:35:49.622  1161-1788  Tracking                trackingservice                      W  MapDB: Attempt to load with empty list.
2025-10-08 21:35:49.622  1161-1788  Tracking                trackingservice                      W  MapDB: Attempt to load with empty list.
2025-10-08 21:35:49.701  1161-1788  Tracking                trackingservice                      W  MapDB: Attempt to load with empty list.
2025-10-08 21:35:49.701  1161-1788  Tracking                trackingservice                      W  MapDB: Attempt to load with empty list.
2025-10-08 21:35:49.701  1161-1788  Tracking                trackingservice                      W  MapDB: Attempt to load with empty list.
2025-10-08 21:35:49.701  1161-1788  Tracking                trackingservice                      W  MapDB: Attempt to load with empty list.
2025-10-08 21:35:49.780  1161-1788  Tracking                trackingservice                      W  MapDB: Attempt to load with empty list.
2025-10-08 21:35:49.780  1161-1788  Tracking                trackingservice                      W  MapDB: Attempt to load with empty list.
2025-10-08 21:35:49.780  1161-1788  Tracking                trackingservice                      W  MapDB: Attempt to load with empty list.
2025-10-08 21:35:49.781  1161-1788  Tracking                trackingservice                      W  MapDB: Attempt to load with empty list.
2025-10-08 21:35:49.824     0-0     <no-tag>                kernel                               D  [drm:msm_framebuffer_init [msm_drm]] create framebuffer: dev=0000000000000000, mode_cmd=0000000000000000 (1920x3664@AB24)
2025-10-08 21:35:49.824     0-0     [drm:msm_f...m]] create kernel                               D  FB ID: 56 (0000000000000000)
2025-10-08 21:35:49.824     0-0     [drm:drm_m...ddfb2] [FB kernel                               D  56]
2025-10-08 21:35:49.824     0-0     <no-tag>                kernel                               D  [drm:msm_framebuffer_init [msm_drm]] create framebuffer: dev=0000000000000000, mode_cmd=0000000000000000 (1920x3664@AB24)
2025-10-08 21:35:49.824     0-0     [drm:msm_f...m]] create kernel                               D  FB ID: 60 (0000000000000000)
2025-10-08 21:35:49.824     0-0     [drm:drm_m...ddfb2] [FB kernel                               D  60]
2025-10-08 21:35:49.824     0-0     <no-tag>                kernel                               D  [drm:msm_framebuffer_init [msm_drm]] create framebuffer: dev=0000000000000000, mode_cmd=0000000000000000 (1920x3664@AB24)
2025-10-08 21:35:49.825     0-0     [drm:msm_f...m]] create kernel                               D  FB ID: 183 (0000000000000000)
2025-10-08 21:35:49.825     0-0     [drm:drm_m...ddfb2] [FB kernel                               D  183]
2025-10-08 21:35:49.825     0-0     <no-tag>                kernel                               D  [drm:msm_framebuffer_init [msm_drm]] create framebuffer: dev=0000000000000000, mode_cmd=0000000000000000 (1920x3664@AB24)
2025-10-08 21:35:49.825     0-0     [drm:msm_f...m]] create kernel                               D  FB ID: 227 (0000000000000000)
2025-10-08 21:35:49.825     0-0     [drm:drm_m...ddfb2] [FB kernel                               D  227]
2025-10-08 21:35:49.825     0-0     <no-tag>                kernel                               D  [drm:msm_property_atomic_set [msm_drm]] RETIRE_FENCE_OFFSET - 1
2025-10-08 21:35:49.825     0-0     <no-tag>                kernel                               D  [drm:msm_property_atomic_set [msm_drm]] RETIRE_FENCE - 540435396464
2025-10-08 21:35:49.825     0-0     <no-tag>                kernel                               D  [drm:msm_property_atomic_set [msm_drm]] output_fence - 540435396472
2025-10-08 21:35:49.825     0-0     <no-tag>                kernel                               D  [drm:drm_mode_debug_printmodeline] Modeline "1920x3664x90vid": 90 950019 1920 2030 2054 2142 3664 4912 4914 4928 0x0 0x0
2025-10-08 21:35:49.825     0-0     <no-tag>                kernel                               D  [drm:sde_cp_crtc_check_properties [msm_drm]] no partial update required
2025-10-08 21:35:49.825     0-0     <no-tag>                kernel                               D  [drm:sde_cp_crtc_check_properties [msm_drm]] State dirty list is empty
2025-10-08 21:35:49.825     0-0     [drm:sde_p...m]] FB[56] kernel                               D  iova[0]: fe400000 (0)
2025-10-08 21:35:49.826     0-0     [drm:sde_p...m]] FB[56] kernel                               D  iova[0]: fe400000 (0)
2025-10-08 21:35:49.826     0-0     [drm:msm_a...rm]] start kernel                               D  00000001
2025-10-08 21:35:49.826     0-0     <no-tag>                kernel                               D  [drm:sde_cp_crtc_apply_properties [msm_drm]] no partial update required
2025-10-08 21:35:49.826     0-0     <no-tag>                kernel                               D  [drm:_sde_cp_crtc_commit_feature [msm_drm]] Add feature to active list 195
2025-10-08 21:35:49.826     0-0     <no-tag>                kernel                               D  [drm:_sde_cp_crtc_commit_feature [msm_drm]] Add feature to active list 196
2025-10-08 21:35:49.826     0-0     <no-tag>                kernel                               D  [drm:msm_property_pop_dirty [msm_drm]] property 11 dirty
2025-10-08 21:35:49.826     0-0     <no-tag>                kernel                               D  [drm:msm_property_pop_dirty [msm_drm]] property 10 dirty
2025-10-08 21:35:49.835     0-0     [drm:compl..._drm]] end kernel                               D  00000001
2025-10-08 21:35:49.835     0-0     <no-tag>                kernel                               D  [drm:msm_framebuffer_init [msm_drm]] create framebuffer: dev=0000000000000000, mode_cmd=0000000000000000 (1920x3664@AB24)
2025-10-08 21:35:49.835     0-0     [drm:msm_f...m]] create kernel                               D  FB ID: 228 (0000000000000000)
2025-10-08 21:35:49.835     0-0     [drm:drm_m...ddfb2] [FB kernel                               D  228]
2025-10-08 21:35:49.835     0-0     <no-tag>                kernel                               D  [drm:msm_framebuffer_init [msm_drm]] create framebuffer: dev=0000000000000000, mode_cmd=0000000000000000 (1920x3664@AB24)
2025-10-08 21:35:49.835     0-0     [drm:msm_f...m]] create kernel                               D  FB ID: 231 (0000000000000000)
2025-10-08 21:35:49.835     0-0     [drm:drm_m...ddfb2] [FB kernel                               D  231]
2025-10-08 21:35:49.835     0-0     <no-tag>                kernel                               D  [drm:msm_framebuffer_init [msm_drm]] create framebuffer: dev=0000000000000000, mode_cmd=0000000000000000 (1920x3664@AB24)
2025-10-08 21:35:49.835     0-0     [drm:msm_f...m]] create kernel                               D  FB ID: 232 (0000000000000000)
2025-10-08 21:35:49.835     0-0     [drm:drm_m...ddfb2] [FB kernel                               D  232]
2025-10-08 21:35:49.836     0-0     <no-tag>                kernel                               D  [drm:msm_framebuffer_init [msm_drm]] create framebuffer: dev=0000000000000000, mode_cmd=0000000000000000 (1920x3664@AB24)
2025-10-08 21:35:49.836     0-0     [drm:msm_f...m]] create kernel                               D  FB ID: 233 (0000000000000000)
2025-10-08 21:35:49.836     0-0     [drm:drm_m...ddfb2] [FB kernel                               D  233]
