2025-10-08 21:35:39.780  1161-11109 Tracking                trackingservice                      I  Vega: [INSIGHTS] Mode=DescriptorVega,6DoF,Agg=4s,Inl=35,37,39,Mem=101.3,FrameDur=6.2,7.9,PoseLat=1.5,2.3,CamImuLat=11.5,12.2,Jit=0.0,0.0,Drops(Cam=0,IMU=0),MeanIr=17463.0,Exp(1.8ms,g=1,I=61)(1.8ms,g=1,I=61)(10.4ms,g=14,I=61)(9.6ms,g=14,I=58)(0.0ms,g=0)(0.0ms,g=0),NonInertEnv=n
2025-10-08 21:35:39.781  1161-1788  Tracking                trackingservice                      W  MapDB: Attempt to load with empty list.
2025-10-08 21:35:39.781  1161-1788  Tracking                trackingservice                      W  MapDB: Attempt to load with empty list.
2025-10-08 21:35:39.781  1161-1788  Tracking                trackingservice                      W  MapDB: Attempt to load with empty list.
2025-10-08 21:35:39.781  1161-1788  Tracking                trackingservice                      W  MapDB: Attempt to load with empty list.
2025-10-08 21:35:39.802 11433-11754 VRManager               com.example.vrmanager                E  Socket connection error: io.socket.engineio.client.EngineIOException: server error
2025-10-08 21:35:39.807  1120-1716  telemetry               telemetry                            I  No pose data points present
2025-10-08 21:35:39.807  1120-1716  telemetry               telemetry                            D  SessionTelemetryReporter: power state locked mounted False
2025-10-08 21:35:39.807  1120-1716  telemetry               telemetry                            D  SessionTelemetryReporter: power state locked unmounted False
2025-10-08 21:35:39.813     0-0     <no-tag>                kernel                               D  [drm:msm_framebuffer_init [msm_drm]] create framebuffer: dev=0000000000000000, mode_cmd=0000000000000000 (1920x3664@AB24)
2025-10-08 21:35:39.813     0-0     [drm:msm_f...m]] create kernel                               D  FB ID: 56 (0000000000000000)
2025-10-08 21:35:39.813     0-0     [drm:drm_m...ddfb2] [FB kernel                               D  56]
2025-10-08 21:35:39.813     0-0     <no-tag>                kernel                               D  [drm:msm_framebuffer_init [msm_drm]] create framebuffer: dev=0000000000000000, mode_cmd=0000000000000000 (1920x3664@AB24)
2025-10-08 21:35:39.813     0-0     [drm:msm_f...m]] create kernel                               D  FB ID: 60 (0000000000000000)
2025-10-08 21:35:39.813     0-0     [drm:drm_m...ddfb2] [FB kernel                               D  60]
2025-10-08 21:35:39.813     0-0     <no-tag>                kernel                               D  [drm:msm_framebuffer_init [msm_drm]] create framebuffer: dev=0000000000000000, mode_cmd=0000000000000000 (1920x3664@AB24)
2025-10-08 21:35:39.814     0-0     [drm:msm_f...m]] create kernel                               D  FB ID: 183 (0000000000000000)
2025-10-08 21:35:39.814     0-0     [drm:drm_m...ddfb2] [FB kernel                               D  183]
2025-10-08 21:35:39.814     0-0     <no-tag>                kernel                               D  [drm:msm_framebuffer_init [msm_drm]] create framebuffer: dev=0000000000000000, mode_cmd=0000000000000000 (1920x3664@AB24)
2025-10-08 21:35:39.814     0-0     [drm:msm_f...m]] create kernel                               D  FB ID: 227 (0000000000000000)
2025-10-08 21:35:39.814     0-0     [drm:drm_m...ddfb2] [FB kernel                               D  227]
2025-10-08 21:35:39.814     0-0     <no-tag>                kernel                               D  [drm:msm_property_atomic_set [msm_drm]] RETIRE_FENCE_OFFSET - 1
2025-10-08 21:35:39.814     0-0     <no-tag>                kernel                               D  [drm:msm_property_atomic_set [msm_drm]] RETIRE_FENCE - 540435396464
2025-10-08 21:35:39.814     0-0     <no-tag>                kernel                               D  [drm:msm_property_atomic_set [msm_drm]] output_fence - 540435396472
2025-10-08 21:35:39.814     0-0     <no-tag>                kernel                               D  [drm:drm_mode_debug_printmodeline] Modeline "1920x3664x90vid": 90 950019 1920 2030 2054 2142 3664 4912 4914 4928 0x0 0x0
2025-10-08 21:35:39.814     0-0     <no-tag>                kernel                               D  [drm:sde_cp_crtc_check_properties [msm_drm]] no partial update required
2025-10-08 21:35:39.815     0-0     <no-tag>                kernel                               D  [drm:sde_cp_crtc_check_properties [msm_drm]] State dirty list is empty
2025-10-08 21:35:39.815     0-0     [drm:sde_p...m]] FB[56] kernel                               D  iova[0]: fe400000 (0)
2025-10-08 21:35:39.815     0-0     [drm:sde_p...m]] FB[56] kernel                               D  iova[0]: fe400000 (0)
2025-10-08 21:35:39.815     0-0     [drm:msm_a...rm]] start kernel                               D  00000001
2025-10-08 21:35:39.815     0-0     <no-tag>                kernel                               D  [drm:sde_cp_crtc_apply_properties [msm_drm]] no partial update required
2025-10-08 21:35:39.815     0-0     <no-tag>                kernel                               D  [drm:_sde_cp_crtc_commit_feature [msm_drm]] Add feature to active list 195
2025-10-08 21:35:39.815     0-0     <no-tag>                kernel                               D  [drm:_sde_cp_crtc_commit_feature [msm_drm]] Add feature to active list 196
2025-10-08 21:35:39.815     0-0     <no-tag>                kernel                               D  [drm:msm_property_pop_dirty [msm_drm]] property 11 dirty
2025-10-08 21:35:39.816     0-0     <no-tag>                kernel                               D  [drm:msm_property_pop_dirty [msm_drm]] property 10 dirty
2025-10-08 21:35:39.824     0-0     [drm:compl..._drm]] end kernel                               D  00000001
2025-10-08 21:35:39.824     0-0     <no-tag>                kernel                               D  [drm:msm_framebuffer_init [msm_drm]] create framebuffer: dev=0000000000000000, mode_cmd=0000000000000000 (1920x3664@AB24)
2025-10-08 21:35:39.824     0-0     [drm:msm_f...m]] create kernel                               D  FB ID: 228 (0000000000000000)
2025-10-08 21:35:39.824     0-0     [drm:drm_m...ddfb2] [FB kernel                               D  228]
2025-10-08 21:35:39.824     0-0     <no-tag>                kernel                               D  [drm:msm_framebuffer_init [msm_drm]] create framebuffer: dev=0000000000000000, mode_cmd=0000000000000000 (1920x3664@AB24)
2025-10-08 21:35:39.824     0-0     [drm:msm_f...m]] create kernel                               D  FB ID: 231 (0000000000000000)
2025-10-08 21:35:39.824     0-0     [drm:drm_m...ddfb2] [FB kernel                               D  231]
2025-10-08 21:35:39.824     0-0     <no-tag>                kernel                               D  [drm:msm_framebuffer_init [msm_drm]] create framebuffer: dev=0000000000000000, mode_cmd=0000000000000000 (1920x3664@AB24)
2025-10-08 21:35:39.824     0-0     [drm:msm_f...m]] create kernel                               D  FB ID: 232 (0000000000000000)
2025-10-08 21:35:39.824     0-0     [drm:drm_m...ddfb2] [FB kernel                               D  232]
2025-10-08 21:35:39.824     0-0     <no-tag>                kernel                               D  [drm:msm_framebuffer_init [msm_drm]] create framebuffer: dev=0000000000000000, mode_cmd=0000000000000000 (1920x3664@AB24)
2025-10-08 21:35:39.824     0-0     [drm:msm_f...m]] create kernel                               D  FB ID: 233 (0000000000000000)
2025-10-08 21:35:39.824     0-0     [drm:drm_m...ddfb2] [FB kernel                               D  233]
2025-10-08 21:35:39.825     0-0     <no-tag>                kernel                               D  [drm:msm_property_atomic_set [msm_drm]] RETIRE_FENCE_OFFSET - 1
2025-10-08 21:35:39.825     0-0     <no-tag>                kernel                               D  [drm:msm_property_atomic_set [msm_drm]] RETIRE_FENCE - 540435396464
2025-10-08 21:35:39.825     0-0     <no-tag>                kernel                               D  [drm:msm_property_atomic_set [msm_drm]] output_fence - 540435396472
2025-10-08 21:35:39.825     0-0     <no-tag>                kernel                               D  [drm:drm_mode_debug_printmodeline] Modeline "1920x3664x90vid": 90 950019 1920 2030 2054 2142 3664 4912 4914 4928 0x0 0x0
2025-10-08 21:35:39.825     0-0     <no-tag>                kernel                               D  [drm:sde_cp_crtc_check_properties [msm_drm]] no partial update required
2025-10-08 21:35:39.825     0-0     <no-tag>                kernel                               D  [drm:sde_cp_crtc_check_properties [msm_drm]] State dirty list is empty
2025-10-08 21:35:39.825     0-0     [drm:sde_p...]] FB[228] kernel                               D  iova[0]: fe400000 (0)
2025-10-08 21:35:39.825     0-0     [drm:sde_p...]] FB[228] kernel                               D  iova[0]: fe400000 (0)
2025-10-08 21:35:39.825     0-0     [drm:msm_a...rm]] start kernel                               D  00000001
2025-10-08 21:35:39.825     0-0     <no-tag>                kernel                               D  [drm:sde_cp_crtc_apply_properties [msm_drm]] no partial update required
2025-10-08 21:35:39.826     0-0     <no-tag>                kernel                               D  [drm:_sde_cp_crtc_commit_feature [msm_drm]] Add feature to active list 195
2025-10-08 21:35:39.826     0-0     <no-tag>                kernel                               D  [drm:_sde_cp_crtc_commit_feature [msm_drm]] Add feature to active list 196
2025-10-08 21:35:39.826     0-0     <no-tag>                kernel                               D  [drm:msm_property_pop_dirty [msm_drm]] property 11 dirty
2025-10-08 21:35:39.826     0-0     <no-tag>                kernel                               D  [drm:msm_property_pop_dirty [msm_drm]] property 10 dirty
2025-10-08 21:35:39.835     0-0     [drm:compl..._drm]] end kernel                               D  00000001
2025-10-08 21:35:39.861  1161-1788  Tracking                trackingservice                      W  MapDB: Attempt to load with empty list.
2025-10-08 21:35:39.861  1161-1788  Tracking                trackingservice                      W  MapDB: Attempt to load with empty list.
2025-10-08 21:35:39.861  1161-1788  Tracking                trackingservice                      W  MapDB: Attempt to load with empty list.
2025-10-08 21:35:39.861  1161-1788  Tracking                trackingservice                      W  MapDB: Attempt to load with empty list.
2025-10-08 21:35:39.866  1859-2193  ThermalReactivePolicy   com.oculus.vrruntimeservice          I  [EVENT] perfmgr: Thermal governor would upgrade feature 9 to status 1 and fidelity level 4
2025-10-08 21:35:39.866  1859-2193  ThermalReactivePolicy   com.oculus.vrruntimeservice          I  perf: The thermal based governance decision is: 1
2025-10-08 21:35:39.866  1859-2193  ThermalReactivePolicy   com.oculus.vrruntimeservice          W  perf: Thermal governance upgrade decision did not actually increase feature fidelity. Already allowed(1, 4), proposed(1, 4)
2025-10-08 21:35:39.935  1859-11137 [CT]                    com.oculus.vrruntimeservice          I  MIXEDREALITY: CalibrationRefresher: VrRuntime:refreshOnlineCalibration: Successfully read high freq ocal (first time = false)
2025-10-08 21:35:39.935  1859-11137 [CT]                    com.oculus.vrruntimeservice          I  MIXEDREALITY: CalibrationRefresher: VrRuntime:Updated refresh interval to 80 seconds.
2025-10-08 21:35:39.943  1161-1788  Tracking                trackingservice                      W  MapDB: Attempt to load with empty list.
2025-10-08 21:35:39.943  1161-1788  Tracking                trackingservice                      W  MapDB: Attempt to load with empty list.
2025-10-08 21:35:39.943  1161-1788  Tracking                trackingservice                      W  MapDB: Attempt to load with empty list.
2025-10-08 21:35:39.943  1161-1788  Tracking                trackingservice                      W  MapDB: Attempt to load with empty list.
2025-10-08 21:35:39.945  1859-11061 PassthroughInCompositor com.oculus.vrruntimeservice          I  ApplyLatestCalibration
2025-10-08 21:35:39.967  1859-11061 ProxyToPas...rProcessor com.oculus.vrruntimeservice          I  Layer without color map style
2025-10-08 21:35:39.978  1859-11061 ProxyToPas...rProcessor com.oculus.vrruntimeservice          I  ProcessPTProxyLayers: In/Out=1/1 PTApiLCnt=1 skipped=0
2025-10-08 21:35:40.008  1457-1457  FlashNotifController    system_server                        D  requestStartFlashNotification
2025-10-08 21:35:40.008  1457-1457  FlashNotifController    system_server                        I  startFlashNotification: type=1, tag=android
2025-10-08 21:35:40.008  1457-1457  FlashNotifController    system_server                        D  Flash notification is disabled
2025-10-08 21:35:40.009  2253-2253  OculusNoti...nerService com....micservice_notificationproxy  D  Notification posted: 0|com.example.vrmanager|999|null|10173
2025-10-08 21:35:40.010  3627-3627  [SEO] VrNo...nerService com.oculus.vrshell                   V  isNotificationAToast() - isToastPriority = false, sbn.key = 0|com.example.vrmanager|999|null|10173
2025-10-08 21:35:40.010  3627-3627  [SEO] VrNo...nerService com.oculus.vrshell                   V  isNotificationAToast() - isValidToast = true, sbn.key = 0|com.example.vrmanager|999|null|10173
2025-10-08 21:35:40.010  3627-3627  [SEO] VrNo...nerService com.oculus.vrshell                   V  isNotificationAToast() - isWifiCaptivePortal = false, sbn.key = 0|com.example.vrmanager|999|null|10173
2025-10-08 21:35:40.010  3627-3627  [SEO] VrNo...nerService com.oculus.vrshell                   V  isNotificationAToast() - isRecommendation = false, sbn.key = 0|com.example.vrmanager|999|null|10173
2025-10-08 21:35:40.010  3627-3627  [SEO] VrNo...nerService com.oculus.vrshell                   V  Flag is disabled to use default ranking score for client-generated notification, skipping adding default ranking score
2025-10-08 21:35:40.010  3627-11138 VrApi                   com.oculus.vrshell                   I  FPS=91/90,Prd=32ms,Tear=0,Early=0,Stale=0,Stale2/5/10/max=0/0/0/0,VSnc=1,Lat=-1,Fov=0,CPU4/GPU=3/3,1651/492MHz,OC=3F,TA=0/0/0,SP=N/N/N,Mem=3196MHz,Free=2958MB,PLS=0,Temp=28.0C/0.0C,TW=1.83ms,App=6.41ms,GD=0.61ms,CPU&GPU=16.56ms,LCnt=8(DR91,LM6),GPU%=0.84,CPU%=0.37(W0.48),CFL=11.18/14.25,ICFLp95=13.25,LD=0,SF=1.00,LP=0,DVFS=0,ShrpLCnt=3,ShrpR=0.000,SSLCnt=2/4
2025-10-08 21:35:40.010  3627-3627  [SEO] VrNo...nerService com.oculus.vrshell                   V  isNotificationAToast() - isToastPriority = false, sbn.key = 0|com.example.vrmanager|999|null|10173
2025-10-08 21:35:40.010  3627-3627  [SEO] VrNo...nerService com.oculus.vrshell                   V  isNotificationAToast() - isValidToast = true, sbn.key = 0|com.example.vrmanager|999|null|10173
2025-10-08 21:35:40.010  3627-3627  [SEO] VrNo...nerService com.oculus.vrshell                   V  isNotificationAToast() - isWifiCaptivePortal = false, sbn.key = 0|com.example.vrmanager|999|null|10173
2025-10-08 21:35:40.010  3627-3627  [SEO] VrNo...nerService com.oculus.vrshell                   V  isNotificationAToast() - isRecommendation = false, sbn.key = 0|com.example.vrmanager|999|null|10173
2025-10-08 21:35:40.010  3627-3627  NotifAttributeChecker   com.oculus.vrshell                   D  Custom data does not contain seen state
2025-10-08 21:35:40.010  3627-3627  [SEO] VrNo...ateTracker com.oculus.vrshell                   D  setSeenState - seen state for key [0|com.example.vrmanager|999|null|10173] had a cached value of [UNSEEN_AND_UNREAD]. The attempted update for after is [UNSEEN_AND_UNREAD]. Updated? false
2025-10-08 21:35:40.010  3627-3627  [SEO] VrNo...nerService com.oculus.vrshell                   D  setSeenState() - notification key [0|com.example.vrmanager|999|null|10173]: was seen state tracker updated? [false] was sbn seen state updated? [false]
2025-10-08 21:35:40.010  3627-3627  [SEO] VrNo...nerService com.oculus.vrshell                   I  addNotificationToCache() - key = 0|com.example.vrmanager|999|null|10173, type = unspecified, isToast = false, isBlocked with reason = true Blocked by does not contain all markers for a toast notification
2025-10-08 21:35:40.010  3627-3627  [SEO] VrNo...nerService com.oculus.vrshell                   V  isNotificationAToast() - isToastPriority = false, sbn.key = 0|com.example.vrmanager|999|null|10173
2025-10-08 21:35:40.010  3627-3627  [SEO] VrNo...nerService com.oculus.vrshell                   V  isNotificationAToast() - isValidToast = true, sbn.key = 0|com.example.vrmanager|999|null|10173
2025-10-08 21:35:40.010  3627-3627  [SEO] VrNo...nerService com.oculus.vrshell                   V  isNotificationAToast() - isWifiCaptivePortal = false, sbn.key = 0|com.example.vrmanager|999|null|10173
2025-10-08 21:35:40.010  3627-3627  [SEO] VrNo...nerService com.oculus.vrshell                   V  isNotificationAToast() - isRecommendation = false, sbn.key = 0|com.example.vrmanager|999|null|10173
2025-10-08 21:35:40.010  3627-3627  VrNotificationAnalytics com.oculus.vrshell                   D  logNotificationPosted: key(0|com.example.vrmanager|999|null|10173), type(unspecified), isToast(false)
2025-10-08 21:35:40.013   897-11070 VD628x                  ven....hardware.sensors@1.0-flicker  I  Flicker results: freq 100.000000, max 99.678360, dcr 44.607872, pct 0.077324, idx 0.006658, conf 0.491426, snr -11.096173, svm 0.019791, sus 1
2025-10-08 21:35:40.022  1161-1785  BrokerMeth...UNTIMEIPC] trackingservice                      I  EnsureServiceStarted: SPS userMode is already IPC_USER_CURRENT
2025-10-08 21:35:40.022  1457-3456  RuntimeIpcHelperService system_server                        I  Going to start ComponentInfo{com.facebook.spatial_persistence_service/com.facebook.spatial_persistence_service.AnchorPersistenceService} as foreground, Calling uid: 1000 pid: 1161
2025-10-08 21:35:40.023  4337-4337  AnchorPers...nceService com...k.spatial_persistence_service  D  onStartCommand()
2025-10-08 21:35:40.024  4337-7954  [CT]                    com...k.spatial_persistence_service  I  SP:AP:AnchorPersistenceConfig: PreferencesManager: has_seen_spatial_data_sharing_notice_v2: true
2025-10-08 21:35:40.024  1161-1788  Tracking                trackingservice                      W  MapDB: Attempt to load with empty list.
2025-10-08 21:35:40.024  1161-1788  Tracking                trackingservice                      W  MapDB: Attempt to load with empty list.
2025-10-08 21:35:40.024  1161-1788  Tracking                trackingservice                      W  MapDB: Attempt to load with empty list.
2025-10-08 21:35:40.025  1161-1788  Tracking                trackingservice                      W  MapDB: Attempt to load with empty list.
2025-10-08 21:35:40.025  4337-7954  [CT]                    com...k.spatial_persistence_service  I  SP:AP:AnchorPersistenceConfig: PreferencesManager: spatial_data_sharing_enabled: true
2025-10-08 21:35:40.025  4337-7954  [CT]                    com...k.spatial_persistence_service  I  SP:AP:AnchorPersistenceConfig: getCloudPermissionEnabledVps: userPreference(anchor_persistence_cloud_anchor_service_enabled_vps)=true, cloudPermissionOverride: -1
2025-10-08 21:35:40.027  4337-8058  [CT]                    com...k.spatial_persistence_service  I  SlamAnchorPersistenceRuntimeIpcClient: SlamAnchorPersistenceRuntimeIpcClient: Get Features Query took 0.001826198 s. Query timestamp = 196368916839101
2025-10-08 21:35:40.027  4337-14340 [CT]                    com...k.spatial_persistence_service  W  SP:VpsModule:RequestHandler: Dropping new query due to rate limiting. event uuid: 4ca51737-32d5-a957-4a1c-6d31029d7bd8
2025-10-08 21:35:40.027  4337-14340 [CT]                    com...k.spatial_persistence_service  I  SP:VpsModule:RequestHandler: VPS request finished event uuid: 4ca51737-32d5-a957-4a1c-6d31029d7bd8
2025-10-08 21:35:40.027  4337-14340 [CT]                    com...k.spatial_persistence_service  E  SP:VpsModule:TelemertyReporter: VPS request failed with vps error code: 40000 event uuid: 4ca51737-32d5-a957-4a1c-6d31029d7bd8
2025-10-08 21:35:40.101  1161-1788  Tracking                trackingservice                      W  MapDB: Attempt to load with empty list.
2025-10-08 21:35:40.101  1161-1788  Tracking                trackingservice                      W  MapDB: Attempt to load with empty list.
2025-10-08 21:35:40.101  1161-1788  Tracking                trackingservice                      W  MapDB: Attempt to load with empty list.
2025-10-08 21:35:40.101  1161-1788  Tracking                trackingservice                      W  MapDB: Attempt to load with empty list.
2025-10-08 21:35:40.109  1141-11644 MRSS                    mrsystemservice                      I  EvaController: Sessions: CvpPreprocessor(DSP)(Running) with 4 handles: WARP(125),WARP(125),PYRAMID(125),PYRAMID(125),; 
2025-10-08 21:35:40.117  1141-1414  MRSS                    mrsystemservice                      I  MIXEDREALITY: ComputeCapabilityComputeResultStats: MrSS Stats (SUCCESS/NOOP/SKIPPING/ASYNC/ASYNC_IN_PROGRESS/SKIPPING_KEYFRAMING/SKIPPING_ALIGN/FAILURE/MISSING_DATA/FAILED_TO_PUBLISH) - [Passthrough] (500/0/0/0/0/0/0/0/0/0) [MrFeatureTelemetry] (500/0/0/0/0/0/0/0/0/0) [Depth] (250/0/0/0/0/0/0/0/0/0) [VisionInterfaceTelemetry] (250/0/0/0/0/0/0/0/0/0) 
2025-10-08 21:35:40.135  1141-11627 MRSS                    mrsystemservice                      I  MIXEDREALITY: MrRuntimeCompute: dispatchFrameset : (every 5 seconds). MetaBackgroundFreespaceScan: OFF, FloorHeight: OFF, LightingEstimation: OFF, Depth: ON, VisionInterfaceTelemetry: ON, MrFeatureTelemetry: ON, WarpGrid: OFF, Passthrough: ON, TrackedKeypoints: OFF, SemanticVolume: OFF, DepthMeshing: OFF, SceneLayout: OFF, MetaAssistedSceneCapture: OFF, PlaneFreespace: OFF, Fiducials: OFF, InstantPlacement: OFF, MetaForegroundFreespaceScan: OFF, SceneObjects: OFF, Camera: ON, Semantics: OFF, SceneReconstruction: OFF
2025-10-08 21:35:40.145  1859-11061 LatencyStats            com.oculus.vrruntimeservice          I  PTINC: p2pLat: [46.37/5.75/55.82] ms, p2brLat: [33.14/5.74/42.59] ms [mean / stdev / p95]
2025-10-08 21:35:40.181  1161-1788  Tracking                trackingservice                      W  MapDB: Attempt to load with empty list.
2025-10-08 21:35:40.181  1161-1788  Tracking                trackingservice                      W  MapDB: Attempt to load with empty list.
2025-10-08 21:35:40.181  1161-1788  Tracking                trackingservice                      W  MapDB: Attempt to load with empty list.
2025-10-08 21:35:40.181  1161-1788  Tracking                trackingservice                      W  MapDB: Attempt to load with empty list.
2025-10-08 21:35:40.193   898-1154  DUMPSYS_LOG             ven....hardware.sensors@1.0-service  I  {"additional_data":{"camera_fps":[{"fps":49.912602474046793,"frames":500,"id":4},{"fps":49.912602474046793,"frames":500,"id":5}]},"event":"CameraFPS","service":"SensorService","tid":"532904139632","ts":1759952140193067,"ts_proc":196369167651}
2025-10-08 21:35:40.245   898-11636 libcamerahal            ven....hardware.sensors@1.0-service  I  [INSIGHTS][2.02s] recv/ret/req heartbeat: cam4: 101/101/101, cam5: 101/101/101
2025-10-08 21:35:40.261  1161-1788  Tracking                trackingservice                      W  MapDB: Attempt to load with empty list.
2025-10-08 21:35:40.262  1161-1788  Tracking                trackingservice                      W  MapDB: Attempt to load with empty list.
2025-10-08 21:35:40.262  1161-1788  Tracking                trackingservice                      W  MapDB: Attempt to load with empty list.
2025-10-08 21:35:40.262  1161-1788  Tracking                trackingservice                      W  MapDB: Attempt to load with empty list.
2025-10-08 21:35:40.273   898-7912  SensorService           ven....hardware.sensors@1.0-service  W  Unknown packet type (32) received
2025-10-08 21:35:40.278  1859-11061 [CT]                    com.oculus.vrruntimeservice          I  PTApiClients: 1/1:com.oculus.vrshell,PT=1,EnvDepth=0,VrMode=1,LCnt=1/1(rec=1,proj=0,bg=0),NS=0,Sty=0
2025-10-08 21:35:40.342  1161-1788  Tracking                trackingservice                      W  MapDB: Attempt to load with empty list.
2025-10-08 21:35:40.342  1161-1788  Tracking                trackingservice                      W  MapDB: Attempt to load with empty list.
2025-10-08 21:35:40.342  1161-1788  Tracking                trackingservice                      W  MapDB: Attempt to load with empty list.
2025-10-08 21:35:40.342  1161-1788  Tracking                trackingservice                      W  MapDB: Attempt to load with empty list.
2025-10-08 21:35:40.422  1161-1788  Tracking                trackingservice                      W  MapDB: Attempt to load with empty list.
2025-10-08 21:35:40.422  1161-1788  Tracking                trackingservice                      W  MapDB: Attempt to load with empty list.
2025-10-08 21:35:40.422  1161-1788  Tracking                trackingservice                      W  MapDB: Attempt to load with empty list.
2025-10-08 21:35:40.422  1161-1788  Tracking                trackingservice                      W  MapDB: Attempt to load with empty list.
2025-10-08 21:35:40.468  1141-1414  MRSS                    mrsystemservice                      I  MIXEDREALITY: MrFeatureTelemetry: Number of frames processed for slam-based metrics: 83
2025-10-08 21:35:40.501  1161-1788  Tracking                trackingservice                      W  MapDB: Attempt to load with empty list.
2025-10-08 21:35:40.501  1161-1788  Tracking                trackingservice                      W  MapDB: Attempt to load with empty list.
2025-10-08 21:35:40.501  1161-1788  Tracking                trackingservice                      W  MapDB: Attempt to load with empty list.
2025-10-08 21:35:40.501  1161-1788  Tracking                trackingservice                      W  MapDB: Attempt to load with empty list.
2025-10-08 21:35:40.581  1161-1785  BrokerMeth...UNTIMEIPC] trackingservice                      I  EnsureServiceStarted: SPS userMode is already IPC_USER_CURRENT
2025-10-08 21:35:40.582  1457-3456  RuntimeIpcHelperService system_server                        I  Going to start ComponentInfo{com.facebook.spatial_persistence_service/com.facebook.spatial_persistence_service.AnchorPersistenceService} as foreground, Calling uid: 1000 pid: 1161
2025-10-08 21:35:40.582  4337-4337  AnchorPers...nceService com...k.spatial_persistence_service  D  onStartCommand()
2025-10-08 21:35:40.583  1161-1788  Tracking                trackingservice                      W  MapDB: Attempt to load with empty list.
2025-10-08 21:35:40.583  1161-1788  Tracking                trackingservice                      W  MapDB: Attempt to load with empty list.
2025-10-08 21:35:40.583  1161-1788  Tracking                trackingservice                      W  MapDB: Attempt to load with empty list.
2025-10-08 21:35:40.583  1161-1788  Tracking                trackingservice                      W  MapDB: Attempt to load with empty list.
2025-10-08 21:35:40.583  4337-7954  [CT]                    com...k.spatial_persistence_service  I  SP:AP:AnchorPersistenceConfig: PreferencesManager: has_seen_spatial_data_sharing_notice_v2: true
2025-10-08 21:35:40.585  4337-7954  [CT]                    com...k.spatial_persistence_service  I  SP:AP:AnchorPersistenceConfig: PreferencesManager: spatial_data_sharing_enabled: true
2025-10-08 21:35:40.585  4337-7954  [CT]                    com...k.spatial_persistence_service  I  SP:AP:AnchorPersistenceConfig: getCloudPermissionEnabledVps: userPreference(anchor_persistence_cloud_anchor_service_enabled_vps)=true, cloudPermissionOverride: -1
2025-10-08 21:35:40.586  4337-8058  [CT]                    com...k.spatial_persistence_service  I  SlamAnchorPersistenceRuntimeIpcClient: SlamAnchorPersistenceRuntimeIpcClient: Get Features Query took 0.001594219 s. Query timestamp = 196369475084781
2025-10-08 21:35:40.587  4337-14340 [CT]                    com...k.spatial_persistence_service  W  SP:VpsModule:RequestHandler: Dropping new query due to rate limiting. event uuid: eba17bc0-49bc-d142-8878-31ab4c669292
2025-10-08 21:35:40.587  4337-14340 [CT]                    com...k.spatial_persistence_service  I  SP:VpsModule:RequestHandler: VPS request finished event uuid: eba17bc0-49bc-d142-8878-31ab4c669292
2025-10-08 21:35:40.587  4337-14340 [CT]                    com...k.spatial_persistence_service  E  SP:VpsModule:TelemertyReporter: VPS request failed with vps error code: 40000 event uuid: eba17bc0-49bc-d142-8878-31ab4c669292
2025-10-08 21:35:40.661  1161-1788  Tracking                trackingservice                      W  MapDB: Attempt to load with empty list.
2025-10-08 21:35:40.661  1161-1788  Tracking                trackingservice                      W  MapDB: Attempt to load with empty list.
2025-10-08 21:35:40.661  1161-1788  Tracking                trackingservice                      W  MapDB: Attempt to load with empty list.
2025-10-08 21:35:40.661  1161-1788  Tracking                trackingservice                      W  MapDB: Attempt to load with empty list.
2025-10-08 21:35:40.742  1161-1788  Tracking                trackingservice                      W  MapDB: Attempt to load with empty list.
2025-10-08 21:35:40.742  1161-1788  Tracking                trackingservice                      W  MapDB: Attempt to load with empty list.
2025-10-08 21:35:40.742  1161-1788  Tracking                trackingservice                      W  MapDB: Attempt to load with empty list.
2025-10-08 21:35:40.742  1161-1788  Tracking                trackingservice                      W  MapDB: Attempt to load with empty list.
2025-10-08 21:35:40.755   897-11070 VD628x                  ven....hardware.sensors@1.0-flicker  I  Flicker results: freq 100.000000, max 99.749626, dcr 43.738781, pct 0.080442, idx 0.006658, conf 0.525222, snr -10.760164, svm 0.020126, sus 1
2025-10-08 21:35:40.822  1161-1788  Tracking                trackingservice                      W  MapDB: Attempt to load with empty list.
2025-10-08 21:35:40.822  1161-1788  Tracking                trackingservice                      W  MapDB: Attempt to load with empty list.
2025-10-08 21:35:40.822  1161-1788  Tracking                trackingservice                      W  MapDB: Attempt to load with empty list.
2025-10-08 21:35:40.822  1161-1788  Tracking                trackingservice                      W  MapDB: Attempt to load with empty list.
2025-10-08 21:35:40.813     0-0     <no-tag>                kernel                               D  [drm:msm_framebuffer_init [msm_drm]] create framebuffer: dev=0000000000000000, mode_cmd=0000000000000000 (1920x3664@AB24)
2025-10-08 21:35:40.813     0-0     [drm:msm_f...m]] create kernel                               D  FB ID: 56 (0000000000000000)
2025-10-08 21:35:40.813     0-0     [drm:drm_m...ddfb2] [FB kernel                               D  56]
2025-10-08 21:35:40.813     0-0     <no-tag>                kernel                               D  [drm:msm_framebuffer_init [msm_drm]] create framebuffer: dev=0000000000000000, mode_cmd=0000000000000000 (1920x3664@AB24)
2025-10-08 21:35:40.813     0-0     [drm:msm_f...m]] create kernel                               D  FB ID: 60 (0000000000000000)
2025-10-08 21:35:40.813     0-0     [drm:drm_m...ddfb2] [FB kernel                               D  60]
2025-10-08 21:35:40.813     0-0     <no-tag>                kernel                               D  [drm:msm_framebuffer_init [msm_drm]] create framebuffer: dev=0000000000000000, mode_cmd=0000000000000000 (1920x3664@AB24)
2025-10-08 21:35:40.814     0-0     [drm:msm_f...m]] create kernel                               D  FB ID: 183 (0000000000000000)
2025-10-08 21:35:40.814     0-0     [drm:drm_m...ddfb2] [FB kernel                               D  183]
2025-10-08 21:35:40.814     0-0     <no-tag>                kernel                               D  [drm:msm_framebuffer_init [msm_drm]] create framebuffer: dev=0000000000000000, mode_cmd=0000000000000000 (1920x3664@AB24)
2025-10-08 21:35:40.814     0-0     [drm:msm_f...m]] create kernel                               D  FB ID: 227 (0000000000000000)
2025-10-08 21:35:40.814     0-0     [drm:drm_m...ddfb2] [FB kernel                               D  227]
2025-10-08 21:35:40.814     0-0     <no-tag>                kernel                               D  [drm:msm_property_atomic_set [msm_drm]] RETIRE_FENCE_OFFSET - 1
2025-10-08 21:35:40.814     0-0     <no-tag>                kernel                               D  [drm:msm_property_atomic_set [msm_drm]] RETIRE_FENCE - 540435396464
2025-10-08 21:35:40.814     0-0     <no-tag>                kernel                               D  [drm:msm_property_atomic_set [msm_drm]] output_fence - 540435396472
2025-10-08 21:35:40.814     0-0     <no-tag>                kernel                               D  [drm:drm_mode_debug_printmodeline] Modeline "1920x3664x90vid": 90 950019 1920 2030 2054 2142 3664 4912 4914 4928 0x0 0x0
2025-10-08 21:35:40.814     0-0     <no-tag>                kernel                               D  [drm:sde_cp_crtc_check_properties [msm_drm]] no partial update required
2025-10-08 21:35:40.815     0-0     <no-tag>                kernel                               D  [drm:sde_cp_crtc_check_properties [msm_drm]] State dirty list is empty
2025-10-08 21:35:40.815     0-0     [drm:sde_p...m]] FB[56] kernel                               D  iova[0]: fe400000 (0)
2025-10-08 21:35:40.815     0-0     [drm:sde_p...m]] FB[56] kernel                               D  iova[0]: fe400000 (0)
2025-10-08 21:35:40.815     0-0     [drm:msm_a...rm]] start kernel                               D  00000001
2025-10-08 21:35:40.815     0-0     <no-tag>                kernel                               D  [drm:sde_cp_crtc_apply_properties [msm_drm]] no partial update required
2025-10-08 21:35:40.815     0-0     <no-tag>                kernel                               D  [drm:_sde_cp_crtc_commit_feature [msm_drm]] Add feature to active list 195
2025-10-08 21:35:40.815     0-0     <no-tag>                kernel                               D  [drm:_sde_cp_crtc_commit_feature [msm_drm]] Add feature to active list 196
2025-10-08 21:35:40.815     0-0     <no-tag>                kernel                               D  [drm:msm_property_pop_dirty [msm_drm]] property 11 dirty
2025-10-08 21:35:40.816     0-0     <no-tag>                kernel                               D  [drm:msm_property_pop_dirty [msm_drm]] property 10 dirty
2025-10-08 21:35:40.824     0-0     [drm:compl..._drm]] end kernel                               D  00000001
2025-10-08 21:35:40.824     0-0     <no-tag>                kernel                               D  [drm:msm_framebuffer_init [msm_drm]] create framebuffer: dev=0000000000000000, mode_cmd=0000000000000000 (1920x3664@AB24)
2025-10-08 21:35:40.824     0-0     [drm:msm_f...m]] create kernel                               D  FB ID: 228 (0000000000000000)
2025-10-08 21:35:40.824     0-0     [drm:drm_m...ddfb2] [FB kernel                               D  228]
2025-10-08 21:35:40.824     0-0     <no-tag>                kernel                               D  [drm:msm_framebuffer_init [msm_drm]] create framebuffer: dev=0000000000000000, mode_cmd=0000000000000000 (1920x3664@AB24)
2025-10-08 21:35:40.824     0-0     [drm:msm_f...m]] create kernel                               D  FB ID: 231 (0000000000000000)
2025-10-08 21:35:40.824     0-0     [drm:drm_m...ddfb2] [FB kernel                               D  231]
2025-10-08 21:35:40.824     0-0     <no-tag>                kernel                               D  [drm:msm_framebuffer_init [msm_drm]] create framebuffer: dev=0000000000000000, mode_cmd=0000000000000000 (1920x3664@AB24)
2025-10-08 21:35:40.824     0-0     [drm:msm_f...m]] create kernel                               D  FB ID: 232 (0000000000000000)
2025-10-08 21:35:40.824     0-0     [drm:drm_m...ddfb2] [FB kernel                               D  232]
2025-10-08 21:35:40.824     0-0     <no-tag>                kernel                               D  [drm:msm_framebuffer_init [msm_drm]] create framebuffer: dev=0000000000000000, mode_cmd=0000000000000000 (1920x3664@AB24)
2025-10-08 21:35:40.824     0-0     [drm:msm_f...m]] create kernel                               D  FB ID: 233 (0000000000000000)
2025-10-08 21:35:40.824     0-0     [drm:drm_m...ddfb2] [FB kernel                               D  233]
2025-10-08 21:35:40.825     0-0     <no-tag>                kernel                               D  [drm:msm_property_atomic_set [msm_drm]] RETIRE_FENCE_OFFSET - 1
2025-10-08 21:35:40.825     0-0     <no-tag>                kernel                               D  [drm:msm_property_atomic_set [msm_drm]] RETIRE_FENCE - 540435396464
2025-10-08 21:35:40.825     0-0     <no-tag>                kernel                               D  [drm:msm_property_atomic_set [msm_drm]] output_fence - 540435396472
2025-10-08 21:35:40.825     0-0     <no-tag>                kernel                               D  [drm:drm_mode_debug_printmodeline] Modeline "1920x3664x90vid": 90 950019 1920 2030 2054 2142 3664 4912 4914 4928 0x0 0x0
2025-10-08 21:35:40.825     0-0     <no-tag>                kernel                               D  [drm:sde_cp_crtc_check_properties [msm_drm]] no partial update required
2025-10-08 21:35:40.825     0-0     <no-tag>                kernel                               D  [drm:sde_cp_crtc_check_properties [msm_drm]] State dirty list is empty
2025-10-08 21:35:40.825     0-0     [drm:sde_p...]] FB[228] kernel                               D  iova[0]: fe400000 (0)
2025-10-08 21:35:40.825     0-0     [drm:sde_p...]] FB[228] kernel                               D  iova[0]: fe400000 (0)
2025-10-08 21:35:40.825     0-0     [drm:msm_a...rm]] start kernel                               D  00000001
2025-10-08 21:35:40.825     0-0     <no-tag>                kernel                               D  [drm:sde_cp_crtc_apply_properties [msm_drm]] no partial update required
2025-10-08 21:35:40.826     0-0     <no-tag>                kernel                               D  [drm:_sde_cp_crtc_commit_feature [msm_drm]] Add feature to active list 195
2025-10-08 21:35:40.826     0-0     <no-tag>                kernel                               D  [drm:_sde_cp_crtc_commit_feature [msm_drm]] Add feature to active list 196
2025-10-08 21:35:40.826     0-0     <no-tag>                kernel                               D  [drm:msm_property_pop_dirty [msm_drm]] property 11 dirty
2025-10-08 21:35:40.826     0-0     <no-tag>                kernel                               D  [drm:msm_property_pop_dirty [msm_drm]] property 10 dirty
2025-10-08 21:35:40.835     0-0     [drm:compl..._drm]] end kernel                               D  00000001
2025-10-08 21:35:40.870 14321-14321 Background...adExecutor com.oculus.systemux                  E  Refusing to execute task because BackgroundThreadExecutor instance is destroyed: com.oculus.common.presence.PresenceLocationManagerImpl$fetchPresence$1@82e9e42
2025-10-08 21:35:40.901  1161-1788  Tracking                trackingservice                      W  MapDB: Attempt to load with empty list.
2025-10-08 21:35:40.901  1161-1788  Tracking                trackingservice                      W  MapDB: Attempt to load with empty list.
2025-10-08 21:35:40.901  1161-1788  Tracking                trackingservice                      W  MapDB: Attempt to load with empty list.
2025-10-08 21:35:40.901  1161-1788  Tracking                trackingservice                      W  MapDB: Attempt to load with empty list.
2025-10-08 21:35:40.981  1161-1788  Tracking                trackingservice                      W  MapDB: Attempt to load with empty list.
2025-10-08 21:35:40.981  1161-1788  Tracking                trackingservice                      W  MapDB: Attempt to load with empty list.
2025-10-08 21:35:40.981  1161-1788  Tracking                trackingservice                      W  MapDB: Attempt to load with empty list.
2025-10-08 21:35:40.981  1161-1788  Tracking                trackingservice                      W  MapDB: Attempt to load with empty list.
2025-10-08 21:35:41.010  3627-11138 VrApi                   com.oculus.vrshell                   I  FPS=88/90,Prd=33ms,Tear=0,Early=4,Stale=4,Stale2/5/10/max=1/0/0/3,VSnc=1,Lat=-1,Fov=0,CPU4/GPU=3/3,1651/492MHz,OC=3F,TA=0/0/0,SP=N/N/N,Mem=3196MHz,Free=2958MB,PLS=0,Temp=28.0C/0.0C,TW=1.85ms,App=6.29ms,GD=0.61ms,CPU&GPU=15.52ms,LCnt=8(DR90,LM6),GPU%=0.83,CPU%=0.42(W0.53),CFL=11.23/14.29,ICFLp95=13.20,LD=0,SF=1.00,LP=0,DVFS=0,ShrpLCnt=3,ShrpR=0.000,SSLCnt=2/4
2025-10-08 21:35:41.061  1161-1788  Tracking                trackingservice                      W  MapDB: Attempt to load with empty list.
2025-10-08 21:35:41.061  1161-1788  Tracking                trackingservice                      W  MapDB: Attempt to load with empty list.
2025-10-08 21:35:41.061  1161-1788  Tracking                trackingservice                      W  MapDB: Attempt to load with empty list.
2025-10-08 21:35:41.061  1161-1788  Tracking                trackingservice                      W  MapDB: Attempt to load with empty list.
2025-10-08 21:35:41.108  1141-1411  MRSS                    mrsystemservice                      I  MIXEDREALITY: MrFeatureTelemetry: Processing 3 map points for slam-based metrics for timestamp 196370.016373.
2025-10-08 21:35:41.110  1141-1411  MRSS                    mrsystemservice                      I  MIXEDREALITY: MrFeatureTelemetry: Passthrough Slam-based mesh metrics for telemetry completed. 196370.016373
2025-10-08 21:35:41.141  1161-1785  BrokerMeth...UNTIMEIPC] trackingservice                      I  EnsureServiceStarted: SPS userMode is already IPC_USER_CURRENT
2025-10-08 21:35:41.142  1457-3456  RuntimeIpcHelperService system_server                        I  Going to start ComponentInfo{com.facebook.spatial_persistence_service/com.facebook.spatial_persistence_service.AnchorPersistenceService} as foreground, Calling uid: 1000 pid: 1161
2025-10-08 21:35:41.143  4337-4337  AnchorPers...nceService com...k.spatial_persistence_service  D  onStartCommand()
2025-10-08 21:35:41.143  4337-7954  [CT]                    com...k.spatial_persistence_service  I  SP:AP:AnchorPersistenceConfig: PreferencesManager: has_seen_spatial_data_sharing_notice_v2: true
2025-10-08 21:35:41.144  1161-1788  Tracking                trackingservice                      W  MapDB: Attempt to load with empty list.
2025-10-08 21:35:41.144  1161-1788  Tracking                trackingservice                      W  MapDB: Attempt to load with empty list.
2025-10-08 21:35:41.144  1161-1788  Tracking                trackingservice                      W  MapDB: Attempt to load with empty list.
2025-10-08 21:35:41.144  1161-1788  Tracking                trackingservice                      W  MapDB: Attempt to load with empty list.
2025-10-08 21:35:41.144  4337-7954  [CT]                    com...k.spatial_persistence_service  I  SP:AP:AnchorPersistenceConfig: PreferencesManager: spatial_data_sharing_enabled: true
2025-10-08 21:35:41.144  4337-7954  [CT]                    com...k.spatial_persistence_service  I  SP:AP:AnchorPersistenceConfig: getCloudPermissionEnabledVps: userPreference(anchor_persistence_cloud_anchor_service_enabled_vps)=true, cloudPermissionOverride: -1
2025-10-08 21:35:41.146  4337-8058  [CT]                    com...k.spatial_persistence_service  I  SlamAnchorPersistenceRuntimeIpcClient: SlamAnchorPersistenceRuntimeIpcClient: Get Features Query took 0.001786719 s. Query timestamp = 196370035433535
2025-10-08 21:35:41.146  4337-14340 [CT]                    com...k.spatial_persistence_service  W  SP:VpsModule:RequestHandler: Dropping new query due to rate limiting. event uuid: e2548061-9b92-bb8d-8ec4-c585015e5a3b
2025-10-08 21:35:41.147  4337-14340 [CT]                    com...k.spatial_persistence_service  I  SP:VpsModule:RequestHandler: VPS request finished event uuid: e2548061-9b92-bb8d-8ec4-c585015e5a3b
2025-10-08 21:35:41.147  4337-14340 [CT]                    com...k.spatial_persistence_service  E  SP:VpsModule:TelemertyReporter: VPS request failed with vps error code: 40000 event uuid: e2548061-9b92-bb8d-8ec4-c585015e5a3b
2025-10-08 21:35:41.222  1161-1788  Tracking                trackingservice                      W  MapDB: Attempt to load with empty list.
2025-10-08 21:35:41.222  1161-1788  Tracking                trackingservice                      W  MapDB: Attempt to load with empty list.
2025-10-08 21:35:41.222  1161-1788  Tracking                trackingservice                      W  MapDB: Attempt to load with empty list.
2025-10-08 21:35:41.222  1161-1788  Tracking                trackingservice                      W  MapDB: Attempt to load with empty list.
2025-10-08 21:35:41.301  1161-1788  Tracking                trackingservice                      W  MapDB: Attempt to load with empty list.
2025-10-08 21:35:41.301  1161-1788  Tracking                trackingservice                      W  MapDB: Attempt to load with empty list.
2025-10-08 21:35:41.301  1161-1788  Tracking                trackingservice                      W  MapDB: Attempt to load with empty list.
2025-10-08 21:35:41.301  1161-1788  Tracking                trackingservice                      W  MapDB: Attempt to load with empty list.
2025-10-08 21:35:41.352     0-0     healthd                 kernel                               W  battery l=86 v=3990 t=36.0 h=2 st=3 c=-1590493 fc=4512000 cc=6 chg=u
2025-10-08 21:35:41.381  1161-1788  Tracking                trackingservice                      W  MapDB: Attempt to load with empty list.
2025-10-08 21:35:41.381  1161-1788  Tracking                trackingservice                      W  MapDB: Attempt to load with empty list.
2025-10-08 21:35:41.381  1161-1788  Tracking                trackingservice                      W  MapDB: Attempt to load with empty list.
2025-10-08 21:35:41.381  1161-1788  Tracking                trackingservice                      W  MapDB: Attempt to load with empty list.
2025-10-08 21:35:41.423  1859-11061 [CT]                    com.oculus.vrruntimeservice          I  MIXEDREALITY: PassthroughApiManager: GetUpdatedLayerState: (every 2 seconds) PT is: ON numLayers: 1
2025-10-08 21:35:41.459  1161-11662 Tracking                trackingservice                      I  NIMBLE:UnifiedHandBodyTracking:ExposureControl: [Frame   880 camera 0] [HT] has_hand =  NO, irradiance_proxy =  50781.9, intensity =   89.2, exposure =  1.757ms, gain =    1
2025-10-08 21:35:41.459  1161-11662 Tracking                trackingservice                      I  NIMBLE:UnifiedHandBodyEngine: Pipeline Latency P50: 4.04ms; Capture Latency P50: 13.33ms [arrival:12.97ms|engine:0.36ms|process:0.02ms]
2025-10-08 21:35:41.459  1161-11662 Tracking                trackingservice                      I  NIMBLE:UnifiedHandBodyEngine: Pipeline Latency P95: 4.92ms; Capture Latency P95: 13.68ms [arrival:13.08ms|engine:0.71ms|process:0.12ms]
2025-10-08 21:35:41.459  1161-11662 Tracking                trackingservice                      I  NIMBLE:UnifiedHandBodyEngine: Hand Tracking Processed FPS = 25.00 Hz / Camera FPS = 25.00 Hz
2025-10-08 21:35:41.461  1161-1788  Tracking                trackingservice                      W  MapDB: Attempt to load with empty list.
2025-10-08 21:35:41.461  1161-1788  Tracking                trackingservice                      W  MapDB: Attempt to load with empty list.
2025-10-08 21:35:41.461  1161-1788  Tracking                trackingservice                      W  MapDB: Attempt to load with empty list.
2025-10-08 21:35:41.461  1161-1788  Tracking                trackingservice                      W  MapDB: Attempt to load with empty list.
2025-10-08 21:35:41.498   897-11070 VD628x                  ven....hardware.sensors@1.0-flicker  I  Flicker results: freq 100.000000, max 99.807350, dcr 38.360477, pct 0.078793, idx 0.006658, conf 0.584626, snr -11.096173, svm 0.022218, sus 1
2025-10-08 21:35:41.539  1161-11662 Tracking                trackingservice                      I  NIMBLE:UnifiedHandBodyTracking:ExposureControl: [Throttled count=125] FMM: enabled: true; active: false
2025-10-08 21:35:41.542  1161-1788  Tracking                trackingservice                      W  MapDB: Attempt to load with empty list.
2025-10-08 21:35:41.542  1161-1788  Tracking                trackingservice                      W  MapDB: Attempt to load with empty list.
2025-10-08 21:35:41.542  1161-1788  Tracking                trackingservice                      W  MapDB: Attempt to load with empty list.
2025-10-08 21:35:41.542  1161-1788  Tracking                trackingservice                      W  MapDB: Attempt to load with empty list.
2025-10-08 21:35:41.622  1161-1788  Tracking                trackingservice                      W  MapDB: Attempt to load with empty list.
2025-10-08 21:35:41.622  1161-1788  Tracking                trackingservice                      W  MapDB: Attempt to load with empty list.
2025-10-08 21:35:41.622  1161-1788  Tracking                trackingservice                      W  MapDB: Attempt to load with empty list.
2025-10-08 21:35:41.622  1161-1788  Tracking                trackingservice                      W  MapDB: Attempt to load with empty list.
2025-10-08 21:35:41.700  1161-1785  BrokerMeth...UNTIMEIPC] trackingservice                      I  EnsureServiceStarted: SPS userMode is already IPC_USER_CURRENT
